Component: ARM Compiler 5.06 update 6 (build 750) Tool: armlink [4d35ed]

==============================================================================

Section Cross References

    startup_stm32f407xx.o(RESET) refers to startup_stm32f407xx.o(STACK) for __initial_sp
    startup_stm32f407xx.o(RESET) refers to startup_stm32f407xx.o(.text) for Reset_Handler
    startup_stm32f407xx.o(RESET) refers to stm32f4xx_it.o(i.NMI_Handler) for NMI_Handler
    startup_stm32f407xx.o(RESET) refers to stm32f4xx_it.o(i.HardFault_Handler) for HardFault_Handler
    startup_stm32f407xx.o(RESET) refers to stm32f4xx_it.o(i.MemManage_Handler) for MemManage_Handler
    startup_stm32f407xx.o(RESET) refers to stm32f4xx_it.o(i.BusFault_Handler) for BusFault_Handler
    startup_stm32f407xx.o(RESET) refers to stm32f4xx_it.o(i.UsageFault_Handler) for UsageFault_Handler
    startup_stm32f407xx.o(RESET) refers to stm32f4xx_it.o(i.SVC_Handler) for SVC_Handler
    startup_stm32f407xx.o(RESET) refers to stm32f4xx_it.o(i.DebugMon_Handler) for DebugMon_Handler
    startup_stm32f407xx.o(RESET) refers to stm32f4xx_it.o(i.PendSV_Handler) for PendSV_Handler
    startup_stm32f407xx.o(RESET) refers to stm32f4xx_it.o(i.SysTick_Handler) for SysTick_Handler
    startup_stm32f407xx.o(RESET) refers to stm32f4xx_it.o(i.CAN1_RX0_IRQHandler) for CAN1_RX0_IRQHandler
    startup_stm32f407xx.o(RESET) refers to stm32f4xx_it.o(i.TIM1_UP_TIM10_IRQHandler) for TIM1_UP_TIM10_IRQHandler
    startup_stm32f407xx.o(RESET) refers to stm32f4xx_it.o(i.TIM1_CC_IRQHandler) for TIM1_CC_IRQHandler
    startup_stm32f407xx.o(RESET) refers to stm32f4xx_it.o(i.USART1_IRQHandler) for USART1_IRQHandler
    startup_stm32f407xx.o(RESET) refers to stm32f4xx_it.o(i.USART2_IRQHandler) for USART2_IRQHandler
    startup_stm32f407xx.o(RESET) refers to stm32f4xx_it.o(i.USART3_IRQHandler) for USART3_IRQHandler
    startup_stm32f407xx.o(RESET) refers to stm32f4xx_it.o(i.TIM5_IRQHandler) for TIM5_IRQHandler
    startup_stm32f407xx.o(RESET) refers to stm32f4xx_it.o(i.UART4_IRQHandler) for UART4_IRQHandler
    startup_stm32f407xx.o(.text) refers to system_stm32f4xx.o(i.SystemInit) for SystemInit
    startup_stm32f407xx.o(.text) refers to entry.o(.ARM.Collect$$$$00000000) for __main
    control.o(i.AllPID_Init) refers to pid.o(i.PID_Init) for PID_Init
    control.o(i.AllPID_Init) refers to control.o(.bss) for Motor
    control.o(i.Calc_MotorSpeed_pid) refers to pid.o(i.PID_Calc) for PID_Calc
    control.o(i.Calc_MotorSpeed_pid) refers to control.o(.bss) for Motor
    control.o(i.Control_Init) refers to stm32f4xx_hal_uart.o(i.HAL_UART_Receive_IT) for HAL_UART_Receive_IT
    control.o(i.Control_Init) refers to mpu6050.o(i.IMU_Init) for IMU_Init
    control.o(i.Control_Init) refers to stm32f4xx_hal_tim.o(i.HAL_TIM_Encoder_Start) for HAL_TIM_Encoder_Start
    control.o(i.Control_Init) refers to stm32f4xx_hal_tim.o(i.HAL_TIM_IC_Start_IT) for HAL_TIM_IC_Start_IT
    control.o(i.Control_Init) refers to stm32f4xx_hal_tim.o(i.HAL_TIM_Base_Start_IT) for HAL_TIM_Base_Start_IT
    control.o(i.Control_Init) refers to stm32f4xx_hal_tim.o(i.HAL_TIM_PWM_Start) for HAL_TIM_PWM_Start
    control.o(i.Control_Init) refers to control.o(i.Set_MotorSpeed) for Set_MotorSpeed
    control.o(i.Control_Init) refers to control.o(.bss) for BasketballRobot
    control.o(i.Control_Init) refers to usart.o(.data) for aRxBuffer1
    control.o(i.Control_Init) refers to usart.o(.bss) for huart1
    control.o(i.Control_Init) refers to tim.o(.bss) for htim2
    control.o(i.GetInfraredState) refers to control.o(i.GetMotorVelocity_Self) for GetMotorVelocity_Self
    control.o(i.GetMotorVelocity) refers to f2d.o(.text) for __aeabi_f2d
    control.o(i.GetMotorVelocity) refers to sin.o(i.__hardfp_sin) for __hardfp_sin
    control.o(i.GetMotorVelocity) refers to dflti.o(.text) for __aeabi_i2d
    control.o(i.GetMotorVelocity) refers to dmul.o(.text) for __aeabi_dmul
    control.o(i.GetMotorVelocity) refers to cos.o(i.__hardfp_cos) for __hardfp_cos
    control.o(i.GetMotorVelocity) refers to dadd.o(.text) for __aeabi_dadd
    control.o(i.GetMotorVelocity) refers to dfixi.o(.text) for __aeabi_d2iz
    control.o(i.GetMotorVelocity) refers to lcd.o(i.LCD_Show_setspeed) for LCD_Show_setspeed
    control.o(i.GetMotorVelocity) refers to control.o(.bss) for BasketballRobot
    control.o(i.GetMotorVelocity_Self) refers to lcd.o(i.LCD_Show_setspeed) for LCD_Show_setspeed
    control.o(i.GetMotorVelocity_Self) refers to control.o(.bss) for Motor
    control.o(i.RobotGoAvoidance) refers to control.o(i.Set_MotorSpeed) for Set_MotorSpeed
    control.o(i.RobotGoAvoidance) refers to lcd.o(i.LCD_Show_getspeed) for LCD_Show_getspeed
    control.o(i.RobotGoAvoidance) refers to get_info.o(i.GetRadarData) for GetRadarData
    control.o(i.RobotGoAvoidance) refers to control.o(i.GetMotorVelocity_Self) for GetMotorVelocity_Self
    control.o(i.RobotGoAvoidance) refers to delay.o(i.delay_ms) for delay_ms
[...]
    i.Set_MotorSpeed                         0x0800a7dc   Section        0  control.o(i.Set_MotorSpeed)
    i.ShoveMotor                             0x0800a820   Section        0  control.o(i.ShoveMotor)
    i.SysTick_Handler                        0x0800a868   Section        0  stm32f4xx_it.o(i.SysTick_Handler)
    i.SystemClock_Config                     0x0800a870   Section        0  main.o(i.SystemClock_Config)
    i.SystemInit                             0x0800a924   Section        0  system_stm32f4xx.o(i.SystemInit)
    i.TIM1_CC_IRQHandler                     0x0800a988   Section        0  stm32f4xx_it.o(i.TIM1_CC_IRQHandler)
    i.TIM1_UP_TIM10_IRQHandler               0x0800a998   Section        0  stm32f4xx_it.o(i.TIM1_UP_TIM10_IRQHandler)
    i.TIM5_IRQHandler                        0x0800a9a8   Section        0  stm32f4xx_it.o(i.TIM5_IRQHandler)
    i.TIM_Base_SetConfig                     0x0800a9b8   Section        0  stm32f4xx_hal_tim.o(i.TIM_Base_SetConfig)
    i.TIM_CCxChannelCmd                      0x0800aa9c   Section        0  stm32f4xx_hal_tim.o(i.TIM_CCxChannelCmd)
    i.TIM_ETR_SetConfig                      0x0800aab8   Section        0  stm32f4xx_hal_tim.o(i.TIM_ETR_SetConfig)
    TIM_ETR_SetConfig                        0x0800aab9   Thumb Code    24  stm32f4xx_hal_tim.o(i.TIM_ETR_SetConfig)
    i.TIM_ITRx_SetConfig                     0x0800aad0   Section        0  stm32f4xx_hal_tim.o(i.TIM_ITRx_SetConfig)
    TIM_ITRx_SetConfig                       0x0800aad1   Thumb Code    20  stm32f4xx_hal_tim.o(i.TIM_ITRx_SetConfig)
    i.TIM_OC1_SetConfig                      0x0800aae4   Section        0  stm32f4xx_hal_tim.o(i.TIM_OC1_SetConfig)
    TIM_OC1_SetConfig                        0x0800aae5   Thumb Code   102  stm32f4xx_hal_tim.o(i.TIM_OC1_SetConfig)
    i.TIM_OC2_SetConfig                      0x0800ab54   Section        0  stm32f4xx_hal_tim.o(i.TIM_OC2_SetConfig)
    i.TIM_OC3_SetConfig                      0x0800abcc   Section        0  stm32f4xx_hal_tim.o(i.TIM_OC3_SetConfig)
    TIM_OC3_SetConfig                        0x0800abcd   Thumb Code   110  stm32f4xx_hal_tim.o(i.TIM_OC3_SetConfig)
    i.TIM_OC4_SetConfig                      0x0800ac44   Section        0  stm32f4xx_hal_tim.o(i.TIM_OC4_SetConfig)
    TIM_OC4_SetConfig                        0x0800ac45   Thumb Code    88  stm32f4xx_hal_tim.o(i.TIM_OC4_SetConfig)
    i.TIM_TI1_ConfigInputStage               0x0800aca4   Section        0  stm32f4xx_hal_tim.o(i.TIM_TI1_ConfigInputStage)
    TIM_TI1_ConfigInputStage                 0x0800aca5   Thumb Code    42  stm32f4xx_hal_tim.o(i.TIM_TI1_ConfigInputStage)
    i.TIM_TI1_SetConfig                      0x0800acd0   Section        0  stm32f4xx_hal_tim.o(i.TIM_TI1_SetConfig)
    i.TIM_TI2_ConfigInputStage               0x0800ad68   Section        0  stm32f4xx_hal_tim.o(i.TIM_TI2_ConfigInputStage)
    TIM_TI2_ConfigInputStage                 0x0800ad69   Thumb Code    44  stm32f4xx_hal_tim.o(i.TIM_TI2_ConfigInputStage)
    i.TIM_TI2_SetConfig                      0x0800ad94   Section        0  stm32f4xx_hal_tim.o(i.TIM_TI2_SetConfig)
    TIM_TI2_SetConfig                        0x0800ad95   Thumb Code    62  stm32f4xx_hal_tim.o(i.TIM_TI2_SetConfig)
    i.TIM_TI3_SetConfig                      0x0800add2   Section        0  stm32f4xx_hal_tim.o(i.TIM_TI3_SetConfig)
    TIM_TI3_SetConfig                        0x0800add3   Thumb Code    60  stm32f4xx_hal_tim.o(i.TIM_TI3_SetConfig)
    i.TIM_TI4_SetConfig                      0x0800ae0e   Section        0  stm32f4xx_hal_tim.o(i.TIM_TI4_SetConfig)
    TIM_TI4_SetConfig                        0x0800ae0f   Thumb Code    64  stm32f4xx_hal_tim.o(i.TIM_TI4_SetConfig)
    i.UART4_IRQHandler                       0x0800ae50   Section        0  stm32f4xx_it.o(i.UART4_IRQHandler)
    i.UART_DMAAbortOnError                   0x0800ae7c   Section        0  stm32f4xx_hal_uart.o(i.UART_DMAAbortOnError)
    UART_DMAAbortOnError                     0x0800ae7d   Thumb Code    20  stm32f4xx_hal_uart.o(i.UART_DMAAbortOnError)
    i.UART_EndRxTransfer                     0x0800ae90   Section        0  stm32f4xx_hal_uart.o(i.UART_EndRxTransfer)
    UART_EndRxTransfer                       0x0800ae91   Thumb Code    32  stm32f4xx_hal_uart.o(i.UART_EndRxTransfer)
    i.UART_EndTransmit_IT                    0x0800aeb0   Section        0  stm32f4xx_hal_uart.o(i.UART_EndTransmit_IT)
    UART_EndTransmit_IT                      0x0800aeb1   Thumb Code    32  stm32f4xx_hal_uart.o(i.UART_EndTransmit_IT)
    i.UART_Receive_IT                        0x0800aed0   Section        0  stm32f4xx_hal_uart.o(i.UART_Receive_IT)
    UART_Receive_IT                          0x0800aed1   Thumb Code   154  stm32f4xx_hal_uart.o(i.UART_Receive_IT)
    i.UART_SetConfig                         0x0800af6c   Section        0  stm32f4xx_hal_uart.o(i.UART_SetConfig)
    UART_SetConfig                           0x0800af6d   Thumb Code   864  stm32f4xx_hal_uart.o(i.UART_SetConfig)
    i.UART_Transmit_IT                       0x0800b2d4   Section        0  stm32f4xx_hal_uart.o(i.UART_Transmit_IT)
    UART_Transmit_IT                         0x0800b2d5   Thumb Code   104  stm32f4xx_hal_uart.o(i.UART_Transmit_IT)
    i.UART_WaitOnFlagUntilTimeout            0x0800b33c   Section        0  stm32f4xx_hal_uart.o(i.UART_WaitOnFlagUntilTimeout)
    UART_WaitOnFlagUntilTimeout              0x0800b33d   Thumb Code   108  stm32f4xx_hal_uart.o(i.UART_WaitOnFlagUntilTimeout)
    i.USART1_IRQHandler                      0x0800b3a8   Section        0  stm32f4xx_it.o(i.USART1_IRQHandler)
    i.USART2_IRQHandler                      0x0800b3c4   Section        0  stm32f4xx_it.o(i.USART2_IRQHandler)
    i.USART3_IRQHandler                      0x0800b3e0   Section        0  stm32f4xx_it.o(i.USART3_IRQHandler)
    i.Up_ShotBall                            0x0800b3fc   Section        0  control.o(i.Up_ShotBall)
    i.UsageFault_Handler                     0x0800b448   Section        0  stm32f4xx_it.o(i.UsageFault_Handler)
    i.__ARM_fpclassify                       0x0800b44c   Section        0  fpclassify.o(i.__ARM_fpclassify)
    i.__hardfp_cos                           0x0800b480   Section        0  cos.o(i.__hardfp_cos)
    i.__hardfp_fabs                          0x0800b548   Section        0  fabs.o(i.__hardfp_fabs)
    i.__hardfp_sin                           0x0800b560   Section        0  sin.o(i.__hardfp_sin)
    i.__ieee754_rem_pio2                     0x0800b628   Section        0  rred.o(i.__ieee754_rem_pio2)
    i.__kernel_cos                           0x0800ba60   Section        0  cos_i.o(i.__kernel_cos)
    i.__kernel_poly                          0x0800bbd0   Section        0  poly.o(i.__kernel_poly)
    i.__kernel_sin                           0x0800bcc8   Section        0  sin_i.o(i.__kernel_sin)
    i.__mathlib_dbl_infnan                   0x0800bdf8   Section        0  dunder.o(i.__mathlib_dbl_infnan)
    i.__mathlib_dbl_invalid                  0x0800be10   Section        0  dunder.o(i.__mathlib_dbl_invalid)
    i.__mathlib_dbl_underflow                0x0800be30   Section        0  dunder.o(i.__mathlib_dbl_underflow)
    i.__scatterload_copy                     0x0800be50   Section       14  handlers.o(i.__scatterload_copy)
    i.__scatterload_null                     0x0800be5e   Section        2  handlers.o(i.__scatterload_null)
    i.__scatterload_zeroinit                 0x0800be60   Section       14  handlers.o(i.__scatterload_zeroinit)
    i.__set_errno                            0x0800be70   Section        0  errno.o(i.__set_errno)
    i.abs_limit                              0x0800be7c   Section        0  pid.o(i.abs_limit)
    i.adjustAngleVw_PD                       0x0800beac   Section        0  control.o(i.adjustAngleVw_PD)
    adjustAngleVw_PD                         0x0800bead   Thumb Code   278  control.o(i.adjustAngleVw_PD)
    i.adjustVx_PD                            0x0800bfe4   Section        0  control.o(i.adjustVx_PD)
    adjustVx_PD                              0x0800bfe5   Thumb Code   514  control.o(i.adjustVx_PD)
    i.adjustVy_PD                            0x0800c228   Section        0  control.o(i.adjustVy_PD)
    adjustVy_PD                              0x0800c229   Thumb Code   514  control.o(i.adjustVy_PD)
    i.delay_init                             0x0800c46c   Section        0  delay.o(i.delay_init)
    i.delay_ms                               0x0800c4a8   Section        0  delay.o(i.delay_ms)
    i.delay_us                               0x0800c4e0   Section        0  delay.o(i.delay_us)
    i.delay_xms                              0x0800c52c   Section        0  delay.o(i.delay_xms)
    i.fabs                                   0x0800c578   Section        0  fabs.o(i.fabs)
    i.main                                   0x0800c590   Section        0  main.o(i.main)
    i.pid_param_init                         0x0800d16c   Section        0  pid.o(i.pid_param_init)
    pid_param_init                           0x0800d16d   Thumb Code    20  pid.o(i.pid_param_init)
    .constdata                               0x0800d180   Section    18240  lcd.o(.constdata)
    .constdata                               0x080118c0   Section       24  system_stm32f4xx.o(.constdata)
    .constdata                               0x080118d8   Section       48  cos_i.o(.constdata)
    C                                        0x080118d8   Data          48  cos_i.o(.constdata)
    .constdata                               0x08011908   Section      200  rred.o(.constdata)
    pio2s                                    0x08011908   Data          48  rred.o(.constdata)
    twooverpi                                0x08011938   Data         152  rred.o(.constdata)
    .constdata                               0x080119d0   Section       40  sin_i.o(.constdata)
    S                                        0x080119d0   Data          40  sin_i.o(.constdata)
    .data                                    0x20000000   Section       16  control.o(.data)
    .data                                    0x20000010   Section       36  interrupt_callback.o(.data)
    .data                                    0x20000034   Section       32  get_info.o(.data)
    .data                                    0x20000054   Section        4  delay.o(.data)
    fac_us                                   0x20000054   Data           1  delay.o(.data)
    fac_ms                                   0x20000056   Data           2  delay.o(.data)
    .data                                    0x20000058   Section        8  lcd.o(.data)
    .data                                    0x20000060   Section        9  remote.o(.data)
    .data                                    0x20000069   Section        6  main.o(.data)
    key                                      0x2000006e   Data           1  main.o(.data)
    .data                                    0x20000070   Section       20  can.o(.data)
    .data                                    0x20000084   Section        8  fsmc.o(.data)
    FSMC_Initialized                         0x20000084   Data           4  fsmc.o(.data)
    FSMC_DeInitialized                       0x20000088   Data           4  fsmc.o(.data)
    .data                                    0x2000008c   Section       11  usart.o(.data)
    .data                                    0x20000097   Section        1  find_ball.o(.data)
    .data                                    0x20000098   Section        9  stm32f4xx_hal.o(.data)
    .data                                    0x200000a4   Section        4  system_stm32f4xx.o(.data)
    .data                                    0x200000a8   Section        4  errno.o(.data)
    _errno                                   0x200000a8   Data           4  errno.o(.data)
    .bss                                     0x200000b0   Section     1144  control.o(.bss)
    .bss                                     0x20000528   Section       94  lcd.o(.bss)
    .bss                                     0x20000588   Section       92  can.o(.bss)
    .bss                                     0x200005e4   Section       80  fsmc.o(.bss)
    .bss                                     0x20000634   Section      300  tim.o(.bss)
    .bss                                     0x20000760   Section     1088  usart.o(.bss)
    STACK                                    0x20000ba0   Section     1024  startup_stm32f407xx.o(STACK)

    Global Symbols

    Symbol Name                              Value     Ov Type        Size  Object(Section)

    BuildAttributes$$THM_ISAv4$E$P$D$K$B$S$7EM$VFPi3$EXTD16$VFPS$VFMA$PE$A:L22UL41UL21$X:L11$S22US41US21$IEEE1$IW$USESV6$~STKCKD$USESV7$~SHL$OTIME$ROPI$IEEEX$EBA8$MICROLIB$REQ8$PRES8$EABIv2 0x00000000   Number         0  anon$$obj.o ABSOLUTE
    __ARM_use_no_argv                        0x00000000   Number         0  main.o ABSOLUTE
    __cpp_initialize__aeabi_                  - Undefined Weak Reference
    __cxa_finalize                            - Undefined Weak Reference
    __decompress                              - Undefined Weak Reference
    _clock_init                               - Undefined Weak Reference
    _microlib_exit                            - Undefined Weak Reference
    __Vectors_Size                           0x00000188   Number         0  startup_stm32f407xx.o ABSOLUTE
    __Vectors                                0x08000000   Data           4  startup_stm32f407xx.o(RESET)
    __Vectors_End                            0x08000188   Data           0  startup_stm32f407xx.o(RESET)
    __main                                   0x08000189   Thumb Code     0  entry.o(.ARM.Collect$$$$00000000)
    _main_stk                                0x08000189   Thumb Code     0  entry2.o(.ARM.Collect$$$$00000001)
    _main_scatterload                        0x0800018d   Thumb Code     0  entry5.o(.ARM.Collect$$$$00000004)
    __main_after_scatterload                 0x08000191   Thumb Code     0  entry5.o(.ARM.Collect$$$$00000004)
    _main_clock                              0x08000191   Thumb Code     0  entry7b.o(.ARM.Collect$$$$00000008)
    _main_cpp_init                           0x08000191   Thumb Code     0  entry8b.o(.ARM.Collect$$$$0000000A)
    _main_init                               0x08000191   Thumb Code     0  entry9a.o(.ARM.Collect$$$$0000000B)
    __rt_final_cpp                           0x08000199   Thumb Code     0  entry10a.o(.ARM.Collect$$$$0000000D)
    __rt_final_exit                          0x08000199   Thumb Code     0  entry11a.o(.ARM.Collect$$$$0000000F)
    Reset_Handler                            0x0800019d   Thumb Code     8  startup_stm32f407xx.o(.text)
    ADC_IRQHandler                           0x080001b7   Thumb Code     0  startup_stm32f407xx.o(.text)
    CAN1_RX1_IRQHandler                      0x080001b7   Thumb Code     0  startup_stm32f407xx.o(.text)
    CAN1_SCE_IRQHandler                      0x080001b7   Thumb Code     0  startup_stm32f407xx.o(.text)
    CAN1_TX_IRQHandler                       0x080001b7   Thumb Code     0  startup_stm32f407xx.o(.text)
    CAN2_RX0_IRQHandler                      0x080001b7   Thumb Code     0  startup_stm32f407xx.o(.text)
    CAN2_RX1_IRQHandler                      0x080001b7   Thumb Code     0  startup_stm32f407xx.o(.text)
    CAN2_SCE_IRQHandler                      0x080001b7   Thumb Code     0  startup_stm32f407xx.o(.text)
    CAN2_TX_IRQHandler                       0x080001b7   Thumb Code     0  startup_stm32f407xx.o(.text)
    DCMI_IRQHandler                          0x080001b7   Thumb Code     0  startup_stm32f407xx.o(.text)
    DMA1_Stream0_IRQHandler                  0x080001b7   Thumb Code     0  startup_stm32f407xx.o(.text)
    DMA1_Stream1_IRQHandler                  0x080001b7   Thumb Code     0  startup_stm32f407xx.o(.text)
    DMA1_Stream2_IRQHandler                  0x080001b7   Thumb Code     0  startup_stm32f407xx.o(.text)
    DMA1_Stream3_IRQHandler                  0x080001b7   Thumb Code     0  startup_stm32f407xx.o(.text)
    DMA1_Stream4_IRQHandler                  0x080001b7   Thumb Code     0  startup_stm32f407xx.o(.text)
    DMA1_Stream5_IRQHandler                  0x080001b7   Thumb Code     0  startup_stm32f407xx.o(.text)
    DMA1_Stream6_IRQHandler                  0x080001b7   Thumb Code     0  startup_stm32f407xx.o(.text)
    DMA1_Stream7_IRQHandler                  0x080001b7   Thumb Code     0  startup_stm32f407xx.o(.text)
    DMA2_Stream0_IRQHandler                  0x080001b7   Thumb Code     0  startup_stm32f407xx.o(.text)
    DMA2_Stream1_IRQHandler                  0x080001b7   Thumb Code     0  startup_stm32f407xx.o(.text)
    DMA2_Stream2_IRQHandler                  0x080001b7   Thumb Code     0  startup_stm32f407xx.o(.text)
    DMA2_Stream3_IRQHandler                  0x080001b7   Thumb Code     0  startup_stm32f407xx.o(.text)
    DMA2_Stream4_IRQHandler                  0x080001b7   Thumb Code     0  startup_stm32f407xx.o(.text)
    DMA2_Stream5_IRQHandler                  0x080001b7   Thumb Code     0  startup_stm32f407xx.o(.text)
    DMA2_Stream6_IRQHandler                  0x080001b7   Thumb Code     0  startup_stm32f407xx.o(.text)
    DMA2_Stream7_IRQHandler                  0x080001b7   Thumb Code     0  startup_stm32f407xx.o(.text)
    ETH_IRQHandler                           0x080001b7   Thumb Code     0  startup_stm32f407xx.o(.text)
    ETH_WKUP_IRQHandler                      0x080001b7   Thumb Code     0  startup_stm32f407xx.o(.text)
    EXTI0_IRQHandler                         0x080001b7   Thumb Code     0  startup_stm32f407xx.o(.text)
    EXTI15_10_IRQHandler                     0x080001b7   Thumb Code     0  startup_stm32f407xx.o(.text)
    EXTI1_IRQHandler                         0x080001b7   Thumb Code     0  startup_stm32f407xx.o(.text)
    EXTI2_IRQHandler                         0x080001b7   Thumb Code     0  startup_stm32f407xx.o(.text)
    EXTI3_IRQHandler                         0x080001b7   Thumb Code     0  startup_stm32f407xx.o(.text)
    EXTI4_IRQHandler                         0x080001b7   Thumb Code     0  startup_stm32f407xx.o(.text)
    EXTI9_5_IRQHandler                       0x080001b7   Thumb Code     0  startup_stm32f407xx.o(.text)
    FLASH_IRQHandler                         0x080001b7   Thumb Code     0  startup_stm32f407xx.o(.text)
    FMC_IRQHandler                           0x080001b7   Thumb Code     0  startup_stm32f407xx.o(.text)
    FPU_IRQHandler                           0x080001b7   Thumb Code     0  startup_stm32f407xx.o(.text)
    HASH_RNG_IRQHandler                      0x080001b7   Thumb Code     0  startup_stm32f407xx.o(.text)
    I2C1_ER_IRQHandler                       0x080001b7   Thumb Code     0  startup_stm32f407xx.o(.text)
    I2C1_EV_IRQHandler                       0x080001b7   Thumb Code     0  startup_stm32f407xx.o(.text)
    I2C2_ER_IRQHandler                       0x080001b7   Thumb Code     0  startup_stm32f407xx.o(.text)
    I2C2_EV_IRQHandler                       0x080001b7   Thumb Code     0  startup_stm32f407xx.o(.text)
    I2C3_ER_IRQHandler                       0x080001b7   Thumb Code     0  startup_stm32f407xx.o(.text)
    I2C3_EV_IRQHandler                       0x080001b7   Thumb Code     0  startup_stm32f407xx.o(.text)
    OTG_FS_IRQHandler                        0x080001b7   Thumb Code     0  startup_stm32f407xx.o(.text)
    OTG_FS_WKUP_IRQHandler                   0x080001b7   Thumb Code     0  startup_stm32f407xx.o(.text)
    OTG_HS_EP1_IN_IRQHandler                 0x080001b7   Thumb Code     0  startup_stm32f407xx.o(.text)
    OTG_HS_EP1_OUT_IRQHandler                0x080001b7   Thumb Code     0  startup_stm32f407xx.o(.text)
    OTG_HS_IRQHandler                        0x080001b7   Thumb Code     0  startup_stm32f407xx.o(.text)
    OTG_HS_WKUP_IRQHandler                   0x080001b7   Thumb Code     0  startup_stm32f407xx.o(.text)
    PVD_IRQHandler                           0x080001b7   Thumb Code     0  startup_stm32f407xx.o(.text)
    RCC_IRQHandler                           0x080001b7   Thumb Code     0  startup_stm32f407xx.o(.text)
    RTC_Alarm_IRQHandler                     0x080001b7   Thumb Code     0  startup_stm32f407xx.o(.text)
    RTC_WKUP_IRQHandler                      0x080001b7   Thumb Code     0  startup_stm32f407xx.o(.text)
    SDIO_IRQHandler                          0x080001b7   Thumb Code     0  startup_stm32f407xx.o(.text)
    SPI1_IRQHandler                          0x080001b7   Thumb Code     0  startup_stm32f407xx.o(.text)
    SPI2_IRQHandler                          0x080001b7   Thumb Code     0  startup_stm32f407xx.o(.text)
    SPI3_IRQHandler                          0x080001b7   Thumb Code     0  startup_stm32f407xx.o(.text)
    TAMP_STAMP_IRQHandler                    0x080001b7   Thumb Code     0  startup_stm32f407xx.o(.text)
    TIM1_BRK_TIM9_IRQHandler                 0x080001b7   Thumb Code     0  startup_stm32f407xx.o(.text)
    TIM1_TRG_COM_TIM11_IRQHandler            0x080001b7   Thumb Code     0  startup_stm32f407xx.o(.text)
    TIM2_IRQHandler                          0x080001b7   Thumb Code     0  startup_stm32f407xx.o(.text)
    TIM3_IRQHandler                          0x080001b7   Thumb Code     0  startup_stm32f407xx.o(.text)
    TIM4_IRQHandler                          0x080001b7   Thumb Code     0  startup_stm32f407xx.o(.text)
    TIM6_DAC_IRQHandler                      0x080001b7   Thumb Code     0  startup_stm32f407xx.o(.text)
    TIM7_IRQHandler                          0x080001b7   Thumb Code     0  startup_stm32f407xx.o(.text)
    TIM8_BRK_TIM12_IRQHandler                0x080001b7   Thumb Code     0  startup_stm32f407xx.o(.text)
    TIM8_CC_IRQHandler                       0x080001b7   Thumb Code     0  startup_stm32f407xx.o(.text)
    TIM8_TRG_COM_TIM14_IRQHandler            0x080001b7   Thumb Code     0  startup_stm32f407xx.o(.text)
    TIM8_UP_TIM13_IRQHandler                 0x080001b7   Thumb Code     0  startup_stm32f407xx.o(.text)
    UART5_IRQHandler                         0x080001b7   Thumb Code     0  startup_stm32f407xx.o(.text)
    USART6_IRQHandler                        0x080001b7   Thumb Code     0  startup_stm32f407xx.o(.text)
    WWDG_IRQHandler                          0x080001b7   Thumb Code     0  startup_stm32f407xx.o(.text)
    __aeabi_uldivmod                         0x080001c1   Thumb Code    98  uldiv.o(.text)
    __aeabi_memset                           0x08000223   Thumb Code    14  memseta.o(.text)
    __aeabi_memset4                          0x08000223   Thumb Code     0  memseta.o(.text)
    __aeabi_memset8                          0x08000223   Thumb Code     0  memseta.o(.text)
    __aeabi_memclr                           0x08000231   Thumb Code     4  memseta.o(.text)
    __aeabi_memclr4                          0x08000231   Thumb Code     0  memseta.o(.text)
    __aeabi_memclr8                          0x08000231   Thumb Code     0  memseta.o(.text)
    _memset$wrapper                          0x08000235   Thumb Code    18  memseta.o(.text)
    __aeabi_dadd                             0x08000247   Thumb Code   322  dadd.o(.text)
    __aeabi_dsub                             0x08000389   Thumb Code     6  dadd.o(.text)
    __aeabi_drsub                            0x0800038f   Thumb Code     6  dadd.o(.text)
    __aeabi_dmul                             0x08000395   Thumb Code   228  dmul.o(.text)
    __aeabi_ddiv                             0x08000479   Thumb Code   222  ddiv.o(.text)
    __aeabi_i2d                              0x08000557   Thumb Code    34  dflti.o(.text)
    __aeabi_ui2d                             0x08000579   Thumb Code    26  dfltui.o(.text)
    __aeabi_d2iz                             0x08000593   Thumb Code    62  dfixi.o(.text)
    __aeabi_f2d                              0x080005d1   Thumb Code    38  f2d.o(.text)
    __aeabi_cdcmpeq                          0x080005f9   Thumb Code     0  cdcmple.o(.text)
    __aeabi_cdcmple                          0x080005f9   Thumb Code    48  cdcmple.o(.text)
    __aeabi_cdrcmple                         0x08000629   Thumb Code    48  cdrcmple.o(.text)
    __aeabi_d2f                              0x08000659   Thumb Code    56  d2f.o(.text)
    __aeabi_llsl                             0x08000691   Thumb Code    30  llshl.o(.text)
    _ll_shift_l                              0x08000691   Thumb Code     0  llshl.o(.text)
    __aeabi_llsr                             0x080006af   Thumb Code    32  llushr.o(.text)
    _ll_ushift_r                             0x080006af   Thumb Code     0  llushr.o(.text)
    __aeabi_lasr                             0x080006cf   Thumb Code    36  llsshr.o(.text)
    _ll_sshift_r                             0x080006cf   Thumb Code     0  llsshr.o(.text)
    __I$use$fp                               0x080006f3   Thumb Code     0  iusefp.o(.text)
    _float_round                             0x080006f3   Thumb Code    18  fepilogue.o(.text)
    _float_epilogue                          0x08000705   Thumb Code    92  fepilogue.o(.text)
    _double_round                            0x08000761   Thumb Code    30  depilogue.o(.text)
    _double_epilogue                         0x0800077f   Thumb Code   156  depilogue.o(.text)
    __scatterload                            0x0800081d   Thumb Code    28  init.o(.text)
    __scatterload_rt2                        0x0800081d   Thumb Code     0  init.o(.text)
    AllPID_Init                              0x08000841   Thumb Code    60  control.o(i.AllPID_Init)
    BusFault_Handler                         0x0800088d   Thumb Code     4  stm32f4xx_it.o(i.BusFault_Handler)
    CAN1_Init                                0x08000891   Thumb Code    62  can.o(i.CAN1_Init)
    CAN1_RX0_IRQHandler                      0x080008d5   Thumb Code    10  stm32f4xx_it.o(i.CAN1_RX0_IRQHandler)
    CAN_GetMotorData                         0x080008e5   Thumb Code   234  can.o(i.CAN_GetMotorData)
    CAN_SetMotorCurrent                      0x080009d5   Thumb Code    72  can.o(i.CAN_SetMotorCurrent)
    Calc_MotorSpeed_pid                      0x08000a2d   Thumb Code   122  control.o(i.Calc_MotorSpeed_pid)
    Choose_ball                              0x08000aad   Thumb Code   234  find_ball.o(i.Choose_ball)
    Control_Init                             0x08000b99   Thumb Code   214  control.o(i.Control_Init)
    DebugMon_Handler                         0x08000cad   Thumb Code     2  stm32f4xx_it.o(i.DebugMon_Handler)
    Error_Handler                            0x08000caf   Thumb Code     2  main.o(i.Error_Handler)
    FSMC_NORSRAM_Extended_Timing_Init        0x08000cb1   Thumb Code    66  stm32f4xx_ll_fsmc.o(i.FSMC_NORSRAM_Extended_Timing_Init)
    FSMC_NORSRAM_Init                        0x08000cf9   Thumb Code    88  stm32f4xx_ll_fsmc.o(i.FSMC_NORSRAM_Init)
    FSMC_NORSRAM_Timing_Init                 0x08000d55   Thumb Code    68  stm32f4xx_ll_fsmc.o(i.FSMC_NORSRAM_Timing_Init)
    FindBall_VandR                           0x08000d99   Thumb Code  2956  find_ball.o(i.FindBall_VandR)
    FindBall_VandR_sanfenxian                0x08001941   Thumb Code  2950  find_ball.o(i.FindBall_VandR_sanfenxian)
    FindBall_VandR_sanfenxian_VisionFirst    0x080024e1   Thumb Code  2528  find_ball.o(i.FindBall_VandR_sanfenxian_VisionFirst)
    FindBasketball_Blue                      0x08002ed9   Thumb Code    22  find_ball.o(i.FindBasketball_Blue)
    FindBasketball_Double                    0x08002ef9   Thumb Code    22  find_ball.o(i.FindBasketball_Double)
    FindBasketball_Orange                    0x08002f19   Thumb Code    22  find_ball.o(i.FindBasketball_Orange)
    FindBasketball_jindian                   0x08002f39   Thumb Code    22  find_ball.o(i.FindBasketball_jindian)
    FindBasketry                             0x08002f59   Thumb Code  2698  find_ball.o(i.FindBasketry)
    FindVolleyball_Double                    0x08003a01   Thumb Code    22  find_ball.o(i.FindVolleyball_Double)
    FindVolleyball_Red                       0x08003a21   Thumb Code    22  find_ball.o(i.FindVolleyball_Red)
    FindVolleyball_Yellow                    0x08003a41   Thumb Code    22  find_ball.o(i.FindVolleyball_Yellow)
    FindVolleyball_jindian                   0x08003a61   Thumb Code    22  find_ball.o(i.FindVolleyball_jindian)
    GetInfraredState                         0x08003a81   Thumb Code    46  control.o(i.GetInfraredState)
    GetMotorVelocity                         0x08003abd   Thumb Code   468  control.o(i.GetMotorVelocity)
    GetMotorVelocity_Self                    0x08003c99   Thumb Code   146  control.o(i.GetMotorVelocity_Self)
    GetRadarData                             0x08003d31   Thumb Code   222  get_info.o(i.GetRadarData)
    GetVisionData                            0x08003e3d   Thumb Code   194  get_info.o(i.GetVisionData)
    GetYaw                                   0x08003f25   Thumb Code   362  get_info.o(i.GetYaw)
    Get_Position                             0x080040c1   Thumb Code   386  get_info.o(i.Get_Position)
    HAL_CAN_ActivateNotification             0x08004269   Thumb Code    44  stm32f4xx_hal_can.o(i.HAL_CAN_ActivateNotification)
    HAL_CAN_AddTxMessage                     0x08004295   Thumb Code   298  stm32f4xx_hal_can.o(i.HAL_CAN_AddTxMessage)
    HAL_CAN_ConfigFilter                     0x080043c1   Thumb Code   288  stm32f4xx_hal_can.o(i.HAL_CAN_ConfigFilter)
    HAL_CAN_ErrorCallback                    0x080044e5   Thumb Code     2  stm32f4xx_hal_can.o(i.HAL_CAN_ErrorCallback)
    HAL_CAN_GetRxMessage                     0x080044e7   Thumb Code   392  stm32f4xx_hal_can.o(i.HAL_CAN_GetRxMessage)
    HAL_CAN_IRQHandler                       0x0800466f   Thumb Code   590  stm32f4xx_hal_can.o(i.HAL_CAN_IRQHandler)
    HAL_CAN_Init                             0x080048bd   Thumb Code   374  stm32f4xx_hal_can.o(i.HAL_CAN_Init)
    HAL_CAN_MspInit                          0x08004a35   Thumb Code   140  can.o(i.HAL_CAN_MspInit)
    HAL_CAN_RxFifo0FullCallback              0x08004acd   Thumb Code     2  stm32f4xx_hal_can.o(i.HAL_CAN_RxFifo0FullCallback)
    HAL_CAN_RxFifo0MsgPendingCallback        0x08004ad1   Thumb Code    34  interrupt_callback.o(i.HAL_CAN_RxFifo0MsgPendingCallback)
    HAL_CAN_RxFifo1FullCallback              0x08004b01   Thumb Code     2  stm32f4xx_hal_can.o(i.HAL_CAN_RxFifo1FullCallback)
    HAL_CAN_RxFifo1MsgPendingCallback        0x08004b03   Thumb Code     2  stm32f4xx_hal_can.o(i.HAL_CAN_RxFifo1MsgPendingCallback)
    HAL_CAN_SleepCallback                    0x08004b05   Thumb Code     2  stm32f4xx_hal_can.o(i.HAL_CAN_SleepCallback)
    HAL_CAN_Start                            0x08004b07   Thumb Code    96  stm32f4xx_hal_can.o(i.HAL_CAN_Start)
    HAL_CAN_TxMailbox0AbortCallback          0x08004b67   Thumb Code     2  stm32f4xx_hal_can.o(i.HAL_CAN_TxMailbox0AbortCallback)
    HAL_CAN_TxMailbox0CompleteCallback       0x08004b69   Thumb Code     2  stm32f4xx_hal_can.o(i.HAL_CAN_TxMailbox0CompleteCallback)
    HAL_CAN_TxMailbox1AbortCallback          0x08004b6b   Thumb Code     2  stm32f4xx_hal_can.o(i.HAL_CAN_TxMailbox1AbortCallback)
    HAL_CAN_TxMailbox1CompleteCallback       0x08004b6d   Thumb Code     2  stm32f4xx_hal_can.o(i.HAL_CAN_TxMailbox1CompleteCallback)
    HAL_CAN_TxMailbox2AbortCallback          0x08004b6f   Thumb Code     2  stm32f4xx_hal_can.o(i.HAL_CAN_TxMailbox2AbortCallback)
    HAL_CAN_TxMailbox2CompleteCallback       0x08004b71   Thumb Code     2  stm32f4xx_hal_can.o(i.HAL_CAN_TxMailbox2CompleteCallback)
    HAL_CAN_WakeUpFromRxMsgCallback          0x08004b73   Thumb Code     2  stm32f4xx_hal_can.o(i.HAL_CAN_WakeUpFromRxMsgCallback)
    HAL_DMA_Abort_IT                         0x08004b75   Thumb Code    40  stm32f4xx_hal_dma.o(i.HAL_DMA_Abort_IT)
    HAL_GPIO_Init                            0x08004c65   Thumb Code   466  stm32f4xx_hal_gpio.o(i.HAL_GPIO_Init)
    HAL_GPIO_WritePin                        0x08004e65   Thumb Code    12  stm32f4xx_hal_gpio.o(i.HAL_GPIO_WritePin)
    HAL_GetTick                              0x08004e71   Thumb Code     6  stm32f4xx_hal.o(i.HAL_GetTick)
    HAL_IncTick                              0x08004e7d   Thumb Code    16  stm32f4xx_hal.o(i.HAL_IncTick)
    HAL_Init                                 0x08004e95   Thumb Code    54  stm32f4xx_hal.o(i.HAL_Init)
    HAL_InitTick                             0x08004ed1   Thumb Code    64  stm32f4xx_hal.o(i.HAL_InitTick)
    HAL_MspInit                              0x08004f1d   Thumb Code    74  stm32f4xx_hal_msp.o(i.HAL_MspInit)
    HAL_NVIC_EnableIRQ                       0x08004f6d   Thumb Code    26  stm32f4xx_hal_cortex.o(i.HAL_NVIC_EnableIRQ)
    HAL_NVIC_SetPriority                     0x08004f87   Thumb Code   124  stm32f4xx_hal_cortex.o(i.HAL_NVIC_SetPriority)
    HAL_NVIC_SetPriorityGrouping             0x08005005   Thumb Code    32  stm32f4xx_hal_cortex.o(i.HAL_NVIC_SetPriorityGrouping)
    HAL_RCC_ClockConfig                      0x0800502d   Thumb Code   366  stm32f4xx_hal_rcc.o(i.HAL_RCC_ClockConfig)
    HAL_RCC_GetHCLKFreq                      0x080051ad   Thumb Code     6  stm32f4xx_hal_rcc.o(i.HAL_RCC_GetHCLKFreq)
    HAL_RCC_GetPCLK1Freq                     0x080051b9   Thumb Code    22  stm32f4xx_hal_rcc.o(i.HAL_RCC_GetPCLK1Freq)
    HAL_RCC_GetPCLK2Freq                     0x080051d9   Thumb Code    22  stm32f4xx_hal_rcc.o(i.HAL_RCC_GetPCLK2Freq)
    HAL_RCC_GetSysClockFreq                  0x080051f9   Thumb Code   162  stm32f4xx_hal_rcc.o(i.HAL_RCC_GetSysClockFreq)
    HAL_RCC_OscConfig                        0x080052a9   Thumb Code  1086  stm32f4xx_hal_rcc.o(i.HAL_RCC_OscConfig)
    HAL_SRAM_Init                            0x080056f1   Thumb Code    88  stm32f4xx_hal_sram.o(i.HAL_SRAM_Init)
    HAL_SRAM_MspInit                         0x08005749   Thumb Code    10  fsmc.o(i.HAL_SRAM_MspInit)
    HAL_SYSTICK_CLKSourceConfig              0x08005753   Thumb Code    40  stm32f4xx_hal_cortex.o(i.HAL_SYSTICK_CLKSourceConfig)
    HAL_SYSTICK_Config                       0x0800577b   Thumb Code    52  stm32f4xx_hal_cortex.o(i.HAL_SYSTICK_Config)
    HAL_TIMEx_BreakCallback                  0x080057af   Thumb Code     2  stm32f4xx_hal_tim_ex.o(i.HAL_TIMEx_BreakCallback)
    HAL_TIMEx_CommutationCallback            0x080057b1   Thumb Code     2  stm32f4xx_hal_tim_ex.o(i.HAL_TIMEx_CommutationCallback)
    HAL_TIMEx_MasterConfigSynchronization    0x080057b3   Thumb Code    98  stm32f4xx_hal_tim_ex.o(i.HAL_TIMEx_MasterConfigSynchronization)
    HAL_TIM_Base_Init                        0x08005815   Thumb Code    52  stm32f4xx_hal_tim.o(i.HAL_TIM_Base_Init)
    HAL_TIM_Base_MspInit                     0x08005849   Thumb Code   256  tim.o(i.HAL_TIM_Base_MspInit)
    HAL_TIM_Base_Start_IT                    0x0800595d   Thumb Code    30  stm32f4xx_hal_tim.o(i.HAL_TIM_Base_Start_IT)
    HAL_TIM_ConfigClockSource                0x0800597b   Thumb Code   306  stm32f4xx_hal_tim.o(i.HAL_TIM_ConfigClockSource)
    HAL_TIM_Encoder_Init                     0x08005aad   Thumb Code   180  stm32f4xx_hal_tim.o(i.HAL_TIM_Encoder_Init)
    HAL_TIM_Encoder_MspInit                  0x08005b61   Thumb Code   226  tim.o(i.HAL_TIM_Encoder_MspInit)
    HAL_TIM_Encoder_Start                    0x08005c55   Thumb Code    78  stm32f4xx_hal_tim.o(i.HAL_TIM_Encoder_Start)
    HAL_TIM_IC_CaptureCallback               0x08005ca5   Thumb Code   326  interrupt_callback.o(i.HAL_TIM_IC_CaptureCallback)
    HAL_TIM_IC_ConfigChannel                 0x08005e09   Thumb Code   224  stm32f4xx_hal_tim.o(i.HAL_TIM_IC_ConfigChannel)
    HAL_TIM_IC_Init                          0x08005ee9   Thumb Code    52  stm32f4xx_hal_tim.o(i.HAL_TIM_IC_Init)
    HAL_TIM_IC_MspInit                       0x08005f1d   Thumb Code     2  stm32f4xx_hal_tim.o(i.HAL_TIM_IC_MspInit)
    HAL_TIM_IC_Start_IT                      0x08005f1f   Thumb Code   108  stm32f4xx_hal_tim.o(i.HAL_TIM_IC_Start_IT)
    HAL_TIM_IRQHandler                       0x08005f8b   Thumb Code   406  stm32f4xx_hal_tim.o(i.HAL_TIM_IRQHandler)
    HAL_TIM_MspPostInit                      0x08006121   Thumb Code    86  tim.o(i.HAL_TIM_MspPostInit)
    HAL_TIM_OC_DelayElapsedCallback          0x08006185   Thumb Code     2  stm32f4xx_hal_tim.o(i.HAL_TIM_OC_DelayElapsedCallback)
    HAL_TIM_PWM_ConfigChannel                0x08006187   Thumb Code   264  stm32f4xx_hal_tim.o(i.HAL_TIM_PWM_ConfigChannel)
    HAL_TIM_PWM_Init                         0x0800628f   Thumb Code    52  stm32f4xx_hal_tim.o(i.HAL_TIM_PWM_Init)
    HAL_TIM_PWM_MspInit                      0x080062c3   Thumb Code     2  stm32f4xx_hal_tim.o(i.HAL_TIM_PWM_MspInit)
    HAL_TIM_PWM_PulseFinishedCallback        0x080062c5   Thumb Code     2  stm32f4xx_hal_tim.o(i.HAL_TIM_PWM_PulseFinishedCallback)
    HAL_TIM_PWM_Start                        0x080062c9   Thumb Code    68  stm32f4xx_hal_tim.o(i.HAL_TIM_PWM_Start)
    HAL_TIM_PeriodElapsedCallback            0x08006315   Thumb Code   250  interrupt_callback.o(i.HAL_TIM_PeriodElapsedCallback)
    HAL_TIM_ReadCapturedValue                0x08006429   Thumb Code    84  stm32f4xx_hal_tim.o(i.HAL_TIM_ReadCapturedValue)
    HAL_TIM_TriggerCallback                  0x0800647d   Thumb Code     2  stm32f4xx_hal_tim.o(i.HAL_TIM_TriggerCallback)
    HAL_UART_ErrorCallback                   0x08006481   Thumb Code   208  interrupt_callback.o(i.HAL_UART_ErrorCallback)
    HAL_UART_IRQHandler                      0x08006569   Thumb Code   326  stm32f4xx_hal_uart.o(i.HAL_UART_IRQHandler)
    HAL_UART_Init                            0x080066b5   Thumb Code   114  stm32f4xx_hal_uart.o(i.HAL_UART_Init)
    HAL_UART_MspInit                         0x08006729   Thumb Code   514  usart.o(i.HAL_UART_MspInit)
    HAL_UART_Receive_IT                      0x0800694d   Thumb Code    78  stm32f4xx_hal_uart.o(i.HAL_UART_Receive_IT)
    HAL_UART_RxCpltCallback                  0x0800699d   Thumb Code   868  interrupt_callback.o(i.HAL_UART_RxCpltCallback)
    HAL_UART_Transmit                        0x08006d51   Thumb Code   192  stm32f4xx_hal_uart.o(i.HAL_UART_Transmit)
    HAL_UART_TxCpltCallback                  0x08006e11   Thumb Code     2  stm32f4xx_hal_uart.o(i.HAL_UART_TxCpltCallback)
    HardFault_Handler                        0x08006e13   Thumb Code     4  stm32f4xx_it.o(i.HardFault_Handler)
    IMU_Init                                 0x08006e19   Thumb Code    54  mpu6050.o(i.IMU_Init)
    LCD_Clear                                0x08006e65   Thumb Code    42  lcd.o(i.LCD_Clear)
    LCD_Display_Dir                          0x08006e99   Thumb Code   346  lcd.o(i.LCD_Display_Dir)
    LCD_Fast_DrawPoint                       0x08006ff9   Thumb Code   260  lcd.o(i.LCD_Fast_DrawPoint)
    LCD_Init                                 0x08007105   Thumb Code  3992  lcd.o(i.LCD_Init)
    LCD_Pow                                  0x080080a1   Thumb Code    22  lcd.o(i.LCD_Pow)
    LCD_RD_DATA                              0x080080b9   Thumb Code    20  lcd.o(i.LCD_RD_DATA)
    LCD_Scan_Dir                             0x080080d1   Thumb Code   624  lcd.o(i.LCD_Scan_Dir)
    LCD_SetCursor                            0x08008345   Thumb Code   306  lcd.o(i.LCD_SetCursor)
    LCD_ShowChar                             0x0800847d   Thumb Code   288  lcd.o(i.LCD_ShowChar)
    LCD_ShowNum                              0x080085b9   Thumb Code   148  lcd.o(i.LCD_ShowNum)
    LCD_ShowString                           0x0800864d   Thumb Code   102  lcd.o(i.LCD_ShowString)
    LCD_Show_Obo                             0x080086b5   Thumb Code   202  lcd.o(i.LCD_Show_Obo)
    LCD_Show_Title                           0x08008785   Thumb Code   432  lcd.o(i.LCD_Show_Title)
    LCD_Show_V                               0x080089c9   Thumb Code   512  lcd.o(i.LCD_Show_V)
    LCD_Show_getspeed                        0x08008bd1   Thumb Code   374  lcd.o(i.LCD_Show_getspeed)
    LCD_Show_position                        0x08008d4d   Thumb Code   512  lcd.o(i.LCD_Show_position)
    LCD_Show_setspeed                        0x08008f55   Thumb Code   336  lcd.o(i.LCD_Show_setspeed)
    LCD_ShowxNum                             0x080090a9   Thumb Code   190  lcd.o(i.LCD_ShowxNum)
    LCD_WR_DATA                              0x08009169   Thumb Code    18  lcd.o(i.LCD_WR_DATA)
    LCD_WR_REG                               0x08009181   Thumb Code    18  lcd.o(i.LCD_WR_REG)
    LCD_WriteRAM_Prepare                     0x08009199   Thumb Code    10  lcd.o(i.LCD_WriteRAM_Prepare)
    LCD_WriteReg                             0x080091ad   Thumb Code    14  lcd.o(i.LCD_WriteReg)
    MX_CAN1_Init                             0x080091c1   Thumb Code    64  can.o(i.MX_CAN1_Init)
    MX_FSMC_Init                             0x08009209   Thumb Code   140  fsmc.o(i.MX_FSMC_Init)
    MX_GPIO_Init                             0x0800929d   Thumb Code   418  gpio.o(i.MX_GPIO_Init)
    MX_TIM1_Init                             0x0800945d   Thumb Code   152  tim.o(i.MX_TIM1_Init)
    MX_TIM2_Init                             0x080094fd   Thumb Code   120  tim.o(i.MX_TIM2_Init)
    MX_TIM4_Init                             0x08009579   Thumb Code   118  tim.o(i.MX_TIM4_Init)
    MX_TIM5_Init                             0x080095f9   Thumb Code    98  tim.o(i.MX_TIM5_Init)
    MX_TIM9_Init                             0x08009665   Thumb Code   144  tim.o(i.MX_TIM9_Init)
    MX_UART4_Init                            0x080096fd   Thumb Code    46  usart.o(i.MX_UART4_Init)
    MX_USART1_UART_Init                      0x08009735   Thumb Code    46  usart.o(i.MX_USART1_UART_Init)
    MX_USART2_UART_Init                      0x0800976d   Thumb Code    46  usart.o(i.MX_USART2_UART_Init)
    MX_USART3_UART_Init                      0x080097a5   Thumb Code    46  usart.o(i.MX_USART3_UART_Init)
    MemManage_Handler                        0x080097dd   Thumb Code     4  stm32f4xx_it.o(i.MemManage_Handler)
    NMI_Handler                              0x080097e1   Thumb Code     2  stm32f4xx_it.o(i.NMI_Handler)
    PID_Calc                                 0x0800981d   Thumb Code   528  pid.o(i.PID_Calc)
    PID_Init                                 0x08009a31   Thumb Code    66  pid.o(i.PID_Init)
    PendSV_Handler                           0x08009a79   Thumb Code     2  stm32f4xx_it.o(i.PendSV_Handler)
    ReadEncoder                              0x08009a7d   Thumb Code    38  get_info.o(i.ReadEncoder)
    Remote_Control                           0x08009aad   Thumb Code  1190  remote.o(i.Remote_Control)
    Remote_Scan                              0x08009f55   Thumb Code   110  remote.o(i.Remote_Scan)
    RobotGoAvoidance                         0x08009fd1   Thumb Code  1282  control.o(i.RobotGoAvoidance)
    RobotGoTo                                0x0800a4e1   Thumb Code   392  control.o(i.RobotGoTo)
    RobotRotate                              0x0800a67d   Thumb Code   198  control.o(i.RobotRotate)
    Robot_ArmDown                            0x0800a751   Thumb Code    64  control.o(i.Robot_ArmDown)
    Robot_ArmUp                              0x0800a795   Thumb Code    64  control.o(i.Robot_ArmUp)
    SVC_Handler                              0x0800a7d9   Thumb Code     2  stm32f4xx_it.o(i.SVC_Handler)
    Set_MotorSpeed                           0x0800a7dd   Thumb Code    64  control.o(i.Set_MotorSpeed)
    ShoveMotor                               0x0800a821   Thumb Code    66  control.o(i.ShoveMotor)
    SysTick_Handler                          0x0800a869   Thumb Code     8  stm32f4xx_it.o(i.SysTick_Handler)
    SystemClock_Config                       0x0800a871   Thumb Code   172  main.o(i.SystemClock_Config)
    SystemInit                               0x0800a925   Thumb Code    82  system_stm32f4xx.o(i.SystemInit)
    TIM1_CC_IRQHandler                       0x0800a989   Thumb Code    10  stm32f4xx_it.o(i.TIM1_CC_IRQHandler)
    TIM1_UP_TIM10_IRQHandler                 0x0800a999   Thumb Code    10  stm32f4xx_it.o(i.TIM1_UP_TIM10_IRQHandler)
    TIM5_IRQHandler                          0x0800a9a9   Thumb Code    10  stm32f4xx_it.o(i.TIM5_IRQHandler)
    TIM_Base_SetConfig                       0x0800a9b9   Thumb Code   184  stm32f4xx_hal_tim.o(i.TIM_Base_SetConfig)
    TIM_CCxChannelCmd                        0x0800aa9d   Thumb Code    28  stm32f4xx_hal_tim.o(i.TIM_CCxChannelCmd)
    TIM_OC2_SetConfig                        0x0800ab55   Thumb Code   112  stm32f4xx_hal_tim.o(i.TIM_OC2_SetConfig)
    TIM_TI1_SetConfig                        0x0800acd1   Thumb Code   122  stm32f4xx_hal_tim.o(i.TIM_TI1_SetConfig)
    UART4_IRQHandler                         0x0800ae51   Thumb Code    36  stm32f4xx_it.o(i.UART4_IRQHandler)
    USART1_IRQHandler                        0x0800b3a9   Thumb Code    20  stm32f4xx_it.o(i.USART1_IRQHandler)
    USART2_IRQHandler                        0x0800b3c5   Thumb Code    20  stm32f4xx_it.o(i.USART2_IRQHandler)
    USART3_IRQHandler                        0x0800b3e1   Thumb Code    20  stm32f4xx_it.o(i.USART3_IRQHandler)
    Up_ShotBall                              0x0800b3fd   Thumb Code    64  control.o(i.Up_ShotBall)
    UsageFault_Handler                       0x0800b449   Thumb Code     4  stm32f4xx_it.o(i.UsageFault_Handler)
    __ARM_fpclassify                         0x0800b44d   Thumb Code    48  fpclassify.o(i.__ARM_fpclassify)
    __hardfp_cos                             0x0800b481   Thumb Code   180  cos.o(i.__hardfp_cos)
    __hardfp_fabs                            0x0800b549   Thumb Code    20  fabs.o(i.__hardfp_fabs)
    __hardfp_sin                             0x0800b561   Thumb Code   180  sin.o(i.__hardfp_sin)
    __ieee754_rem_pio2                       0x0800b629   Thumb Code   938  rred.o(i.__ieee754_rem_pio2)
    __kernel_cos                             0x0800ba61   Thumb Code   322  cos_i.o(i.__kernel_cos)
    __kernel_poly                            0x0800bbd1   Thumb Code   248  poly.o(i.__kernel_poly)
    __kernel_sin                             0x0800bcc9   Thumb Code   280  sin_i.o(i.__kernel_sin)
    __mathlib_dbl_infnan                     0x0800bdf9   Thumb Code    20  dunder.o(i.__mathlib_dbl_infnan)
    __mathlib_dbl_invalid                    0x0800be11   Thumb Code    24  dunder.o(i.__mathlib_dbl_invalid)
    __mathlib_dbl_underflow                  0x0800be31   Thumb Code    24  dunder.o(i.__mathlib_dbl_underflow)
    __scatterload_copy                       0x0800be51   Thumb Code    14  handlers.o(i.__scatterload_copy)
    __scatterload_null                       0x0800be5f   Thumb Code     2  handlers.o(i.__scatterload_null)
    __scatterload_zeroinit                   0x0800be61   Thumb Code    14  handlers.o(i.__scatterload_zeroinit)
    __set_errno                              0x0800be71   Thumb Code     6  errno.o(i.__set_errno)
    abs_limit                                0x0800be7d   Thumb Code    46  pid.o(i.abs_limit)
    delay_init                               0x0800c46d   Thumb Code    50  delay.o(i.delay_init)
    delay_ms                                 0x0800c4a9   Thumb Code    56  delay.o(i.delay_ms)
    delay_us                                 0x0800c4e1   Thumb Code    72  delay.o(i.delay_us)
    delay_xms                                0x0800c52d   Thumb Code    72  delay.o(i.delay_xms)
    fabs                                     0x0800c579   Thumb Code    24  fabs.o(i.fabs)
    main                                     0x0800c591   Thumb Code  2984  main.o(i.main)
    asc2_1206                                0x0800d180   Data        1140  lcd.o(.constdata)
    asc2_1608                                0x0800d5f4   Data        1520  lcd.o(.constdata)
    asc2_2412                                0x0800dbe4   Data        3420  lcd.o(.constdata)
    asc2_3216                                0x0800e940   Data       12160  lcd.o(.constdata)
    AHBPrescTable                            0x080118c0   Data          16  system_stm32f4xx.o(.constdata)
    APBPrescTable                            0x080118d0   Data           8  system_stm32f4xx.o(.constdata)
    Region$$Table$$Base                      0x080119f8   Number         0  anon$$obj.o(Region$$Table)
    Region$$Table$$Limit                     0x08011a18   Number         0  anon$$obj.o(Region$$Table)
    Lost_IMUtime                             0x20000000   Data           2  control.o(.data)
    BASKETRY_MID                             0x20000004   Data           4  control.o(.data)
    DIS_RADAR                                0x20000008   Data           4  control.o(.data)
    pidAdjust                                0x2000000c   Data           4  control.o(.data)
    times                                    0x20000010   Data           2  interrupt_callback.o(.data)
    aaaaa                                    0x20000014   Data           4  interrupt_callback.o(.data)
    bbbbb                                    0x20000018   Data           4  interrupt_callback.o(.data)
    a1                                       0x2000001c   Data           4  interrupt_callback.o(.data)
    a2                                       0x20000020   Data           4  interrupt_callback.o(.data)
    a3                                       0x20000024   Data           4  interrupt_callback.o(.data)
    a4                                       0x20000028   Data           4  interrupt_callback.o(.data)
    a5                                       0x2000002c   Data           4  interrupt_callback.o(.data)
    charBuf                                  0x20000030   Data           4  interrupt_callback.o(.data)
    sum33                                    0x20000034   Data           4  get_info.o(.data)
    a                                        0x20000038   Data           4  get_info.o(.data)
    d                                        0x2000003c   Data           4  get_info.o(.data)
    sum11                                    0x20000040   Data           4  get_info.o(.data)
    sum22                                    0x20000044   Data           4  get_info.o(.data)
    asd                                      0x20000048   Data           4  get_info.o(.data)
    sum44                                    0x2000004c   Data           4  get_info.o(.data)
    abc                                      0x20000050   Data           4  get_info.o(.data)
    POINT_COLOR                              0x20000058   Data           4  lcd.o(.data)
    BACK_COLOR                               0x2000005c   Data           4  lcd.o(.data)
    RmtSta                                   0x20000060   Data           1  remote.o(.data)
    Dval                                     0x20000062   Data           2  remote.o(.data)
    RmtRec                                   0x20000064   Data           4  remote.o(.data)
    RmtCnt                                   0x20000068   Data           1  remote.o(.data)
    zhongquan_case                           0x20000069   Data           1  main.o(.data)
    sanfen_case                              0x2000006a   Data           1  main.o(.data)
    changdi                                  0x2000006b   Data           1  main.o(.data)
    chengxu                                  0x2000006c   Data           1  main.o(.data)
    qiu                                      0x2000006d   Data           1  main.o(.data)
    txData                                   0x20000070   Data           8  can.o(.data)
    canRxDataBuf                             0x20000078   Data           8  can.o(.data)
    pTxMailbox                               0x20000080   Data           4  can.o(.data)
    USART1_RX_STA                            0x2000008c   Data           2  usart.o(.data)
    USART2_RX_STA                            0x2000008e   Data           2  usart.o(.data)
    USART3_RX_STA                            0x20000090   Data           2  usart.o(.data)
    receive                                  0x20000092   Data           1  usart.o(.data)
    receive2                                 0x20000093   Data           1  usart.o(.data)
    receive3                                 0x20000094   Data           1  usart.o(.data)
    aRxBuffer1                               0x20000095   Data           1  usart.o(.data)
    aRxBuffer3                               0x20000096   Data           1  usart.o(.data)
    ball                                     0x20000097   Data           1  find_ball.o(.data)
    uwTick                                   0x20000098   Data           4  stm32f4xx_hal.o(.data)
    uwTickPrio                               0x2000009c   Data           4  stm32f4xx_hal.o(.data)
    uwTickFreq                               0x200000a0   Data           1  stm32f4xx_hal.o(.data)
    SystemCoreClock                          0x200000a4   Data           4  system_stm32f4xx.o(.data)
    rxPID                                    0x200000b0   Data          28  control.o(.bss)
    output                                   0x200000cc   Data          24  control.o(.bss)
    Radar                                    0x200000e4   Data          36  control.o(.bss)
    Vision                                   0x20000108   Data          56  control.o(.bss)
    Motor                                    0x20000140   Data         928  control.o(.bss)
    BasketballRobot                          0x200004e0   Data          72  control.o(.bss)
    TFTSRAM_Handler                          0x20000528   Data          80  lcd.o(.bss)
    lcddev                                   0x20000578   Data          14  lcd.o(.bss)
    Tx1Message                               0x20000588   Data          24  can.o(.bss)
    Rx1Message                               0x200005a0   Data          28  can.o(.bss)
    hcan1                                    0x200005bc   Data          40  can.o(.bss)
    hsram1                                   0x200005e4   Data          80  fsmc.o(.bss)
    htim1                                    0x20000634   Data          60  tim.o(.bss)
    htim2                                    0x20000670   Data          60  tim.o(.bss)
    htim4                                    0x200006ac   Data          60  tim.o(.bss)
    htim5                                    0x200006e8   Data          60  tim.o(.bss)
    htim9                                    0x20000724   Data          60  tim.o(.bss)
    USART_RX_BUF                             0x20000760   Data         200  usart.o(.bss)
    USART1_RX_BUF                            0x20000828   Data         200  usart.o(.bss)
    USART2_RX_BUF                            0x200008f0   Data         200  usart.o(.bss)
    USART3_RX_BUF                            0x200009b8   Data         200  usart.o(.bss)
    aRxBuffer2                               0x20000a80   Data          30  usart.o(.bss)
    huart4                                   0x20000aa0   Data          64  usart.o(.bss)
    huart1                                   0x20000ae0   Data          64  usart.o(.bss)
    huart2                                   0x20000b20   Data          64  usart.o(.bss)
    huart3                                   0x20000b60   Data          64  usart.o(.bss)
    __initial_sp                             0x20000fa0   Data           0  startup_stm32f407xx.o(STACK)



==============================================================================

Memory Map of the image

  Image Entry point : 0x08000189

  Load Region LR_IROM1 (Base: 0x08000000, Size: 0x00011ac4, Max: 0x00100000, ABSOLUTE)

    Execution Region ER_IROM1 (Exec base: 0x08000000, Load base: 0x08000000, Size: 0x00011a18, Max: 0x00100000, ABSOLUTE)

    Exec Addr    Load Addr    Size         Type   Attr      Idx    E Section Name        Object

    0x08000000   0x08000000   0x00000188   Data   RO            3    RESET               startup_stm32f407xx.o
    0x08000188   0x08000188   0x00000000   Code   RO         4361  * .ARM.Collect$$$$00000000  mc_w.l(entry.o)
    0x08000188   0x08000188   0x00000004   Code   RO         4435    .ARM.Collect$$$$00000001  mc_w.l(entry2.o)
    0x0800018c   0x0800018c   0x00000004   Code   RO         4438    .ARM.Collect$$$$00000004  mc_w.l(entry5.o)
    0x08000190   0x08000190   0x00000000   Code   RO         4440    .ARM.Collect$$$$00000008  mc_w.l(entry7b.o)
    0x08000190   0x08000190   0x00000000   Code   RO         4442    .ARM.Collect$$$$0000000A  mc_w.l(entry8b.o)
    0x08000190   0x08000190   0x00000008   Code   RO         4443    .ARM.Collect$$$$0000000B  mc_w.l(entry9a.o)
    0x08000198   0x08000198   0x00000000   Code   RO         4445    .ARM.Collect$$$$0000000D  mc_w.l(entry10a.o)
    0x08000198   0x08000198   0x00000000   Code   RO         4447    .ARM.Collect$$$$0000000F  mc_w.l(entry11a.o)
    0x08000198   0x08000198   0x00000004   Code   RO         4436    .ARM.Collect$$$$00002712  mc_w.l(entry2.o)
    0x0800019c   0x0800019c   0x00000024   Code   RO            4    .text               startup_stm32f407xx.o
    0x080001c0   0x080001c0   0x00000062   Code   RO         4364    .text               mc_w.l(uldiv.o)
    0x08000222   0x08000222   0x00000024   Code   RO         4366    .text               mc_w.l(memseta.o)
    0x08000246   0x08000246   0x0000014e   Code   RO         4368    .text               mf_w.l(dadd.o)
    0x08000394   0x08000394   0x000000e4   Code   RO         4370    .text               mf_w.l(dmul.o)
    0x08000478   0x08000478   0x000000de   Code   RO         4372    .text               mf_w.l(ddiv.o)
    0x08000556   0x08000556   0x00000022   Code   RO         4376    .text               mf_w.l(dflti.o)
    0x08000578   0x08000578   0x0000001a   Code   RO         4378    .text               mf_w.l(dfltui.o)
    0x08000592   0x08000592   0x0000003e   Code   RO         4380    .text               mf_w.l(dfixi.o)
    0x080005d0   0x080005d0   0x00000026   Code   RO         4384    .text               mf_w.l(f2d.o)
    0x080005f6   0x080005f6   0x00000002   PAD
    0x080005f8   0x080005f8   0x00000030   Code   RO         4386    .text               mf_w.l(cdcmple.o)
    0x08000628   0x08000628   0x00000030   Code   RO         4388    .text               mf_w.l(cdrcmple.o)
    0x08000658   0x08000658   0x00000038   Code   RO         4390    .text               mf_w.l(d2f.o)
    0x08000690   0x08000690   0x0000001e   Code   RO         4449    .text               mc_w.l(llshl.o)
    0x080006ae   0x080006ae   0x00000020   Code   RO         4451    .text               mc_w.l(llushr.o)
    0x080006ce   0x080006ce   0x00000024   Code   RO         4453    .text               mc_w.l(llsshr.o)
    0x080006f2   0x080006f2   0x00000000   Code   RO         4462    .text               mc_w.l(iusefp.o)
    0x080006f2   0x080006f2   0x0000006e   Code   RO         4463    .text               mf_w.l(fepilogue.o)
    0x08000760   0x08000760   0x000000ba   Code   RO         4465    .text               mf_w.l(depilogue.o)
    0x0800081a   0x0800081a   0x00000002   PAD
    0x0800081c   0x0800081c   0x00000024   Code   RO         4471    .text               mc_w.l(init.o)
    0x08000840   0x08000840   0x0000004c   Code   RO           13    i.AllPID_Init       control.o
    0x0800088c   0x0800088c   0x00000004   Code   RO         1210    i.BusFault_Handler  stm32f4xx_it.o
    0x08000890   0x08000890   0x00000044   Code   RO          920    i.CAN1_Init         can.o
    0x080008d4   0x080008d4   0x00000010   Code   RO         1211    i.CAN1_RX0_IRQHandler  stm32f4xx_it.o
    0x080008e4   0x080008e4   0x000000f0   Code   RO          921    i.CAN_GetMotorData  can.o
    0x080009d4   0x080009d4   0x00000058   Code   RO          922    i.CAN_SetMotorCurrent  can.o
    0x08000a2c   0x08000a2c   0x00000080   Code   RO           15    i.Calc_MotorSpeed_pid  control.o
    0x08000aac   0x08000aac   0x000000ea   Code   RO         1358    i.Choose_ball       find_ball.o
    0x08000b96   0x08000b96   0x00000002   PAD
    0x08000b98   0x08000b98   0x00000114   Code   RO           16    i.Control_Init      control.o
    0x08000cac   0x08000cac   0x00000002   Code   RO         1212    i.DebugMon_Handler  stm32f4xx_it.o
    0x08000cae   0x08000cae   0x00000002   Code   RO          851    i.Error_Handler     main.o
    0x08000cb0   0x08000cb0   0x00000048   Code   RO         1741    i.FSMC_NORSRAM_Extended_Timing_Init  stm32f4xx_ll_fsmc.o
    0x08000cf8   0x08000cf8   0x0000005c   Code   RO         1742    i.FSMC_NORSRAM_Init  stm32f4xx_ll_fsmc.o
    0x08000d54   0x08000d54   0x00000044   Code   RO         1743    i.FSMC_NORSRAM_Timing_Init  stm32f4xx_ll_fsmc.o
    0x08000d98   0x08000d98   0x00000ba8   Code   RO         1359    i.FindBall_VandR    find_ball.o
    0x08001940   0x08001940   0x00000ba0   Code   RO         1363    i.FindBall_VandR_sanfenxian  find_ball.o
    0x080024e0   0x080024e0   0x000009f8   Code   RO         1364    i.FindBall_VandR_sanfenxian_VisionFirst  find_ball.o
    0x08002ed8   0x08002ed8   0x00000020   Code   RO         1367    i.FindBasketball_Blue  find_ball.o
    0x08002ef8   0x08002ef8   0x00000020   Code   RO         1368    i.FindBasketball_Double  find_ball.o
    0x08002f18   0x08002f18   0x00000020   Code   RO         1369    i.FindBasketball_Orange  find_ball.o
    0x08002f38   0x08002f38   0x00000020   Code   RO         1370    i.FindBasketball_jindian  find_ball.o
    0x08002f58   0x08002f58   0x00000aa8   Code   RO         1371    i.FindBasketry      find_ball.o
    0x08003a00   0x08003a00   0x00000020   Code   RO         1373    i.FindVolleyball_Double  find_ball.o
    0x08003a20   0x08003a20   0x00000020   Code   RO         1374    i.FindVolleyball_Red  find_ball.o
    0x08003a40   0x08003a40   0x00000020   Code   RO         1375    i.FindVolleyball_Yellow  find_ball.o
    0x08003a60   0x08003a60   0x00000020   Code   RO         1376    i.FindVolleyball_jindian  find_ball.o
    0x08003a80   0x08003a80   0x0000003c   Code   RO           17    i.GetInfraredState  control.o
    0x08003abc   0x08003abc   0x000001dc   Code   RO           18    i.GetMotorVelocity  control.o
    0x08003c98   0x08003c98   0x00000098   Code   RO           19    i.GetMotorVelocity_Self  control.o
    0x08003d30   0x08003d30   0x0000010c   Code   RO          418    i.GetRadarData      get_info.o
    0x08003e3c   0x08003e3c   0x000000e8   Code   RO          419    i.GetVisionData     get_info.o
    0x08003f24   0x08003f24   0x0000019c   Code   RO          420    i.GetYaw            get_info.o
    0x080040c0   0x080040c0   0x000001a8   Code   RO          421    i.Get_Position      get_info.o
    0x08004268   0x08004268   0x0000002c   Code   RO         1500    i.HAL_CAN_ActivateNotification  stm32f4xx_hal_can.o
    0x08004294   0x08004294   0x0000012a   Code   RO         1501    i.HAL_CAN_AddTxMessage  stm32f4xx_hal_can.o
    0x080043be   0x080043be   0x00000002   PAD
    0x080043c0   0x080043c0   0x00000124   Code   RO         1502    i.HAL_CAN_ConfigFilter  stm32f4xx_hal_can.o
    0x080044e4   0x080044e4   0x00000002   Code   RO         1505    i.HAL_CAN_ErrorCallback  stm32f4xx_hal_can.o
    0x080044e6   0x080044e6   0x00000188   Code   RO         1508    i.HAL_CAN_GetRxMessage  stm32f4xx_hal_can.o
    0x0800466e   0x0800466e   0x0000024e   Code   RO         1512    i.HAL_CAN_IRQHandler  stm32f4xx_hal_can.o
    0x080048bc   0x080048bc   0x00000176   Code   RO         1513    i.HAL_CAN_Init      stm32f4xx_hal_can.o
    0x08004a32   0x08004a32   0x00000002   PAD
    0x08004a34   0x08004a34   0x00000098   Code   RO          924    i.HAL_CAN_MspInit   can.o
    0x08004acc   0x08004acc   0x00000002   Code   RO         1520    i.HAL_CAN_RxFifo0FullCallback  stm32f4xx_hal_can.o
    0x08004ace   0x08004ace   0x00000002   PAD
    0x08004ad0   0x08004ad0   0x00000030   Code   RO          296    i.HAL_CAN_RxFifo0MsgPendingCallback  interrupt_callback.o
    0x08004b00   0x08004b00   0x00000002   Code   RO         1522    i.HAL_CAN_RxFifo1FullCallback  stm32f4xx_hal_can.o
    0x08004b02   0x08004b02   0x00000002   Code   RO         1523    i.HAL_CAN_RxFifo1MsgPendingCallback  stm32f4xx_hal_can.o
    0x08004b04   0x08004b04   0x00000002   Code   RO         1524    i.HAL_CAN_SleepCallback  stm32f4xx_hal_can.o
    0x08004b06   0x08004b06   0x00000060   Code   RO         1525    i.HAL_CAN_Start     stm32f4xx_hal_can.o
    0x08004b66   0x08004b66   0x00000002   Code   RO         1527    i.HAL_CAN_TxMailbox0AbortCallback  stm32f4xx_hal_can.o
    0x08004b68   0x08004b68   0x00000002   Code   RO         1528    i.HAL_CAN_TxMailbox0CompleteCallback  stm32f4xx_hal_can.o
    0x08004b6a   0x08004b6a   0x00000002   Code   RO         1529    i.HAL_CAN_TxMailbox1AbortCallback  stm32f4xx_hal_can.o
    0x08004b6c   0x08004b6c   0x00000002   Code   RO         1530    i.HAL_CAN_TxMailbox1CompleteCallback  stm32f4xx_hal_can.o
    0x08004b6e   0x08004b6e   0x00000002   Code   RO         1531    i.HAL_CAN_TxMailbox2AbortCallback  stm32f4xx_hal_can.o
    0x08004b70   0x08004b70   0x00000002   Code   RO         1532    i.HAL_CAN_TxMailbox2CompleteCallback  stm32f4xx_hal_can.o
    0x08004b72   0x08004b72   0x00000002   Code   RO         1534    i.HAL_CAN_WakeUpFromRxMsgCallback  stm32f4xx_hal_can.o
    0x08004b74   0x08004b74   0x00000028   Code   RO         3698    i.HAL_DMA_Abort_IT  stm32f4xx_hal_dma.o
    0x08004b9c   0x08004b9c   0x000000c8   Code   RO          982    i.HAL_FSMC_MspInit  fsmc.o
    0x08004c64   0x08004c64   0x00000200   Code   RO         3590    i.HAL_GPIO_Init     stm32f4xx_hal_gpio.o
    0x08004e64   0x08004e64   0x0000000c   Code   RO         3594    i.HAL_GPIO_WritePin  stm32f4xx_hal_gpio.o
    0x08004e70   0x08004e70   0x0000000c   Code   RO         4127    i.HAL_GetTick       stm32f4xx_hal.o
    0x08004e7c   0x08004e7c   0x00000018   Code   RO         4131    i.HAL_IncTick       stm32f4xx_hal.o
    0x08004e94   0x08004e94   0x0000003c   Code   RO         4132    i.HAL_Init          stm32f4xx_hal.o
    0x08004ed0   0x08004ed0   0x0000004c   Code   RO         4133    i.HAL_InitTick      stm32f4xx_hal.o
    0x08004f1c   0x08004f1c   0x00000050   Code   RO         1334    i.HAL_MspInit       stm32f4xx_hal_msp.o
    0x08004f6c   0x08004f6c   0x0000001a   Code   RO         3979    i.HAL_NVIC_EnableIRQ  stm32f4xx_hal_cortex.o
    0x08004f86   0x08004f86   0x0000007c   Code   RO         3985    i.HAL_NVIC_SetPriority  stm32f4xx_hal_cortex.o
    0x08005002   0x08005002   0x00000002   PAD
    0x08005004   0x08005004   0x00000028   Code   RO         3986    i.HAL_NVIC_SetPriorityGrouping  stm32f4xx_hal_cortex.o
    0x0800502c   0x0800502c   0x00000180   Code   RO         3191    i.HAL_RCC_ClockConfig  stm32f4xx_hal_rcc.o
    0x080051ac   0x080051ac   0x0000000c   Code   RO         3196    i.HAL_RCC_GetHCLKFreq  stm32f4xx_hal_rcc.o
    0x080051b8   0x080051b8   0x00000020   Code   RO         3198    i.HAL_RCC_GetPCLK1Freq  stm32f4xx_hal_rcc.o
    0x080051d8   0x080051d8   0x00000020   Code   RO         3199    i.HAL_RCC_GetPCLK2Freq  stm32f4xx_hal_rcc.o
    0x080051f8   0x080051f8   0x000000b0   Code   RO         3200    i.HAL_RCC_GetSysClockFreq  stm32f4xx_hal_rcc.o
    0x080052a8   0x080052a8   0x00000448   Code   RO         3203    i.HAL_RCC_OscConfig  stm32f4xx_hal_rcc.o
    0x080056f0   0x080056f0   0x00000058   Code   RO         1863    i.HAL_SRAM_Init     stm32f4xx_hal_sram.o
    0x08005748   0x08005748   0x0000000a   Code   RO          984    i.HAL_SRAM_MspInit  fsmc.o
    0x08005752   0x08005752   0x00000028   Code   RO         3988    i.HAL_SYSTICK_CLKSourceConfig  stm32f4xx_hal_cortex.o
    0x0800577a   0x0800577a   0x00000034   Code   RO         3990    i.HAL_SYSTICK_Config  stm32f4xx_hal_cortex.o
    0x080057ae   0x080057ae   0x00000002   Code   RO         2620    i.HAL_TIMEx_BreakCallback  stm32f4xx_hal_tim_ex.o
    0x080057b0   0x080057b0   0x00000002   Code   RO         2621    i.HAL_TIMEx_CommutationCallback  stm32f4xx_hal_tim_ex.o
    0x080057b2   0x080057b2   0x00000062   Code   RO         2637    i.HAL_TIMEx_MasterConfigSynchronization  stm32f4xx_hal_tim_ex.o
    0x08005814   0x08005814   0x00000034   Code   RO         1981    i.HAL_TIM_Base_Init  stm32f4xx_hal_tim.o
    0x08005848   0x08005848   0x00000114   Code   RO         1035    i.HAL_TIM_Base_MspInit  tim.o
    0x0800595c   0x0800595c   0x0000001e   Code   RO         1986    i.HAL_TIM_Base_Start_IT  stm32f4xx_hal_tim.o
    0x0800597a   0x0800597a   0x00000132   Code   RO         1990    i.HAL_TIM_ConfigClockSource  stm32f4xx_hal_tim.o
    0x08005aac   0x08005aac   0x000000b4   Code   RO         1999    i.HAL_TIM_Encoder_Init  stm32f4xx_hal_tim.o
    0x08005b60   0x08005b60   0x000000f4   Code   RO         1037    i.HAL_TIM_Encoder_MspInit  tim.o
    0x08005c54   0x08005c54   0x0000004e   Code   RO         2002    i.HAL_TIM_Encoder_Start  stm32f4xx_hal_tim.o
    0x08005ca2   0x08005ca2   0x00000002   PAD
    0x08005ca4   0x08005ca4   0x00000164   Code   RO          297    i.HAL_TIM_IC_CaptureCallback  interrupt_callback.o
    0x08005e08   0x08005e08   0x000000e0   Code   RO         2011    i.HAL_TIM_IC_ConfigChannel  stm32f4xx_hal_tim.o
    0x08005ee8   0x08005ee8   0x00000034   Code   RO         2014    i.HAL_TIM_IC_Init   stm32f4xx_hal_tim.o
    0x08005f1c   0x08005f1c   0x00000002   Code   RO         2016    i.HAL_TIM_IC_MspInit  stm32f4xx_hal_tim.o
    0x08005f1e   0x08005f1e   0x0000006c   Code   RO         2019    i.HAL_TIM_IC_Start_IT  stm32f4xx_hal_tim.o
    0x08005f8a   0x08005f8a   0x00000196   Code   RO         2023    i.HAL_TIM_IRQHandler  stm32f4xx_hal_tim.o
    0x08006120   0x08006120   0x00000064   Code   RO         1038    i.HAL_TIM_MspPostInit  tim.o
    0x08006184   0x08006184   0x00000002   Code   RO         2026    i.HAL_TIM_OC_DelayElapsedCallback  stm32f4xx_hal_tim.o
    0x08006186   0x08006186   0x00000108   Code   RO         2047    i.HAL_TIM_PWM_ConfigChannel  stm32f4xx_hal_tim.o
    0x0800628e   0x0800628e   0x00000034   Code   RO         2050    i.HAL_TIM_PWM_Init  stm32f4xx_hal_tim.o
    0x080062c2   0x080062c2   0x00000002   Code   RO         2052    i.HAL_TIM_PWM_MspInit  stm32f4xx_hal_tim.o
    0x080062c4   0x080062c4   0x00000002   Code   RO         2053    i.HAL_TIM_PWM_PulseFinishedCallback  stm32f4xx_hal_tim.o
    0x080062c6   0x080062c6   0x00000002   PAD
    0x080062c8   0x080062c8   0x0000004c   Code   RO         2054    i.HAL_TIM_PWM_Start  stm32f4xx_hal_tim.o
    0x08006314   0x08006314   0x00000114   Code   RO          298    i.HAL_TIM_PeriodElapsedCallback  interrupt_callback.o
    0x08006428   0x08006428   0x00000054   Code   RO         2061    i.HAL_TIM_ReadCapturedValue  stm32f4xx_hal_tim.o
    0x0800647c   0x0800647c   0x00000002   Code   RO         2064    i.HAL_TIM_TriggerCallback  stm32f4xx_hal_tim.o
    0x0800647e   0x0800647e   0x00000002   PAD
    0x08006480   0x08006480   0x000000e8   Code   RO          299    i.HAL_UART_ErrorCallback  interrupt_callback.o
    0x08006568   0x08006568   0x0000014c   Code   RO         2883    i.HAL_UART_IRQHandler  stm32f4xx_hal_uart.o
    0x080066b4   0x080066b4   0x00000072   Code   RO         2884    i.HAL_UART_Init     stm32f4xx_hal_uart.o
    0x08006726   0x08006726   0x00000002   PAD
    0x08006728   0x08006728   0x00000224   Code   RO         1120    i.HAL_UART_MspInit  usart.o
    0x0800694c   0x0800694c   0x0000004e   Code   RO         2889    i.HAL_UART_Receive_IT  stm32f4xx_hal_uart.o
    0x0800699a   0x0800699a   0x00000002   PAD
    0x0800699c   0x0800699c   0x000003b4   Code   RO          300    i.HAL_UART_RxCpltCallback  interrupt_callback.o
    0x08006d50   0x08006d50   0x000000c0   Code   RO         2892    i.HAL_UART_Transmit  stm32f4xx_hal_uart.o
    0x08006e10   0x08006e10   0x00000002   Code   RO         2895    i.HAL_UART_TxCpltCallback  stm32f4xx_hal_uart.o
    0x08006e12   0x08006e12   0x00000004   Code   RO         1213    i.HardFault_Handler  stm32f4xx_it.o
    0x08006e16   0x08006e16   0x00000002   PAD
    0x08006e18   0x08006e18   0x0000004c   Code   RO          487    i.IMU_Init          mpu6050.o
    0x08006e64   0x08006e64   0x00000034   Code   RO          556    i.LCD_Clear         lcd.o
    0x08006e98   0x08006e98   0x00000160   Code   RO          560    i.LCD_Display_Dir   lcd.o
    0x08006ff8   0x08006ff8   0x0000010c   Code   RO          565    i.LCD_Fast_DrawPoint  lcd.o
    0x08007104   0x08007104   0x00000f9c   Code   RO          567    i.LCD_Init          lcd.o
    0x080080a0   0x080080a0   0x00000016   Code   RO          568    i.LCD_Pow           lcd.o
    0x080080b6   0x080080b6   0x00000002   PAD
    0x080080b8   0x080080b8   0x00000018   Code   RO          569    i.LCD_RD_DATA       lcd.o
    0x080080d0   0x080080d0   0x00000274   Code   RO          573    i.LCD_Scan_Dir      lcd.o
    0x08008344   0x08008344   0x00000138   Code   RO          574    i.LCD_SetCursor     lcd.o
    0x0800847c   0x0800847c   0x0000013c   Code   RO          576    i.LCD_ShowChar      lcd.o
    0x080085b8   0x080085b8   0x00000094   Code   RO          577    i.LCD_ShowNum       lcd.o
    0x0800864c   0x0800864c   0x00000066   Code   RO          578    i.LCD_ShowString    lcd.o
    0x080086b2   0x080086b2   0x00000002   PAD
    0x080086b4   0x080086b4   0x000000d0   Code   RO          579    i.LCD_Show_Obo      lcd.o
    0x08008784   0x08008784   0x00000244   Code   RO          580    i.LCD_Show_Title    lcd.o
    0x080089c8   0x080089c8   0x00000208   Code   RO          581    i.LCD_Show_V        lcd.o
    0x08008bd0   0x08008bd0   0x0000017c   Code   RO          582    i.LCD_Show_getspeed  lcd.o
    0x08008d4c   0x08008d4c   0x00000208   Code   RO          583    i.LCD_Show_position  lcd.o
    0x08008f54   0x08008f54   0x00000154   Code   RO          584    i.LCD_Show_setspeed  lcd.o
    0x080090a8   0x080090a8   0x000000be   Code   RO          585    i.LCD_ShowxNum      lcd.o
    0x08009166   0x08009166   0x00000002   PAD
    0x08009168   0x08009168   0x00000018   Code   RO          586    i.LCD_WR_DATA       lcd.o
    0x08009180   0x08009180   0x00000018   Code   RO          587    i.LCD_WR_REG        lcd.o
    0x08009198   0x08009198   0x00000014   Code   RO          589    i.LCD_WriteRAM_Prepare  lcd.o
    0x080091ac   0x080091ac   0x00000014   Code   RO          590    i.LCD_WriteReg      lcd.o
    0x080091c0   0x080091c0   0x00000048   Code   RO          925    i.MX_CAN1_Init      can.o
    0x08009208   0x08009208   0x00000094   Code   RO          985    i.MX_FSMC_Init      fsmc.o
    0x0800929c   0x0800929c   0x000001c0   Code   RO          896    i.MX_GPIO_Init      gpio.o
    0x0800945c   0x0800945c   0x000000a0   Code   RO         1039    i.MX_TIM1_Init      tim.o
    0x080094fc   0x080094fc   0x0000007c   Code   RO         1040    i.MX_TIM2_Init      tim.o
    0x08009578   0x08009578   0x00000080   Code   RO         1041    i.MX_TIM4_Init      tim.o
    0x080095f8   0x080095f8   0x0000006c   Code   RO         1042    i.MX_TIM5_Init      tim.o
    0x08009664   0x08009664   0x00000098   Code   RO         1043    i.MX_TIM9_Init      tim.o
    0x080096fc   0x080096fc   0x00000038   Code   RO         1121    i.MX_UART4_Init     usart.o
    0x08009734   0x08009734   0x00000038   Code   RO         1122    i.MX_USART1_UART_Init  usart.o
    0x0800976c   0x0800976c   0x00000038   Code   RO         1123    i.MX_USART2_UART_Init  usart.o
    0x080097a4   0x080097a4   0x00000038   Code   RO         1124    i.MX_USART3_UART_Init  usart.o
    0x080097dc   0x080097dc   0x00000004   Code   RO         1214    i.MemManage_Handler  stm32f4xx_it.o
    0x080097e0   0x080097e0   0x00000002   Code   RO         1215    i.NMI_Handler       stm32f4xx_it.o
    0x080097e2   0x080097e2   0x00000002   PAD
    0x080097e4   0x080097e4   0x00000010   Code   RO         3992    i.NVIC_GetPriorityGrouping  stm32f4xx_hal_cortex.o
    0x080097f4   0x080097f4   0x00000028   Code   RO         3993    i.NVIC_SetPriority  stm32f4xx_hal_cortex.o
    0x0800981c   0x0800981c   0x00000214   Code   RO          365    i.PID_Calc          pid.o
    0x08009a30   0x08009a30   0x00000048   Code   RO          366    i.PID_Init          pid.o
    0x08009a78   0x08009a78   0x00000002   Code   RO         1216    i.PendSV_Handler    stm32f4xx_it.o
    0x08009a7a   0x08009a7a   0x00000002   PAD
    0x08009a7c   0x08009a7c   0x00000030   Code   RO          422    i.ReadEncoder       get_info.o
    0x08009aac   0x08009aac   0x000004a6   Code   RO          810    i.Remote_Control    remote.o
    0x08009f52   0x08009f52   0x00000002   PAD
    0x08009f54   0x08009f54   0x0000007c   Code   RO          811    i.Remote_Scan       remote.o
    0x08009fd0   0x08009fd0   0x00000510   Code   RO           20    i.RobotGoAvoidance  control.o
    0x0800a4e0   0x0800a4e0   0x0000019c   Code   RO           21    i.RobotGoTo         control.o
    0x0800a67c   0x0800a67c   0x000000d4   Code   RO           23    i.RobotRotate       control.o
    0x0800a750   0x0800a750   0x00000044   Code   RO           24    i.Robot_ArmDown     control.o
    0x0800a794   0x0800a794   0x00000044   Code   RO           25    i.Robot_ArmUp       control.o
    0x0800a7d8   0x0800a7d8   0x00000002   Code   RO         1217    i.SVC_Handler       stm32f4xx_it.o
    0x0800a7da   0x0800a7da   0x00000002   PAD
    0x0800a7dc   0x0800a7dc   0x00000044   Code   RO           26    i.Set_MotorSpeed    control.o
    0x0800a820   0x0800a820   0x00000048   Code   RO           28    i.ShoveMotor        control.o
    0x0800a868   0x0800a868   0x00000008   Code   RO         1218    i.SysTick_Handler   stm32f4xx_it.o
    0x0800a870   0x0800a870   0x000000b4   Code   RO          852    i.SystemClock_Config  main.o
    0x0800a924   0x0800a924   0x00000064   Code   RO         4286    i.SystemInit        system_stm32f4xx.o
    0x0800a988   0x0800a988   0x00000010   Code   RO         1219    i.TIM1_CC_IRQHandler  stm32f4xx_it.o
    0x0800a998   0x0800a998   0x00000010   Code   RO         1220    i.TIM1_UP_TIM10_IRQHandler  stm32f4xx_it.o
    0x0800a9a8   0x0800a9a8   0x00000010   Code   RO         1221    i.TIM5_IRQHandler   stm32f4xx_it.o
    0x0800a9b8   0x0800a9b8   0x000000e4   Code   RO         2065    i.TIM_Base_SetConfig  stm32f4xx_hal_tim.o
    0x0800aa9c   0x0800aa9c   0x0000001c   Code   RO         2066    i.TIM_CCxChannelCmd  stm32f4xx_hal_tim.o
    0x0800aab8   0x0800aab8   0x00000018   Code   RO         2072    i.TIM_ETR_SetConfig  stm32f4xx_hal_tim.o
    0x0800aad0   0x0800aad0   0x00000014   Code   RO         2073    i.TIM_ITRx_SetConfig  stm32f4xx_hal_tim.o
    0x0800aae4   0x0800aae4   0x00000070   Code   RO         2074    i.TIM_OC1_SetConfig  stm32f4xx_hal_tim.o
    0x0800ab54   0x0800ab54   0x00000078   Code   RO         2075    i.TIM_OC2_SetConfig  stm32f4xx_hal_tim.o
    0x0800abcc   0x0800abcc   0x00000078   Code   RO         2076    i.TIM_OC3_SetConfig  stm32f4xx_hal_tim.o
    0x0800ac44   0x0800ac44   0x00000060   Code   RO         2077    i.TIM_OC4_SetConfig  stm32f4xx_hal_tim.o
    0x0800aca4   0x0800aca4   0x0000002a   Code   RO         2079    i.TIM_TI1_ConfigInputStage  stm32f4xx_hal_tim.o
    0x0800acce   0x0800acce   0x00000002   PAD
    0x0800acd0   0x0800acd0   0x00000098   Code   RO         2080    i.TIM_TI1_SetConfig  stm32f4xx_hal_tim.o
    0x0800ad68   0x0800ad68   0x0000002c   Code   RO         2081    i.TIM_TI2_ConfigInputStage  stm32f4xx_hal_tim.o
    0x0800ad94   0x0800ad94   0x0000003e   Code   RO         2082    i.TIM_TI2_SetConfig  stm32f4xx_hal_tim.o
    0x0800add2   0x0800add2   0x0000003c   Code   RO         2083    i.TIM_TI3_SetConfig  stm32f4xx_hal_tim.o
    0x0800ae0e   0x0800ae0e   0x00000040   Code   RO         2084    i.TIM_TI4_SetConfig  stm32f4xx_hal_tim.o
    0x0800ae4e   0x0800ae4e   0x00000002   PAD
    0x0800ae50   0x0800ae50   0x0000002c   Code   RO         1222    i.UART4_IRQHandler  stm32f4xx_it.o
    0x0800ae7c   0x0800ae7c   0x00000014   Code   RO         2897    i.UART_DMAAbortOnError  stm32f4xx_hal_uart.o
    0x0800ae90   0x0800ae90   0x00000020   Code   RO         2907    i.UART_EndRxTransfer  stm32f4xx_hal_uart.o
    0x0800aeb0   0x0800aeb0   0x00000020   Code   RO         2908    i.UART_EndTransmit_IT  stm32f4xx_hal_uart.o
    0x0800aed0   0x0800aed0   0x0000009a   Code   RO         2910    i.UART_Receive_IT   stm32f4xx_hal_uart.o
    0x0800af6a   0x0800af6a   0x00000002   PAD
    0x0800af6c   0x0800af6c   0x00000368   Code   RO         2911    i.UART_SetConfig    stm32f4xx_hal_uart.o
    0x0800b2d4   0x0800b2d4   0x00000068   Code   RO         2912    i.UART_Transmit_IT  stm32f4xx_hal_uart.o
    0x0800b33c   0x0800b33c   0x0000006c   Code   RO         2913    i.UART_WaitOnFlagUntilTimeout  stm32f4xx_hal_uart.o
    0x0800b3a8   0x0800b3a8   0x0000001c   Code   RO         1223    i.USART1_IRQHandler  stm32f4xx_it.o
    0x0800b3c4   0x0800b3c4   0x0000001c   Code   RO         1224    i.USART2_IRQHandler  stm32f4xx_it.o
    0x0800b3e0   0x0800b3e0   0x0000001c   Code   RO         1225    i.USART3_IRQHandler  stm32f4xx_it.o
    0x0800b3fc   0x0800b3fc   0x0000004c   Code   RO           29    i.Up_ShotBall       control.o
    0x0800b448   0x0800b448   0x00000004   Code   RO         1226    i.UsageFault_Handler  stm32f4xx_it.o
    0x0800b44c   0x0800b44c   0x00000030   Code   RO         4467    i.__ARM_fpclassify  m_wm.l(fpclassify.o)
    0x0800b47c   0x0800b47c   0x00000004   PAD
    0x0800b480   0x0800b480   0x000000c8   Code   RO         4331    i.__hardfp_cos      m_wm.l(cos.o)
    0x0800b548   0x0800b548   0x00000014   Code   RO         4343    i.__hardfp_fabs     m_wm.l(fabs.o)
    0x0800b55c   0x0800b55c   0x00000004   PAD
    0x0800b560   0x0800b560   0x000000c8   Code   RO         4349    i.__hardfp_sin      m_wm.l(sin.o)
    0x0800b628   0x0800b628   0x00000438   Code   RO         4424    i.__ieee754_rem_pio2  m_wm.l(rred.o)
    0x0800ba60   0x0800ba60   0x00000170   Code   RO         4406    i.__kernel_cos      m_wm.l(cos_i.o)
    0x0800bbd0   0x0800bbd0   0x000000f8   Code   RO         4469    i.__kernel_poly     m_wm.l(poly.o)
    0x0800bcc8   0x0800bcc8   0x00000130   Code   RO         4429    i.__kernel_sin      m_wm.l(sin_i.o)
    0x0800bdf8   0x0800bdf8   0x00000014   Code   RO         4410    i.__mathlib_dbl_infnan  m_wm.l(dunder.o)
    0x0800be0c   0x0800be0c   0x00000004   PAD
    0x0800be10   0x0800be10   0x00000020   Code   RO         4412    i.__mathlib_dbl_invalid  m_wm.l(dunder.o)
    0x0800be30   0x0800be30   0x00000020   Code   RO         4415    i.__mathlib_dbl_underflow  m_wm.l(dunder.o)
    0x0800be50   0x0800be50   0x0000000e   Code   RO         4475    i.__scatterload_copy  mc_w.l(handlers.o)
    0x0800be5e   0x0800be5e   0x00000002   Code   RO         4476    i.__scatterload_null  mc_w.l(handlers.o)
    0x0800be60   0x0800be60   0x0000000e   Code   RO         4477    i.__scatterload_zeroinit  mc_w.l(handlers.o)
    0x0800be6e   0x0800be6e   0x00000002   PAD
    0x0800be70   0x0800be70   0x0000000c   Code   RO         4457    i.__set_errno       mc_w.l(errno.o)
    0x0800be7c   0x0800be7c   0x0000002e   Code   RO          367    i.abs_limit         pid.o
    0x0800beaa   0x0800beaa   0x00000002   PAD
    0x0800beac   0x0800beac   0x00000138   Code   RO           30    i.adjustAngleVw_PD  control.o
    0x0800bfe4   0x0800bfe4   0x00000244   Code   RO           31    i.adjustVx_PD       control.o
    0x0800c228   0x0800c228   0x00000244   Code   RO           32    i.adjustVy_PD       control.o
    0x0800c46c   0x0800c46c   0x0000003c   Code   RO          511    i.delay_init        delay.o
    0x0800c4a8   0x0800c4a8   0x00000038   Code   RO          512    i.delay_ms          delay.o
    0x0800c4e0   0x0800c4e0   0x0000004c   Code   RO          513    i.delay_us          delay.o
    0x0800c52c   0x0800c52c   0x0000004c   Code   RO          514    i.delay_xms         delay.o
    0x0800c578   0x0800c578   0x00000018   Code   RO         4345    i.fabs              m_wm.l(fabs.o)
    0x0800c590   0x0800c590   0x00000bdc   Code   RO          853    i.main              main.o
    0x0800d16c   0x0800d16c   0x00000014   Code   RO          369    i.pid_param_init    pid.o
    0x0800d180   0x0800d180   0x00004740   Data   RO          593    .constdata          lcd.o
    0x080118c0   0x080118c0   0x00000018   Data   RO         4287    .constdata          system_stm32f4xx.o
    0x080118d8   0x080118d8   0x00000030   Data   RO         4407    .constdata          m_wm.l(cos_i.o)
    0x08011908   0x08011908   0x000000c8   Data   RO         4426    .constdata          m_wm.l(rred.o)
    0x080119d0   0x080119d0   0x00000028   Data   RO         4430    .constdata          m_wm.l(sin_i.o)
    0x080119f8   0x080119f8   0x00000020   Data   RO         4473    Region$$Table       anon$$obj.o


    Execution Region RW_IRAM1 (Exec base: 0x20000000, Load base: 0x08011a18, Size: 0x00000fa0, Max: 0x00020000, ABSOLUTE)

    Exec Addr    Load Addr    Size         Type   Attr      Idx    E Section Name        Object

    0x20000000   0x08011a18   0x00000010   Data   RW           34    .data               control.o
    0x20000010   0x08011a28   0x00000024   Data   RW          301    .data               interrupt_callback.o
    0x20000034   0x08011a4c   0x00000020   Data   RW          426    .data               get_info.o
    0x20000054   0x08011a6c   0x00000004   Data   RW          515    .data               delay.o
    0x20000058   0x08011a70   0x00000008   Data   RW          594    .data               lcd.o
    0x20000060   0x08011a78   0x00000009   Data   RW          812    .data               remote.o
    0x20000069   0x08011a81   0x00000006   Data   RW          854    .data               main.o
    0x2000006f   0x08011a87   0x00000001   PAD
    0x20000070   0x08011a88   0x00000014   Data   RW          927    .data               can.o
    0x20000084   0x08011a9c   0x00000008   Data   RW          987    .data               fsmc.o
    0x2000008c   0x08011aa4   0x0000000b   Data   RW         1130    .data               usart.o
    0x20000097   0x08011aaf   0x00000001   Data   RW         1378    .data               find_ball.o
    0x20000098   0x08011ab0   0x00000009   Data   RW         4139    .data               stm32f4xx_hal.o
    0x200000a1   0x08011ab9   0x00000003   PAD
    0x200000a4   0x08011abc   0x00000004   Data   RW         4288    .data               system_stm32f4xx.o
    0x200000a8   0x08011ac0   0x00000004   Data   RW         4458    .data               mc_w.l(errno.o)
    0x200000ac   0x08011ac4   0x00000004   PAD
    0x200000b0        -       0x00000478   Zero   RW           33    .bss                control.o
    0x20000528        -       0x0000005e   Zero   RW          592    .bss                lcd.o
    0x20000586   0x08011ac4   0x00000002   PAD
    0x20000588        -       0x0000005c   Zero   RW          926    .bss                can.o
    0x200005e4        -       0x00000050   Zero   RW          986    .bss                fsmc.o
    0x20000634        -       0x0000012c   Zero   RW         1044    .bss                tim.o
    0x20000760        -       0x00000440   Zero   RW         1129    .bss                usart.o
    0x20000ba0        -       0x00000400   Zero   RW            1    STACK               startup_stm32f407xx.o


==============================================================================

Image component sizes


      Code (inc. data)   RO Data    RW Data    ZI Data      Debug   Object Name

       620         48          0         20         92       4035   can.o
      4912        408          0         16       1144     716288   control.o
       268         18          0          4          0       2627   delay.o
     11730        644          0          1          0      10574   find_ball.o
       358         34          0          8         80       2567   fsmc.o
      1384        182          0         32          0       3847   get_info.o
       448         30          0          0          0       1291   gpio.o
      1860        174          0         36          0       5343   interrupt_callback.o
      9046        298      18240          8         94      20144   lcd.o
      3218        328          0          6          0       4081   main.o
        76         22          0          0          0        571   mpu6050.o
       670         10          0          0          0       8366   pid.o
      1314        168          0          9          0       2019   remote.o
        36          8        392          0       1024        884   startup_stm32f407xx.o
       172         32          0          9          0       4217   stm32f4xx_hal.o
      2110          4          0          0          0      15075   stm32f4xx_hal_can.o
       338         22          0          0          0      31905   stm32f4xx_hal_cortex.o
        40          0          0          0          0       1227   stm32f4xx_hal_dma.o
       524         46          0          0          0       2464   stm32f4xx_hal_gpio.o
        80          6          0          0          0        934   stm32f4xx_hal_msp.o
      1732         84          0          0          0       5876   stm32f4xx_hal_rcc.o
        88          0          0          0          0       1300   stm32f4xx_hal_sram.o
      3094        118          0          0          0      25514   stm32f4xx_hal_tim.o
       102          0          0          0          0       2534   stm32f4xx_hal_tim_ex.o
      2040         14          0          0          0       9950   stm32f4xx_hal_uart.o
       224         56          0          0          0       8937   stm32f4xx_it.o
       232         10          0          0          0       2923   stm32f4xx_ll_fsmc.o
       100         18         24          4          0       1299   system_stm32f4xx.o
      1292         92          0          0        300       6546   tim.o
       772         74          0         11       1088       4655   usart.o

    ----------------------------------------------------------------------
     48924       2948      18688        168       3824     907993   Object Totals
         0          0         32          0          0          0   (incl. Generated)
        44          0          0          4          2          0   (incl. Padding)

    ----------------------------------------------------------------------

      Code (inc. data)   RO Data    RW Data    ZI Data      Debug   Library Member Name

       200         20          0          0          0        164   cos.o
       368         46         48          0          0        200   cos_i.o
        84         16          0          0          0        372   dunder.o
        44          0          0          0          0        248   fabs.o
        48          0          0          0          0        124   fpclassify.o
       248          0          0          0          0        152   poly.o
      1080        142        200          0          0        188   rred.o
       200         20          0          0          0        164   sin.o
       304         24         40          0          0        208   sin_i.o
         0          0          0          0          0          0   entry.o
         0          0          0          0          0          0   entry10a.o
         0          0          0          0          0          0   entry11a.o
         8          4          0          0          0          0   entry2.o
         4          0          0          0          0          0   entry5.o
         0          0          0          0          0          0   entry7b.o
         0          0          0          0          0          0   entry8b.o
         8          4          0          0          0          0   entry9a.o
        12          6          0          4          0         68   errno.o
        30          0          0          0          0          0   handlers.o
        36          8          0          0          0         68   init.o
         0          0          0          0          0          0   iusefp.o
        30          0          0          0          0         68   llshl.o
        36          0          0          0          0         68   llsshr.o
        32          0          0          0          0         68   llushr.o
        36          0          0          0          0        108   memseta.o
        98          0          0          0          0         92   uldiv.o
        48          0          0          0          0         68   cdcmple.o
        48          0          0          0          0         68   cdrcmple.o
        56          0          0          0          0         88   d2f.o
       334          0          0          0          0        148   dadd.o
       222          0          0          0          0        100   ddiv.o
       186          0          0          0          0        176   depilogue.o
        62          0          0          0          0         80   dfixi.o
        34          0          0          0          0         76   dflti.o
        26          0          0          0          0         76   dfltui.o
       228          0          0          0          0         96   dmul.o
        38          0          0          0          0         68   f2d.o
       110          0          0          0          0        168   fepilogue.o

    ----------------------------------------------------------------------
      4316        290        288          4          4       3572   Library Totals
        18          0          0          0          4          0   (incl. Padding)

    ----------------------------------------------------------------------

      Code (inc. data)   RO Data    RW Data    ZI Data      Debug   Library Name

      2576        268        288          0          0       1820   m_wm.l
       330         22          0          4          0        540   mc_w.l
      1392          0          0          0          0       1212   mf_w.l

    ----------------------------------------------------------------------
      4316        290        288          4          4       3572   Library Totals

    ----------------------------------------------------------------------

==============================================================================


      Code (inc. data)   RO Data    RW Data    ZI Data      Debug   

     53240       3238      18976        172       3828     890237   Grand Totals
     53240       3238      18976        172       3828     890237   ELF Image Totals
     53240       3238      18976        172          0          0   ROM Totals

==============================================================================

    Total RO  Size (Code + RO Data)                72216 (  70.52kB)
    Total RW  Size (RW Data + ZI Data)              4000 (   3.91kB)
    Total ROM Size (Code + RO Data + RW Data)      72388 (  70.69kB)

==============================================================================

