Component: ARM Compiler 5.06 update 6 (build 750) Tool: armlink [4d35ed]

==============================================================================

Section Cross References

    startup_stm32f407xx.o(RESET) refers to startup_stm32f407xx.o(STACK) for __initial_sp
    startup_stm32f407xx.o(RESET) refers to startup_stm32f407xx.o(.text) for Reset_Handler
    startup_stm32f407xx.o(RESET) refers to stm32f4xx_it.o(i.NMI_Handler) for NMI_Handler
    startup_stm32f407xx.o(RESET) refers to stm32f4xx_it.o(i.HardFault_Handler) for HardFault_Handler
    startup_stm32f407xx.o(RESET) refers to stm32f4xx_it.o(i.MemManage_Handler) for MemManage_Handler
    startup_stm32f407xx.o(RESET) refers to stm32f4xx_it.o(i.BusFault_Handler) for BusFault_Handler
    startup_stm32f407xx.o(RESET) refers to stm32f4xx_it.o(i.UsageFault_Handler) for UsageFault_Handler
    startup_stm32f407xx.o(RESET) refers to stm32f4xx_it.o(i.SVC_Handler) for SVC_Handler
    startup_stm32f407xx.o(RESET) refers to stm32f4xx_it.o(i.DebugMon_Handler) for DebugMon_Handler
    startup_stm32f407xx.o(RESET) refers to stm32f4xx_it.o(i.PendSV_Handler) for PendSV_Handler
    startup_stm32f407xx.o(RESET) refers to stm32f4xx_it.o(i.SysTick_Handler) for SysTick_Handler
    startup_stm32f407xx.o(RESET) refers to stm32f4xx_it.o(i.CAN1_RX0_IRQHandler) for CAN1_RX0_IRQHandler
    startup_stm32f407xx.o(RESET) refers to stm32f4xx_it.o(i.TIM1_UP_TIM10_IRQHandler) for TIM1_UP_TIM10_IRQHandler
    startup_stm32f407xx.o(RESET) refers to stm32f4xx_it.o(i.TIM1_CC_IRQHandler) for TIM1_CC_IRQHandler
    startup_stm32f407xx.o(RESET) refers to stm32f4xx_it.o(i.USART1_IRQHandler) for USART1_IRQHandler
    startup_stm32f407xx.o(RESET) refers to stm32f4xx_it.o(i.USART2_IRQHandler) for USART2_IRQHandler
    startup_stm32f407xx.o(RESET) refers to stm32f4xx_it.o(i.USART3_IRQHandler) for USART3_IRQHandler
    startup_stm32f407xx.o(RESET) refers to stm32f4xx_it.o(i.TIM5_IRQHandler) for TIM5_IRQHandler
    startup_stm32f407xx.o(RESET) refers to stm32f4xx_it.o(i.UART4_IRQHandler) for UART4_IRQHandler
    startup_stm32f407xx.o(.text) refers to system_stm32f4xx.o(i.SystemInit) for SystemInit
    startup_stm32f407xx.o(.text) refers to entry.o(.ARM.Collect$$$$00000000) for __main
    control.o(i.AllPID_Init) refers to pid.o(i.PID_Init) for PID_Init
    control.o(i.AllPID_Init) refers to control.o(.bss) for Motor
    control.o(i.Calc_MotorSpeed_pid) refers to pid.o(i.PID_Calc) for PID_Calc
    control.o(i.Calc_MotorSpeed_pid) refers to control.o(.bss) for Motor
    control.o(i.Control_Init) refers to stm32f4xx_hal_uart.o(i.HAL_UART_Receive_IT) for HAL_UART_Receive_IT
    control.o(i.Control_Init) refers to mpu6050.o(i.IMU_Init) for IMU_Init
    control.o(i.Control_Init) refers to stm32f4xx_hal_tim.o(i.HAL_TIM_Encoder_Start) for HAL_TIM_Encoder_Start
    control.o(i.Control_Init) refers to stm32f4xx_hal_tim.o(i.HAL_TIM_IC_Start_IT) for HAL_TIM_IC_Start_IT
    control.o(i.Control_Init) refers to stm32f4xx_hal_tim.o(i.HAL_TIM_Base_Start_IT) for HAL_TIM_Base_Start_IT
    control.o(i.Control_Init) refers to stm32f4xx_hal_tim.o(i.HAL_TIM_PWM_Start) for HAL_TIM_PWM_Start
    control.o(i.Control_Init) refers to control.o(i.Set_MotorSpeed) for Set_MotorSpeed
    control.o(i.Control_Init) refers to control.o(.bss) for BasketballRobot
    control.o(i.Control_Init) refers to usart.o(.data) for aRxBuffer1
    control.o(i.Control_Init) refers to usart.o(.bss) for huart1
    control.o(i.Control_Init) refers to tim.o(.bss) for htim2
    control.o(i.GetInfraredState) refers to control.o(i.GetMotorVelocity_Self) for GetMotorVelocity_Self
    control.o(i.GetMotorVelocity) refers to f2d.o(.text) for __aeabi_f2d
    control.o(i.GetMotorVelocity) refers to sin.o(i.__hardfp_sin) for __hardfp_sin
    control.o(i.GetMotorVelocity) refers to dflti.o(.text) for __aeabi_i2d
    control.o(i.GetMotorVelocity) refers to dmul.o(.text) for __aeabi_dmul
    control.o(i.GetMotorVelocity) refers to cos.o(i.__hardfp_cos) for __hardfp_cos
    control.o(i.GetMotorVelocity) refers to dadd.o(.text) for __aeabi_dadd
    control.o(i.GetMotorVelocity) refers to dfixi.o(.text) for __aeabi_d2iz
    control.o(i.GetMotorVelocity) refers to lcd.o(i.LCD_Show_setspeed) for LCD_Show_setspeed
    control.o(i.GetMotorVelocity) refers to control.o(.bss) for BasketballRobot
    control.o(i.GetMotorVelocity_Self) refers to lcd.o(i.LCD_Show_setspeed) for LCD_Show_setspeed
    control.o(i.GetMotorVelocity_Self) refers to control.o(.bss) for Motor
    control.o(i.RobotGoAvoidance) refers to control.o(i.Set_MotorSpeed) for Set_MotorSpeed
    control.o(i.RobotGoAvoidance) refers to lcd.o(i.LCD_Show_getspeed) for LCD_Show_getspeed
    control.o(i.RobotGoAvoidance) refers to get_info.o(i.GetRadarData) for GetRadarData
    control.o(i.RobotGoAvoidance) refers to control.o(i.GetMotorVelocity_Self) for GetMotorVelocity_Self
    control.o(i.RobotGoAvoidance) refers to delay.o(i.delay_ms) for delay_ms
[...]
    i.TIM5_IRQHandler                        0x08009204   Section        0  stm32f4xx_it.o(i.TIM5_IRQHandler)
    i.TIM_Base_SetConfig                     0x08009214   Section        0  stm32f4xx_hal_tim.o(i.TIM_Base_SetConfig)
    i.TIM_CCxChannelCmd                      0x080092f8   Section        0  stm32f4xx_hal_tim.o(i.TIM_CCxChannelCmd)
    i.TIM_ETR_SetConfig                      0x08009314   Section        0  stm32f4xx_hal_tim.o(i.TIM_ETR_SetConfig)
    TIM_ETR_SetConfig                        0x08009315   Thumb Code    24  stm32f4xx_hal_tim.o(i.TIM_ETR_SetConfig)
    i.TIM_ITRx_SetConfig                     0x0800932c   Section        0  stm32f4xx_hal_tim.o(i.TIM_ITRx_SetConfig)
    TIM_ITRx_SetConfig                       0x0800932d   Thumb Code    20  stm32f4xx_hal_tim.o(i.TIM_ITRx_SetConfig)
    i.TIM_OC1_SetConfig                      0x08009340   Section        0  stm32f4xx_hal_tim.o(i.TIM_OC1_SetConfig)
    TIM_OC1_SetConfig                        0x08009341   Thumb Code   102  stm32f4xx_hal_tim.o(i.TIM_OC1_SetConfig)
    i.TIM_OC2_SetConfig                      0x080093b0   Section        0  stm32f4xx_hal_tim.o(i.TIM_OC2_SetConfig)
    i.TIM_OC3_SetConfig                      0x08009428   Section        0  stm32f4xx_hal_tim.o(i.TIM_OC3_SetConfig)
    TIM_OC3_SetConfig                        0x08009429   Thumb Code   110  stm32f4xx_hal_tim.o(i.TIM_OC3_SetConfig)
    i.TIM_OC4_SetConfig                      0x080094a0   Section        0  stm32f4xx_hal_tim.o(i.TIM_OC4_SetConfig)
    TIM_OC4_SetConfig                        0x080094a1   Thumb Code    88  stm32f4xx_hal_tim.o(i.TIM_OC4_SetConfig)
    i.TIM_TI1_ConfigInputStage               0x08009500   Section        0  stm32f4xx_hal_tim.o(i.TIM_TI1_ConfigInputStage)
    TIM_TI1_ConfigInputStage                 0x08009501   Thumb Code    42  stm32f4xx_hal_tim.o(i.TIM_TI1_ConfigInputStage)
    i.TIM_TI1_SetConfig                      0x0800952c   Section        0  stm32f4xx_hal_tim.o(i.TIM_TI1_SetConfig)
    i.TIM_TI2_ConfigInputStage               0x080095c4   Section        0  stm32f4xx_hal_tim.o(i.TIM_TI2_ConfigInputStage)
    TIM_TI2_ConfigInputStage                 0x080095c5   Thumb Code    44  stm32f4xx_hal_tim.o(i.TIM_TI2_ConfigInputStage)
    i.TIM_TI2_SetConfig                      0x080095f0   Section        0  stm32f4xx_hal_tim.o(i.TIM_TI2_SetConfig)
    TIM_TI2_SetConfig                        0x080095f1   Thumb Code    62  stm32f4xx_hal_tim.o(i.TIM_TI2_SetConfig)
    i.TIM_TI3_SetConfig                      0x0800962e   Section        0  stm32f4xx_hal_tim.o(i.TIM_TI3_SetConfig)
    TIM_TI3_SetConfig                        0x0800962f   Thumb Code    60  stm32f4xx_hal_tim.o(i.TIM_TI3_SetConfig)
    i.TIM_TI4_SetConfig                      0x0800966a   Section        0  stm32f4xx_hal_tim.o(i.TIM_TI4_SetConfig)
    TIM_TI4_SetConfig                        0x0800966b   Thumb Code    64  stm32f4xx_hal_tim.o(i.TIM_TI4_SetConfig)
    i.UART4_IRQHandler                       0x080096ac   Section        0  stm32f4xx_it.o(i.UART4_IRQHandler)
    i.UART_DMAAbortOnError                   0x080096d8   Section        0  stm32f4xx_hal_uart.o(i.UART_DMAAbortOnError)
    UART_DMAAbortOnError                     0x080096d9   Thumb Code    20  stm32f4xx_hal_uart.o(i.UART_DMAAbortOnError)
    i.UART_EndRxTransfer                     0x080096ec   Section        0  stm32f4xx_hal_uart.o(i.UART_EndRxTransfer)
    UART_EndRxTransfer                       0x080096ed   Thumb Code    32  stm32f4xx_hal_uart.o(i.UART_EndRxTransfer)
    i.UART_EndTransmit_IT                    0x0800970c   Section        0  stm32f4xx_hal_uart.o(i.UART_EndTransmit_IT)
    UART_EndTransmit_IT                      0x0800970d   Thumb Code    32  stm32f4xx_hal_uart.o(i.UART_EndTransmit_IT)
    i.UART_Receive_IT                        0x0800972c   Section        0  stm32f4xx_hal_uart.o(i.UART_Receive_IT)
    UART_Receive_IT                          0x0800972d   Thumb Code   154  stm32f4xx_hal_uart.o(i.UART_Receive_IT)
    i.UART_SetConfig                         0x080097c8   Section        0  stm32f4xx_hal_uart.o(i.UART_SetConfig)
    UART_SetConfig                           0x080097c9   Thumb Code   864  stm32f4xx_hal_uart.o(i.UART_SetConfig)
    i.UART_Transmit_IT                       0x08009b30   Section        0  stm32f4xx_hal_uart.o(i.UART_Transmit_IT)
    UART_Transmit_IT                         0x08009b31   Thumb Code   104  stm32f4xx_hal_uart.o(i.UART_Transmit_IT)
    i.UART_WaitOnFlagUntilTimeout            0x08009b98   Section        0  stm32f4xx_hal_uart.o(i.UART_WaitOnFlagUntilTimeout)
    UART_WaitOnFlagUntilTimeout              0x08009b99   Thumb Code   108  stm32f4xx_hal_uart.o(i.UART_WaitOnFlagUntilTimeout)
    i.USART1_IRQHandler                      0x08009c04   Section        0  stm32f4xx_it.o(i.USART1_IRQHandler)
    i.USART2_IRQHandler                      0x08009c20   Section        0  stm32f4xx_it.o(i.USART2_IRQHandler)
    i.USART3_IRQHandler                      0x08009c3c   Section        0  stm32f4xx_it.o(i.USART3_IRQHandler)
    i.Up_ShotBall                            0x08009c58   Section        0  control.o(i.Up_ShotBall)
    i.UsageFault_Handler                     0x08009ca4   Section        0  stm32f4xx_it.o(i.UsageFault_Handler)
    i.__ARM_fpclassify                       0x08009ca8   Section        0  fpclassify.o(i.__ARM_fpclassify)
    i.__hardfp_cos                           0x08009cd8   Section        0  cos.o(i.__hardfp_cos)
    i.__hardfp_fabs                          0x08009da0   Section        0  fabs.o(i.__hardfp_fabs)
    i.__hardfp_sin                           0x08009db8   Section        0  sin.o(i.__hardfp_sin)
    i.__ieee754_rem_pio2                     0x08009e80   Section        0  rred.o(i.__ieee754_rem_pio2)
    i.__kernel_cos                           0x0800a2b8   Section        0  cos_i.o(i.__kernel_cos)
    i.__kernel_poly                          0x0800a428   Section        0  poly.o(i.__kernel_poly)
    i.__kernel_sin                           0x0800a520   Section        0  sin_i.o(i.__kernel_sin)
    i.__mathlib_dbl_infnan                   0x0800a650   Section        0  dunder.o(i.__mathlib_dbl_infnan)
    i.__mathlib_dbl_invalid                  0x0800a668   Section        0  dunder.o(i.__mathlib_dbl_invalid)
    i.__mathlib_dbl_underflow                0x0800a688   Section        0  dunder.o(i.__mathlib_dbl_underflow)
    i.__scatterload_copy                     0x0800a6a8   Section       14  handlers.o(i.__scatterload_copy)
    i.__scatterload_null                     0x0800a6b6   Section        2  handlers.o(i.__scatterload_null)
    i.__scatterload_zeroinit                 0x0800a6b8   Section       14  handlers.o(i.__scatterload_zeroinit)
    i.__set_errno                            0x0800a6c8   Section        0  errno.o(i.__set_errno)
    i.abs_limit                              0x0800a6d4   Section        0  pid.o(i.abs_limit)
    i.adjustAngleVw_PD                       0x0800a704   Section        0  control.o(i.adjustAngleVw_PD)
    adjustAngleVw_PD                         0x0800a705   Thumb Code   278  control.o(i.adjustAngleVw_PD)
    i.adjustVx_PD                            0x0800a83c   Section        0  control.o(i.adjustVx_PD)
    adjustVx_PD                              0x0800a83d   Thumb Code   514  control.o(i.adjustVx_PD)
    i.adjustVy_PD                            0x0800aa80   Section        0  control.o(i.adjustVy_PD)
    adjustVy_PD                              0x0800aa81   Thumb Code   514  control.o(i.adjustVy_PD)
    i.delay_init                             0x0800acc4   Section        0  delay.o(i.delay_init)
    i.delay_ms                               0x0800ad00   Section        0  delay.o(i.delay_ms)
    i.delay_us                               0x0800ad38   Section        0  delay.o(i.delay_us)
    i.delay_xms                              0x0800ad84   Section        0  delay.o(i.delay_xms)
    i.fabs                                   0x0800add0   Section        0  fabs.o(i.fabs)
    i.main                                   0x0800ade8   Section        0  main.o(i.main)
    i.pid_param_init                         0x0800b9c4   Section        0  pid.o(i.pid_param_init)
    pid_param_init                           0x0800b9c5   Thumb Code    20  pid.o(i.pid_param_init)
    .constdata                               0x0800b9d8   Section    18240  lcd.o(.constdata)
    .constdata                               0x08010118   Section       24  system_stm32f4xx.o(.constdata)
    .constdata                               0x08010130   Section       48  cos_i.o(.constdata)
    C                                        0x08010130   Data          48  cos_i.o(.constdata)
    .constdata                               0x08010160   Section      200  rred.o(.constdata)
    pio2s                                    0x08010160   Data          48  rred.o(.constdata)
    twooverpi                                0x08010190   Data         152  rred.o(.constdata)
    .constdata                               0x08010228   Section       40  sin_i.o(.constdata)
    S                                        0x08010228   Data          40  sin_i.o(.constdata)
    .data                                    0x20000000   Section       16  control.o(.data)
    .data                                    0x20000010   Section       36  interrupt_callback.o(.data)
    .data                                    0x20000034   Section       32  get_info.o(.data)
    .data                                    0x20000054   Section        4  delay.o(.data)
    fac_us                                   0x20000054   Data           1  delay.o(.data)
    fac_ms                                   0x20000056   Data           2  delay.o(.data)
    .data                                    0x20000058   Section        8  lcd.o(.data)
    .data                                    0x20000060   Section        9  remote.o(.data)
    .data                                    0x20000069   Section        6  main.o(.data)
    key                                      0x2000006e   Data           1  main.o(.data)
    .data                                    0x20000070   Section       20  can.o(.data)
    .data                                    0x20000084   Section        8  fsmc.o(.data)
    FSMC_Initialized                         0x20000084   Data           4  fsmc.o(.data)
    FSMC_DeInitialized                       0x20000088   Data           4  fsmc.o(.data)
    .data                                    0x2000008c   Section       11  usart.o(.data)
    .data                                    0x20000098   Section       12  find_ball.o(.data)
    state                                    0x200000a0   Data           4  find_ball.o(.data)
    .data                                    0x200000a4   Section        9  stm32f4xx_hal.o(.data)
    .data                                    0x200000b0   Section        4  system_stm32f4xx.o(.data)
    .data                                    0x200000b4   Section        4  errno.o(.data)
    _errno                                   0x200000b4   Data           4  errno.o(.data)
    .bss                                     0x200000b8   Section     1144  control.o(.bss)
    .bss                                     0x20000530   Section       94  lcd.o(.bss)
    .bss                                     0x20000590   Section       92  can.o(.bss)
    .bss                                     0x200005ec   Section       80  fsmc.o(.bss)
    .bss                                     0x2000063c   Section      300  tim.o(.bss)
    .bss                                     0x20000768   Section     1088  usart.o(.bss)
    STACK                                    0x20000ba8   Section     1024  startup_stm32f407xx.o(STACK)

    Global Symbols

    Symbol Name                              Value     Ov Type        Size  Object(Section)

    BuildAttributes$$THM_ISAv4$E$P$D$K$B$S$7EM$VFPi3$EXTD16$VFPS$VFMA$PE$A:L22UL41UL21$X:L11$S22US41US21$IEEE1$IW$USESV6$~STKCKD$USESV7$~SHL$OTIME$ROPI$IEEEX$EBA8$MICROLIB$REQ8$PRES8$EABIv2 0x00000000   Number         0  anon$$obj.o ABSOLUTE
    __ARM_use_no_argv                        0x00000000   Number         0  main.o ABSOLUTE
    __cpp_initialize__aeabi_                  - Undefined Weak Reference
    __cxa_finalize                            - Undefined Weak Reference
    __decompress                              - Undefined Weak Reference
    _clock_init                               - Undefined Weak Reference
    _microlib_exit                            - Undefined Weak Reference
    __Vectors_Size                           0x00000188   Number         0  startup_stm32f407xx.o ABSOLUTE
    __Vectors                                0x08000000   Data           4  startup_stm32f407xx.o(RESET)
    __Vectors_End                            0x08000188   Data           0  startup_stm32f407xx.o(RESET)
    __main                                   0x08000189   Thumb Code     0  entry.o(.ARM.Collect$$$$00000000)
    _main_stk                                0x08000189   Thumb Code     0  entry2.o(.ARM.Collect$$$$00000001)
    _main_scatterload                        0x0800018d   Thumb Code     0  entry5.o(.ARM.Collect$$$$00000004)
    __main_after_scatterload                 0x08000191   Thumb Code     0  entry5.o(.ARM.Collect$$$$00000004)
    _main_clock                              0x08000191   Thumb Code     0  entry7b.o(.ARM.Collect$$$$00000008)
    _main_cpp_init                           0x08000191   Thumb Code     0  entry8b.o(.ARM.Collect$$$$0000000A)
    _main_init                               0x08000191   Thumb Code     0  entry9a.o(.ARM.Collect$$$$0000000B)
    __rt_final_cpp                           0x08000199   Thumb Code     0  entry10a.o(.ARM.Collect$$$$0000000D)
    __rt_final_exit                          0x08000199   Thumb Code     0  entry11a.o(.ARM.Collect$$$$0000000F)
    Reset_Handler                            0x0800019d   Thumb Code     8  startup_stm32f407xx.o(.text)
    ADC_IRQHandler                           0x080001b7   Thumb Code     0  startup_stm32f407xx.o(.text)
    CAN1_RX1_IRQHandler                      0x080001b7   Thumb Code     0  startup_stm32f407xx.o(.text)
    CAN1_SCE_IRQHandler                      0x080001b7   Thumb Code     0  startup_stm32f407xx.o(.text)
    CAN1_TX_IRQHandler                       0x080001b7   Thumb Code     0  startup_stm32f407xx.o(.text)
    CAN2_RX0_IRQHandler                      0x080001b7   Thumb Code     0  startup_stm32f407xx.o(.text)
    CAN2_RX1_IRQHandler                      0x080001b7   Thumb Code     0  startup_stm32f407xx.o(.text)
    CAN2_SCE_IRQHandler                      0x080001b7   Thumb Code     0  startup_stm32f407xx.o(.text)
    CAN2_TX_IRQHandler                       0x080001b7   Thumb Code     0  startup_stm32f407xx.o(.text)
    DCMI_IRQHandler                          0x080001b7   Thumb Code     0  startup_stm32f407xx.o(.text)
    DMA1_Stream0_IRQHandler                  0x080001b7   Thumb Code     0  startup_stm32f407xx.o(.text)
    DMA1_Stream1_IRQHandler                  0x080001b7   Thumb Code     0  startup_stm32f407xx.o(.text)
    DMA1_Stream2_IRQHandler                  0x080001b7   Thumb Code     0  startup_stm32f407xx.o(.text)
    DMA1_Stream3_IRQHandler                  0x080001b7   Thumb Code     0  startup_stm32f407xx.o(.text)
    DMA1_Stream4_IRQHandler                  0x080001b7   Thumb Code     0  startup_stm32f407xx.o(.text)
    DMA1_Stream5_IRQHandler                  0x080001b7   Thumb Code     0  startup_stm32f407xx.o(.text)
    DMA1_Stream6_IRQHandler                  0x080001b7   Thumb Code     0  startup_stm32f407xx.o(.text)
    DMA1_Stream7_IRQHandler                  0x080001b7   Thumb Code     0  startup_stm32f407xx.o(.text)
    DMA2_Stream0_IRQHandler                  0x080001b7   Thumb Code     0  startup_stm32f407xx.o(.text)
    DMA2_Stream1_IRQHandler                  0x080001b7   Thumb Code     0  startup_stm32f407xx.o(.text)
    DMA2_Stream2_IRQHandler                  0x080001b7   Thumb Code     0  startup_stm32f407xx.o(.text)
    DMA2_Stream3_IRQHandler                  0x080001b7   Thumb Code     0  startup_stm32f407xx.o(.text)
    DMA2_Stream4_IRQHandler                  0x080001b7   Thumb Code     0  startup_stm32f407xx.o(.text)
    DMA2_Stream5_IRQHandler                  0x080001b7   Thumb Code     0  startup_stm32f407xx.o(.text)
    DMA2_Stream6_IRQHandler                  0x080001b7   Thumb Code     0  startup_stm32f407xx.o(.text)
    DMA2_Stream7_IRQHandler                  0x080001b7   Thumb Code     0  startup_stm32f407xx.o(.text)
    ETH_IRQHandler                           0x080001b7   Thumb Code     0  startup_stm32f407xx.o(.text)
    ETH_WKUP_IRQHandler                      0x080001b7   Thumb Code     0  startup_stm32f407xx.o(.text)
    EXTI0_IRQHandler                         0x080001b7   Thumb Code     0  startup_stm32f407xx.o(.text)
    EXTI15_10_IRQHandler                     0x080001b7   Thumb Code     0  startup_stm32f407xx.o(.text)
    EXTI1_IRQHandler                         0x080001b7   Thumb Code     0  startup_stm32f407xx.o(.text)
    EXTI2_IRQHandler                         0x080001b7   Thumb Code     0  startup_stm32f407xx.o(.text)
    EXTI3_IRQHandler                         0x080001b7   Thumb Code     0  startup_stm32f407xx.o(.text)
    EXTI4_IRQHandler                         0x080001b7   Thumb Code     0  startup_stm32f407xx.o(.text)
    EXTI9_5_IRQHandler                       0x080001b7   Thumb Code     0  startup_stm32f407xx.o(.text)
    FLASH_IRQHandler                         0x080001b7   Thumb Code     0  startup_stm32f407xx.o(.text)
    FMC_IRQHandler                           0x080001b7   Thumb Code     0  startup_stm32f407xx.o(.text)
    FPU_IRQHandler                           0x080001b7   Thumb Code     0  startup_stm32f407xx.o(.text)
    HASH_RNG_IRQHandler                      0x080001b7   Thumb Code     0  startup_stm32f407xx.o(.text)
    I2C1_ER_IRQHandler                       0x080001b7   Thumb Code     0  startup_stm32f407xx.o(.text)
    I2C1_EV_IRQHandler                       0x080001b7   Thumb Code     0  startup_stm32f407xx.o(.text)
    I2C2_ER_IRQHandler                       0x080001b7   Thumb Code     0  startup_stm32f407xx.o(.text)
    I2C2_EV_IRQHandler                       0x080001b7   Thumb Code     0  startup_stm32f407xx.o(.text)
    I2C3_ER_IRQHandler                       0x080001b7   Thumb Code     0  startup_stm32f407xx.o(.text)
    I2C3_EV_IRQHandler                       0x080001b7   Thumb Code     0  startup_stm32f407xx.o(.text)
    OTG_FS_IRQHandler                        0x080001b7   Thumb Code     0  startup_stm32f407xx.o(.text)
    OTG_FS_WKUP_IRQHandler                   0x080001b7   Thumb Code     0  startup_stm32f407xx.o(.text)
    OTG_HS_EP1_IN_IRQHandler                 0x080001b7   Thumb Code     0  startup_stm32f407xx.o(.text)
    OTG_HS_EP1_OUT_IRQHandler                0x080001b7   Thumb Code     0  startup_stm32f407xx.o(.text)
    OTG_HS_IRQHandler                        0x080001b7   Thumb Code     0  startup_stm32f407xx.o(.text)
    OTG_HS_WKUP_IRQHandler                   0x080001b7   Thumb Code     0  startup_stm32f407xx.o(.text)
    PVD_IRQHandler                           0x080001b7   Thumb Code     0  startup_stm32f407xx.o(.text)
    RCC_IRQHandler                           0x080001b7   Thumb Code     0  startup_stm32f407xx.o(.text)
    RTC_Alarm_IRQHandler                     0x080001b7   Thumb Code     0  startup_stm32f407xx.o(.text)
    RTC_WKUP_IRQHandler                      0x080001b7   Thumb Code     0  startup_stm32f407xx.o(.text)
    SDIO_IRQHandler                          0x080001b7   Thumb Code     0  startup_stm32f407xx.o(.text)
    SPI1_IRQHandler                          0x080001b7   Thumb Code     0  startup_stm32f407xx.o(.text)
    SPI2_IRQHandler                          0x080001b7   Thumb Code     0  startup_stm32f407xx.o(.text)
    SPI3_IRQHandler                          0x080001b7   Thumb Code     0  startup_stm32f407xx.o(.text)
    TAMP_STAMP_IRQHandler                    0x080001b7   Thumb Code     0  startup_stm32f407xx.o(.text)
    TIM1_BRK_TIM9_IRQHandler                 0x080001b7   Thumb Code     0  startup_stm32f407xx.o(.text)
    TIM1_TRG_COM_TIM11_IRQHandler            0x080001b7   Thumb Code     0  startup_stm32f407xx.o(.text)
    TIM2_IRQHandler                          0x080001b7   Thumb Code     0  startup_stm32f407xx.o(.text)
    TIM3_IRQHandler                          0x080001b7   Thumb Code     0  startup_stm32f407xx.o(.text)
    TIM4_IRQHandler                          0x080001b7   Thumb Code     0  startup_stm32f407xx.o(.text)
    TIM6_DAC_IRQHandler                      0x080001b7   Thumb Code     0  startup_stm32f407xx.o(.text)
    TIM7_IRQHandler                          0x080001b7   Thumb Code     0  startup_stm32f407xx.o(.text)
    TIM8_BRK_TIM12_IRQHandler                0x080001b7   Thumb Code     0  startup_stm32f407xx.o(.text)
    TIM8_CC_IRQHandler                       0x080001b7   Thumb Code     0  startup_stm32f407xx.o(.text)
    TIM8_TRG_COM_TIM14_IRQHandler            0x080001b7   Thumb Code     0  startup_stm32f407xx.o(.text)
    TIM8_UP_TIM13_IRQHandler                 0x080001b7   Thumb Code     0  startup_stm32f407xx.o(.text)
    UART5_IRQHandler                         0x080001b7   Thumb Code     0  startup_stm32f407xx.o(.text)
    USART6_IRQHandler                        0x080001b7   Thumb Code     0  startup_stm32f407xx.o(.text)
    WWDG_IRQHandler                          0x080001b7   Thumb Code     0  startup_stm32f407xx.o(.text)
    __aeabi_uldivmod                         0x080001c1   Thumb Code    98  uldiv.o(.text)
    __aeabi_memset                           0x08000223   Thumb Code    14  memseta.o(.text)
    __aeabi_memset4                          0x08000223   Thumb Code     0  memseta.o(.text)
    __aeabi_memset8                          0x08000223   Thumb Code     0  memseta.o(.text)
    __aeabi_memclr                           0x08000231   Thumb Code     4  memseta.o(.text)
    __aeabi_memclr4                          0x08000231   Thumb Code     0  memseta.o(.text)
    __aeabi_memclr8                          0x08000231   Thumb Code     0  memseta.o(.text)
    _memset$wrapper                          0x08000235   Thumb Code    18  memseta.o(.text)
    __aeabi_dadd                             0x08000247   Thumb Code   322  dadd.o(.text)
    __aeabi_dsub                             0x08000389   Thumb Code     6  dadd.o(.text)
    __aeabi_drsub                            0x0800038f   Thumb Code     6  dadd.o(.text)
    __aeabi_dmul                             0x08000395   Thumb Code   228  dmul.o(.text)
    __aeabi_ddiv                             0x08000479   Thumb Code   222  ddiv.o(.text)
    __aeabi_i2d                              0x08000557   Thumb Code    34  dflti.o(.text)
    __aeabi_ui2d                             0x08000579   Thumb Code    26  dfltui.o(.text)
    __aeabi_d2iz                             0x08000593   Thumb Code    62  dfixi.o(.text)
    __aeabi_f2d                              0x080005d1   Thumb Code    38  f2d.o(.text)
    __aeabi_cdcmpeq                          0x080005f9   Thumb Code     0  cdcmple.o(.text)
    __aeabi_cdcmple                          0x080005f9   Thumb Code    48  cdcmple.o(.text)
    __aeabi_cdrcmple                         0x08000629   Thumb Code    48  cdrcmple.o(.text)
    __aeabi_d2f                              0x08000659   Thumb Code    56  d2f.o(.text)
    __aeabi_llsl                             0x08000691   Thumb Code    30  llshl.o(.text)
    _ll_shift_l                              0x08000691   Thumb Code     0  llshl.o(.text)
    __aeabi_llsr                             0x080006af   Thumb Code    32  llushr.o(.text)
    _ll_ushift_r                             0x080006af   Thumb Code     0  llushr.o(.text)
    __aeabi_lasr                             0x080006cf   Thumb Code    36  llsshr.o(.text)
    _ll_sshift_r                             0x080006cf   Thumb Code     0  llsshr.o(.text)
    __I$use$fp                               0x080006f3   Thumb Code     0  iusefp.o(.text)
    _float_round                             0x080006f3   Thumb Code    18  fepilogue.o(.text)
    _float_epilogue                          0x08000705   Thumb Code    92  fepilogue.o(.text)
    _double_round                            0x08000761   Thumb Code    30  depilogue.o(.text)
    _double_epilogue                         0x0800077f   Thumb Code   156  depilogue.o(.text)
    __scatterload                            0x0800081d   Thumb Code    28  init.o(.text)
    __scatterload_rt2                        0x0800081d   Thumb Code     0  init.o(.text)
    AllPID_Init                              0x08000841   Thumb Code    60  control.o(i.AllPID_Init)
    BusFault_Handler                         0x0800088d   Thumb Code     4  stm32f4xx_it.o(i.BusFault_Handler)
    CAN1_Init                                0x08000891   Thumb Code    62  can.o(i.CAN1_Init)
    CAN1_RX0_IRQHandler                      0x080008d5   Thumb Code    10  stm32f4xx_it.o(i.CAN1_RX0_IRQHandler)
    CAN_GetMotorData                         0x080008e5   Thumb Code   234  can.o(i.CAN_GetMotorData)
    CAN_SetMotorCurrent                      0x080009d5   Thumb Code    72  can.o(i.CAN_SetMotorCurrent)
    Calc_MotorSpeed_pid                      0x08000a2d   Thumb Code   122  control.o(i.Calc_MotorSpeed_pid)
    Choose_ball                              0x08000aad   Thumb Code   234  find_ball.o(i.Choose_ball)
    Control_Init                             0x08000b99   Thumb Code   214  control.o(i.Control_Init)
    DebugMon_Handler                         0x08000cad   Thumb Code     2  stm32f4xx_it.o(i.DebugMon_Handler)
    Error_Handler                            0x08000caf   Thumb Code     2  main.o(i.Error_Handler)
    FSMC_NORSRAM_Extended_Timing_Init        0x08000cb1   Thumb Code    66  stm32f4xx_ll_fsmc.o(i.FSMC_NORSRAM_Extended_Timing_Init)
    FSMC_NORSRAM_Init                        0x08000cf9   Thumb Code    88  stm32f4xx_ll_fsmc.o(i.FSMC_NORSRAM_Init)
    FSMC_NORSRAM_Timing_Init                 0x08000d55   Thumb Code    68  stm32f4xx_ll_fsmc.o(i.FSMC_NORSRAM_Timing_Init)
    FindBall_VandR                           0x08000d99   Thumb Code   254  find_ball.o(i.FindBall_VandR)
    FindBall_VandR_sanfenxian                0x08000eb1   Thumb Code   248  find_ball.o(i.FindBall_VandR_sanfenxian)
    FindBall_VandR_sanfenxian_VisionFirst    0x08000fc1   Thumb Code   236  find_ball.o(i.FindBall_VandR_sanfenxian_VisionFirst)
    FindBasketball_Blue                      0x080010c5   Thumb Code    22  find_ball.o(i.FindBasketball_Blue)
    FindBasketball_Double                    0x080010e5   Thumb Code    22  find_ball.o(i.FindBasketball_Double)
    FindBasketball_Orange                    0x08001105   Thumb Code    22  find_ball.o(i.FindBasketball_Orange)
    FindBasketball_jindian                   0x08001125   Thumb Code    22  find_ball.o(i.FindBasketball_jindian)
    FindBasketry                             0x08001145   Thumb Code  2698  find_ball.o(i.FindBasketry)
    FindVolleyball_Double                    0x08001bed   Thumb Code    22  find_ball.o(i.FindVolleyball_Double)
    FindVolleyball_Red                       0x08001c0d   Thumb Code    22  find_ball.o(i.FindVolleyball_Red)
    FindVolleyball_Yellow                    0x08001c2d   Thumb Code    22  find_ball.o(i.FindVolleyball_Yellow)
    FindVolleyball_jindian                   0x08001c4d   Thumb Code    22  find_ball.o(i.FindVolleyball_jindian)
    GetInfraredState                         0x08001c6d   Thumb Code    44  control.o(i.GetInfraredState)
    GetMotorVelocity                         0x08001ca5   Thumb Code   468  control.o(i.GetMotorVelocity)
    GetMotorVelocity_Self                    0x08001e81   Thumb Code   146  control.o(i.GetMotorVelocity_Self)
    GetRadarData                             0x08001f19   Thumb Code   222  get_info.o(i.GetRadarData)
    GetVisionData                            0x08002025   Thumb Code   194  get_info.o(i.GetVisionData)
    GetYaw                                   0x0800210d   Thumb Code   362  get_info.o(i.GetYaw)
    Get_Position                             0x080022a9   Thumb Code   386  get_info.o(i.Get_Position)
    HAL_CAN_ActivateNotification             0x08002451   Thumb Code    44  stm32f4xx_hal_can.o(i.HAL_CAN_ActivateNotification)
    HAL_CAN_AddTxMessage                     0x0800247d   Thumb Code   298  stm32f4xx_hal_can.o(i.HAL_CAN_AddTxMessage)
    HAL_CAN_ConfigFilter                     0x080025a9   Thumb Code   288  stm32f4xx_hal_can.o(i.HAL_CAN_ConfigFilter)
    HAL_CAN_ErrorCallback                    0x080026cd   Thumb Code     2  stm32f4xx_hal_can.o(i.HAL_CAN_ErrorCallback)
    HAL_CAN_GetRxMessage                     0x080026cf   Thumb Code   392  stm32f4xx_hal_can.o(i.HAL_CAN_GetRxMessage)
    HAL_CAN_IRQHandler                       0x08002857   Thumb Code   590  stm32f4xx_hal_can.o(i.HAL_CAN_IRQHandler)
    HAL_CAN_Init                             0x08002aa5   Thumb Code   374  stm32f4xx_hal_can.o(i.HAL_CAN_Init)
    HAL_CAN_MspInit                          0x08002c1d   Thumb Code   140  can.o(i.HAL_CAN_MspInit)
    HAL_CAN_RxFifo0FullCallback              0x08002cb5   Thumb Code     2  stm32f4xx_hal_can.o(i.HAL_CAN_RxFifo0FullCallback)
    HAL_CAN_RxFifo0MsgPendingCallback        0x08002cb9   Thumb Code    34  interrupt_callback.o(i.HAL_CAN_RxFifo0MsgPendingCallback)
    HAL_CAN_RxFifo1FullCallback              0x08002ce9   Thumb Code     2  stm32f4xx_hal_can.o(i.HAL_CAN_RxFifo1FullCallback)
    HAL_CAN_RxFifo1MsgPendingCallback        0x08002ceb   Thumb Code     2  stm32f4xx_hal_can.o(i.HAL_CAN_RxFifo1MsgPendingCallback)
    HAL_CAN_SleepCallback                    0x08002ced   Thumb Code     2  stm32f4xx_hal_can.o(i.HAL_CAN_SleepCallback)
    HAL_CAN_Start                            0x08002cef   Thumb Code    96  stm32f4xx_hal_can.o(i.HAL_CAN_Start)
    HAL_CAN_TxMailbox0AbortCallback          0x08002d4f   Thumb Code     2  stm32f4xx_hal_can.o(i.HAL_CAN_TxMailbox0AbortCallback)
    HAL_CAN_TxMailbox0CompleteCallback       0x08002d51   Thumb Code     2  stm32f4xx_hal_can.o(i.HAL_CAN_TxMailbox0CompleteCallback)
    HAL_CAN_TxMailbox1AbortCallback          0x08002d53   Thumb Code     2  stm32f4xx_hal_can.o(i.HAL_CAN_TxMailbox1AbortCallback)
    HAL_CAN_TxMailbox1CompleteCallback       0x08002d55   Thumb Code     2  stm32f4xx_hal_can.o(i.HAL_CAN_TxMailbox1CompleteCallback)
    HAL_CAN_TxMailbox2AbortCallback          0x08002d57   Thumb Code     2  stm32f4xx_hal_can.o(i.HAL_CAN_TxMailbox2AbortCallback)
    HAL_CAN_TxMailbox2CompleteCallback       0x08002d59   Thumb Code     2  stm32f4xx_hal_can.o(i.HAL_CAN_TxMailbox2CompleteCallback)
    HAL_CAN_WakeUpFromRxMsgCallback          0x08002d5b   Thumb Code     2  stm32f4xx_hal_can.o(i.HAL_CAN_WakeUpFromRxMsgCallback)
    HAL_DMA_Abort_IT                         0x08002d5d   Thumb Code    40  stm32f4xx_hal_dma.o(i.HAL_DMA_Abort_IT)
    HAL_GPIO_Init                            0x08002e4d   Thumb Code   466  stm32f4xx_hal_gpio.o(i.HAL_GPIO_Init)
    HAL_GPIO_WritePin                        0x0800304d   Thumb Code    12  stm32f4xx_hal_gpio.o(i.HAL_GPIO_WritePin)
    HAL_GetTick                              0x08003059   Thumb Code     6  stm32f4xx_hal.o(i.HAL_GetTick)
    HAL_IncTick                              0x08003065   Thumb Code    16  stm32f4xx_hal.o(i.HAL_IncTick)
    HAL_Init                                 0x0800307d   Thumb Code    54  stm32f4xx_hal.o(i.HAL_Init)
    HAL_InitTick                             0x080030b9   Thumb Code    64  stm32f4xx_hal.o(i.HAL_InitTick)
    HAL_MspInit                              0x08003105   Thumb Code    74  stm32f4xx_hal_msp.o(i.HAL_MspInit)
    HAL_NVIC_EnableIRQ                       0x08003155   Thumb Code    26  stm32f4xx_hal_cortex.o(i.HAL_NVIC_EnableIRQ)
    HAL_NVIC_SetPriority                     0x0800316f   Thumb Code   124  stm32f4xx_hal_cortex.o(i.HAL_NVIC_SetPriority)
    HAL_NVIC_SetPriorityGrouping             0x080031ed   Thumb Code    32  stm32f4xx_hal_cortex.o(i.HAL_NVIC_SetPriorityGrouping)
    HAL_RCC_ClockConfig                      0x08003215   Thumb Code   366  stm32f4xx_hal_rcc.o(i.HAL_RCC_ClockConfig)
    HAL_RCC_GetHCLKFreq                      0x08003395   Thumb Code     6  stm32f4xx_hal_rcc.o(i.HAL_RCC_GetHCLKFreq)
    HAL_RCC_GetPCLK1Freq                     0x080033a1   Thumb Code    22  stm32f4xx_hal_rcc.o(i.HAL_RCC_GetPCLK1Freq)
    HAL_RCC_GetPCLK2Freq                     0x080033c1   Thumb Code    22  stm32f4xx_hal_rcc.o(i.HAL_RCC_GetPCLK2Freq)
    HAL_RCC_GetSysClockFreq                  0x080033e1   Thumb Code   162  stm32f4xx_hal_rcc.o(i.HAL_RCC_GetSysClockFreq)
    HAL_RCC_OscConfig                        0x08003491   Thumb Code  1086  stm32f4xx_hal_rcc.o(i.HAL_RCC_OscConfig)
    HAL_SRAM_Init                            0x080038d9   Thumb Code    88  stm32f4xx_hal_sram.o(i.HAL_SRAM_Init)
    HAL_SRAM_MspInit                         0x08003931   Thumb Code    10  fsmc.o(i.HAL_SRAM_MspInit)
    HAL_SYSTICK_CLKSourceConfig              0x0800393b   Thumb Code    40  stm32f4xx_hal_cortex.o(i.HAL_SYSTICK_CLKSourceConfig)
    HAL_SYSTICK_Config                       0x08003963   Thumb Code    52  stm32f4xx_hal_cortex.o(i.HAL_SYSTICK_Config)
    HAL_TIMEx_BreakCallback                  0x08003997   Thumb Code     2  stm32f4xx_hal_tim_ex.o(i.HAL_TIMEx_BreakCallback)
    HAL_TIMEx_CommutationCallback            0x08003999   Thumb Code     2  stm32f4xx_hal_tim_ex.o(i.HAL_TIMEx_CommutationCallback)
    HAL_TIMEx_MasterConfigSynchronization    0x0800399b   Thumb Code    98  stm32f4xx_hal_tim_ex.o(i.HAL_TIMEx_MasterConfigSynchronization)
    HAL_TIM_Base_Init                        0x080039fd   Thumb Code    52  stm32f4xx_hal_tim.o(i.HAL_TIM_Base_Init)
    HAL_TIM_Base_MspInit                     0x08003a31   Thumb Code   256  tim.o(i.HAL_TIM_Base_MspInit)
    HAL_TIM_Base_Start_IT                    0x08003b45   Thumb Code    30  stm32f4xx_hal_tim.o(i.HAL_TIM_Base_Start_IT)
    HAL_TIM_ConfigClockSource                0x08003b63   Thumb Code   306  stm32f4xx_hal_tim.o(i.HAL_TIM_ConfigClockSource)
    HAL_TIM_Encoder_Init                     0x08003c95   Thumb Code   180  stm32f4xx_hal_tim.o(i.HAL_TIM_Encoder_Init)
    HAL_TIM_Encoder_MspInit                  0x08003d49   Thumb Code   226  tim.o(i.HAL_TIM_Encoder_MspInit)
    HAL_TIM_Encoder_Start                    0x08003e3d   Thumb Code    78  stm32f4xx_hal_tim.o(i.HAL_TIM_Encoder_Start)
    HAL_TIM_IC_CaptureCallback               0x08003e8d   Thumb Code   326  interrupt_callback.o(i.HAL_TIM_IC_CaptureCallback)
    HAL_TIM_IC_ConfigChannel                 0x08003ff1   Thumb Code   224  stm32f4xx_hal_tim.o(i.HAL_TIM_IC_ConfigChannel)
    HAL_TIM_IC_Init                          0x080040d1   Thumb Code    52  stm32f4xx_hal_tim.o(i.HAL_TIM_IC_Init)
    HAL_TIM_IC_MspInit                       0x08004105   Thumb Code     2  stm32f4xx_hal_tim.o(i.HAL_TIM_IC_MspInit)
    HAL_TIM_IC_Start_IT                      0x08004107   Thumb Code   108  stm32f4xx_hal_tim.o(i.HAL_TIM_IC_Start_IT)
    HAL_TIM_IRQHandler                       0x08004173   Thumb Code   406  stm32f4xx_hal_tim.o(i.HAL_TIM_IRQHandler)
    HAL_TIM_MspPostInit                      0x08004309   Thumb Code    86  tim.o(i.HAL_TIM_MspPostInit)
    HAL_TIM_OC_DelayElapsedCallback          0x0800436d   Thumb Code     2  stm32f4xx_hal_tim.o(i.HAL_TIM_OC_DelayElapsedCallback)
    HAL_TIM_PWM_ConfigChannel                0x0800436f   Thumb Code   264  stm32f4xx_hal_tim.o(i.HAL_TIM_PWM_ConfigChannel)
    HAL_TIM_PWM_Init                         0x08004477   Thumb Code    52  stm32f4xx_hal_tim.o(i.HAL_TIM_PWM_Init)
    HAL_TIM_PWM_MspInit                      0x080044ab   Thumb Code     2  stm32f4xx_hal_tim.o(i.HAL_TIM_PWM_MspInit)
    HAL_TIM_PWM_PulseFinishedCallback        0x080044ad   Thumb Code     2  stm32f4xx_hal_tim.o(i.HAL_TIM_PWM_PulseFinishedCallback)
    HAL_TIM_PWM_Start                        0x080044b1   Thumb Code    68  stm32f4xx_hal_tim.o(i.HAL_TIM_PWM_Start)
    HAL_TIM_PeriodElapsedCallback            0x080044fd   Thumb Code   250  interrupt_callback.o(i.HAL_TIM_PeriodElapsedCallback)
    HAL_TIM_ReadCapturedValue                0x08004611   Thumb Code    84  stm32f4xx_hal_tim.o(i.HAL_TIM_ReadCapturedValue)
    HAL_TIM_TriggerCallback                  0x08004665   Thumb Code     2  stm32f4xx_hal_tim.o(i.HAL_TIM_TriggerCallback)
    HAL_UART_ErrorCallback                   0x08004669   Thumb Code   208  interrupt_callback.o(i.HAL_UART_ErrorCallback)
    HAL_UART_IRQHandler                      0x08004751   Thumb Code   326  stm32f4xx_hal_uart.o(i.HAL_UART_IRQHandler)
    HAL_UART_Init                            0x0800489d   Thumb Code   114  stm32f4xx_hal_uart.o(i.HAL_UART_Init)
    HAL_UART_MspInit                         0x08004911   Thumb Code   514  usart.o(i.HAL_UART_MspInit)
    HAL_UART_Receive_IT                      0x08004b35   Thumb Code    78  stm32f4xx_hal_uart.o(i.HAL_UART_Receive_IT)
    HAL_UART_RxCpltCallback                  0x08004b85   Thumb Code   868  interrupt_callback.o(i.HAL_UART_RxCpltCallback)
    HAL_UART_Transmit                        0x08004f39   Thumb Code   192  stm32f4xx_hal_uart.o(i.HAL_UART_Transmit)
    HAL_UART_TxCpltCallback                  0x08004ff9   Thumb Code     2  stm32f4xx_hal_uart.o(i.HAL_UART_TxCpltCallback)
    HardFault_Handler                        0x08004ffb   Thumb Code     4  stm32f4xx_it.o(i.HardFault_Handler)
    IMU_Init                                 0x08005001   Thumb Code    54  mpu6050.o(i.IMU_Init)
    LCD_Clear                                0x0800504d   Thumb Code    42  lcd.o(i.LCD_Clear)
    LCD_Display_Dir                          0x08005081   Thumb Code   346  lcd.o(i.LCD_Display_Dir)
    LCD_Fast_DrawPoint                       0x080051e1   Thumb Code   260  lcd.o(i.LCD_Fast_DrawPoint)
    LCD_Init                                 0x080052ed   Thumb Code  3992  lcd.o(i.LCD_Init)
    LCD_Pow                                  0x08006289   Thumb Code    22  lcd.o(i.LCD_Pow)
    LCD_RD_DATA                              0x080062a1   Thumb Code    20  lcd.o(i.LCD_RD_DATA)
    LCD_Scan_Dir                             0x080062b9   Thumb Code   624  lcd.o(i.LCD_Scan_Dir)
    LCD_SetCursor                            0x0800652d   Thumb Code   306  lcd.o(i.LCD_SetCursor)
    LCD_ShowChar                             0x08006665   Thumb Code   288  lcd.o(i.LCD_ShowChar)
    LCD_ShowNum                              0x080067a1   Thumb Code   148  lcd.o(i.LCD_ShowNum)
    LCD_ShowString                           0x08006835   Thumb Code   102  lcd.o(i.LCD_ShowString)
    LCD_Show_Obo                             0x0800689d   Thumb Code   202  lcd.o(i.LCD_Show_Obo)
    LCD_Show_Title                           0x0800696d   Thumb Code   432  lcd.o(i.LCD_Show_Title)
    LCD_Show_V                               0x08006bb1   Thumb Code   512  lcd.o(i.LCD_Show_V)
    LCD_Show_getspeed                        0x08006db9   Thumb Code   374  lcd.o(i.LCD_Show_getspeed)
    LCD_Show_position                        0x08006f35   Thumb Code   512  lcd.o(i.LCD_Show_position)
    LCD_Show_setspeed                        0x0800713d   Thumb Code   336  lcd.o(i.LCD_Show_setspeed)
    LCD_ShowxNum                             0x08007291   Thumb Code   190  lcd.o(i.LCD_ShowxNum)
    LCD_WR_DATA                              0x08007351   Thumb Code    18  lcd.o(i.LCD_WR_DATA)
    LCD_WR_REG                               0x08007369   Thumb Code    18  lcd.o(i.LCD_WR_REG)
    LCD_WriteRAM_Prepare                     0x08007381   Thumb Code    10  lcd.o(i.LCD_WriteRAM_Prepare)
    LCD_WriteReg                             0x08007395   Thumb Code    14  lcd.o(i.LCD_WriteReg)
    MX_CAN1_Init                             0x080073a9   Thumb Code    64  can.o(i.MX_CAN1_Init)
    MX_FSMC_Init                             0x080073f1   Thumb Code   140  fsmc.o(i.MX_FSMC_Init)
    MX_GPIO_Init                             0x08007485   Thumb Code   418  gpio.o(i.MX_GPIO_Init)
    MX_TIM1_Init                             0x08007645   Thumb Code   152  tim.o(i.MX_TIM1_Init)
    MX_TIM2_Init                             0x080076e5   Thumb Code   120  tim.o(i.MX_TIM2_Init)
    MX_TIM4_Init                             0x08007761   Thumb Code   118  tim.o(i.MX_TIM4_Init)
    MX_TIM5_Init                             0x080077e1   Thumb Code    98  tim.o(i.MX_TIM5_Init)
    MX_TIM9_Init                             0x0800784d   Thumb Code   144  tim.o(i.MX_TIM9_Init)
    MX_UART4_Init                            0x080078e5   Thumb Code    46  usart.o(i.MX_UART4_Init)
    MX_USART1_UART_Init                      0x0800791d   Thumb Code    46  usart.o(i.MX_USART1_UART_Init)
    MX_USART2_UART_Init                      0x08007955   Thumb Code    46  usart.o(i.MX_USART2_UART_Init)
    MX_USART3_UART_Init                      0x0800798d   Thumb Code    46  usart.o(i.MX_USART3_UART_Init)
    MemManage_Handler                        0x080079c5   Thumb Code     4  stm32f4xx_it.o(i.MemManage_Handler)
    MoveOfFindingBallByRadar                 0x080079c9   Thumb Code   808  find_ball.o(i.MoveOfFindingBallByRadar)
    MoveOfFindingBallByVision                0x08007d1d   Thumb Code   260  find_ball.o(i.MoveOfFindingBallByVision)
    NMI_Handler                              0x08007e45   Thumb Code     2  stm32f4xx_it.o(i.NMI_Handler)
    PID_Calc                                 0x08007e81   Thumb Code   528  pid.o(i.PID_Calc)
    PID_Init                                 0x08008095   Thumb Code    66  pid.o(i.PID_Init)
    PendSV_Handler                           0x080080dd   Thumb Code     2  stm32f4xx_it.o(i.PendSV_Handler)
    ReadEncoder                              0x080080e1   Thumb Code    38  get_info.o(i.ReadEncoder)
    Remote_Control                           0x08008111   Thumb Code  1190  remote.o(i.Remote_Control)
    Remote_Scan                              0x080085b9   Thumb Code   110  remote.o(i.Remote_Scan)
    RobotGoAvoidance                         0x08008635   Thumb Code  1278  control.o(i.RobotGoAvoidance)
    RobotGoTo                                0x08008b41   Thumb Code   392  control.o(i.RobotGoTo)
    RobotRotate                              0x08008cdd   Thumb Code   198  control.o(i.RobotRotate)
    Robot_ArmDown                            0x08008db1   Thumb Code    64  control.o(i.Robot_ArmDown)
    Robot_ArmUp                              0x08008df5   Thumb Code    64  control.o(i.Robot_ArmUp)
    RotateOnItsOwnAxis                       0x08008e39   Thumb Code   458  find_ball.o(i.RotateOnItsOwnAxis)
    SVC_Handler                              0x08009035   Thumb Code     2  stm32f4xx_it.o(i.SVC_Handler)
    Set_MotorSpeed                           0x08009039   Thumb Code    64  control.o(i.Set_MotorSpeed)
    ShoveMotor                               0x0800907d   Thumb Code    66  control.o(i.ShoveMotor)
    SysTick_Handler                          0x080090c5   Thumb Code     8  stm32f4xx_it.o(i.SysTick_Handler)
    SystemClock_Config                       0x080090cd   Thumb Code   172  main.o(i.SystemClock_Config)
    SystemInit                               0x08009181   Thumb Code    82  system_stm32f4xx.o(i.SystemInit)
    TIM1_CC_IRQHandler                       0x080091e5   Thumb Code    10  stm32f4xx_it.o(i.TIM1_CC_IRQHandler)
    TIM1_UP_TIM10_IRQHandler                 0x080091f5   Thumb Code    10  stm32f4xx_it.o(i.TIM1_UP_TIM10_IRQHandler)
    TIM5_IRQHandler                          0x08009205   Thumb Code    10  stm32f4xx_it.o(i.TIM5_IRQHandler)
    TIM_Base_SetConfig                       0x08009215   Thumb Code   184  stm32f4xx_hal_tim.o(i.TIM_Base_SetConfig)
    TIM_CCxChannelCmd                        0x080092f9   Thumb Code    28  stm32f4xx_hal_tim.o(i.TIM_CCxChannelCmd)
    TIM_OC2_SetConfig                        0x080093b1   Thumb Code   112  stm32f4xx_hal_tim.o(i.TIM_OC2_SetConfig)
    TIM_TI1_SetConfig                        0x0800952d   Thumb Code   122  stm32f4xx_hal_tim.o(i.TIM_TI1_SetConfig)
    UART4_IRQHandler                         0x080096ad   Thumb Code    36  stm32f4xx_it.o(i.UART4_IRQHandler)
    USART1_IRQHandler                        0x08009c05   Thumb Code    20  stm32f4xx_it.o(i.USART1_IRQHandler)
    USART2_IRQHandler                        0x08009c21   Thumb Code    20  stm32f4xx_it.o(i.USART2_IRQHandler)
    USART3_IRQHandler                        0x08009c3d   Thumb Code    20  stm32f4xx_it.o(i.USART3_IRQHandler)
    Up_ShotBall                              0x08009c59   Thumb Code    64  control.o(i.Up_ShotBall)
    UsageFault_Handler                       0x08009ca5   Thumb Code     4  stm32f4xx_it.o(i.UsageFault_Handler)
    __ARM_fpclassify                         0x08009ca9   Thumb Code    48  fpclassify.o(i.__ARM_fpclassify)
    __hardfp_cos                             0x08009cd9   Thumb Code   180  cos.o(i.__hardfp_cos)
    __hardfp_fabs                            0x08009da1   Thumb Code    20  fabs.o(i.__hardfp_fabs)
    __hardfp_sin                             0x08009db9   Thumb Code   180  sin.o(i.__hardfp_sin)
    __ieee754_rem_pio2                       0x08009e81   Thumb Code   938  rred.o(i.__ieee754_rem_pio2)
    __kernel_cos                             0x0800a2b9   Thumb Code   322  cos_i.o(i.__kernel_cos)
    __kernel_poly                            0x0800a429   Thumb Code   248  poly.o(i.__kernel_poly)
    __kernel_sin                             0x0800a521   Thumb Code   280  sin_i.o(i.__kernel_sin)
    __mathlib_dbl_infnan                     0x0800a651   Thumb Code    20  dunder.o(i.__mathlib_dbl_infnan)
    __mathlib_dbl_invalid                    0x0800a669   Thumb Code    24  dunder.o(i.__mathlib_dbl_invalid)
    __mathlib_dbl_underflow                  0x0800a689   Thumb Code    24  dunder.o(i.__mathlib_dbl_underflow)
    __scatterload_copy                       0x0800a6a9   Thumb Code    14  handlers.o(i.__scatterload_copy)
    __scatterload_null                       0x0800a6b7   Thumb Code     2  handlers.o(i.__scatterload_null)
    __scatterload_zeroinit                   0x0800a6b9   Thumb Code    14  handlers.o(i.__scatterload_zeroinit)
    __set_errno                              0x0800a6c9   Thumb Code     6  errno.o(i.__set_errno)
    abs_limit                                0x0800a6d5   Thumb Code    46  pid.o(i.abs_limit)
    delay_init                               0x0800acc5   Thumb Code    50  delay.o(i.delay_init)
    delay_ms                                 0x0800ad01   Thumb Code    56  delay.o(i.delay_ms)
    delay_us                                 0x0800ad39   Thumb Code    72  delay.o(i.delay_us)
    delay_xms                                0x0800ad85   Thumb Code    72  delay.o(i.delay_xms)
    fabs                                     0x0800add1   Thumb Code    24  fabs.o(i.fabs)
    main                                     0x0800ade9   Thumb Code  2984  main.o(i.main)
    asc2_1206                                0x0800b9d8   Data        1140  lcd.o(.constdata)
    asc2_1608                                0x0800be4c   Data        1520  lcd.o(.constdata)
    asc2_2412                                0x0800c43c   Data        3420  lcd.o(.constdata)
    asc2_3216                                0x0800d198   Data       12160  lcd.o(.constdata)
    AHBPrescTable                            0x08010118   Data          16  system_stm32f4xx.o(.constdata)
    APBPrescTable                            0x08010128   Data           8  system_stm32f4xx.o(.constdata)
    Region$$Table$$Base                      0x08010250   Number         0  anon$$obj.o(Region$$Table)
    Region$$Table$$Limit                     0x08010270   Number         0  anon$$obj.o(Region$$Table)
    Lost_IMUtime                             0x20000000   Data           2  control.o(.data)
    BASKETRY_MID                             0x20000004   Data           4  control.o(.data)
    DIS_RADAR                                0x20000008   Data           4  control.o(.data)
    pidAdjust                                0x2000000c   Data           4  control.o(.data)
    times                                    0x20000010   Data           2  interrupt_callback.o(.data)
    aaaaa                                    0x20000014   Data           4  interrupt_callback.o(.data)
    bbbbb                                    0x20000018   Data           4  interrupt_callback.o(.data)
    a1                                       0x2000001c   Data           4  interrupt_callback.o(.data)
    a2                                       0x20000020   Data           4  interrupt_callback.o(.data)
    a3                                       0x20000024   Data           4  interrupt_callback.o(.data)
    a4                                       0x20000028   Data           4  interrupt_callback.o(.data)
    a5                                       0x2000002c   Data           4  interrupt_callback.o(.data)
    charBuf                                  0x20000030   Data           4  interrupt_callback.o(.data)
    sum33                                    0x20000034   Data           4  get_info.o(.data)
    a                                        0x20000038   Data           4  get_info.o(.data)
    d                                        0x2000003c   Data           4  get_info.o(.data)
    sum11                                    0x20000040   Data           4  get_info.o(.data)
    sum22                                    0x20000044   Data           4  get_info.o(.data)
    asd                                      0x20000048   Data           4  get_info.o(.data)
    sum44                                    0x2000004c   Data           4  get_info.o(.data)
    abc                                      0x20000050   Data           4  get_info.o(.data)
    POINT_COLOR                              0x20000058   Data           4  lcd.o(.data)
    BACK_COLOR                               0x2000005c   Data           4  lcd.o(.data)
    RmtSta                                   0x20000060   Data           1  remote.o(.data)
    Dval                                     0x20000062   Data           2  remote.o(.data)
    RmtRec                                   0x20000064   Data           4  remote.o(.data)
    RmtCnt                                   0x20000068   Data           1  remote.o(.data)
    zhongquan_case                           0x20000069   Data           1  main.o(.data)
    sanfen_case                              0x2000006a   Data           1  main.o(.data)
    changdi                                  0x2000006b   Data           1  main.o(.data)
    chengxu                                  0x2000006c   Data           1  main.o(.data)
    qiu                                      0x2000006d   Data           1  main.o(.data)
    txData                                   0x20000070   Data           8  can.o(.data)
    canRxDataBuf                             0x20000078   Data           8  can.o(.data)
    pTxMailbox                               0x20000080   Data           4  can.o(.data)
    USART1_RX_STA                            0x2000008c   Data           2  usart.o(.data)
    USART2_RX_STA                            0x2000008e   Data           2  usart.o(.data)
    USART3_RX_STA                            0x20000090   Data           2  usart.o(.data)
    receive                                  0x20000092   Data           1  usart.o(.data)
    receive2                                 0x20000093   Data           1  usart.o(.data)
    receive3                                 0x20000094   Data           1  usart.o(.data)
    aRxBuffer1                               0x20000095   Data           1  usart.o(.data)
    aRxBuffer3                               0x20000096   Data           1  usart.o(.data)
    ball                                     0x20000098   Data           1  find_ball.o(.data)
    test                                     0x2000009c   Data           4  find_ball.o(.data)
    uwTick                                   0x200000a4   Data           4  stm32f4xx_hal.o(.data)
    uwTickPrio                               0x200000a8   Data           4  stm32f4xx_hal.o(.data)
    uwTickFreq                               0x200000ac   Data           1  stm32f4xx_hal.o(.data)
    SystemCoreClock                          0x200000b0   Data           4  system_stm32f4xx.o(.data)
    rxPID                                    0x200000b8   Data          28  control.o(.bss)
    output                                   0x200000d4   Data          24  control.o(.bss)
    Radar                                    0x200000ec   Data          36  control.o(.bss)
    Vision                                   0x20000110   Data          56  control.o(.bss)
    Motor                                    0x20000148   Data         928  control.o(.bss)
    BasketballRobot                          0x200004e8   Data          72  control.o(.bss)
    TFTSRAM_Handler                          0x20000530   Data          80  lcd.o(.bss)
    lcddev                                   0x20000580   Data          14  lcd.o(.bss)
    Tx1Message                               0x20000590   Data          24  can.o(.bss)
    Rx1Message                               0x200005a8   Data          28  can.o(.bss)
    hcan1                                    0x200005c4   Data          40  can.o(.bss)
    hsram1                                   0x200005ec   Data          80  fsmc.o(.bss)
    htim1                                    0x2000063c   Data          60  tim.o(.bss)
    htim2                                    0x20000678   Data          60  tim.o(.bss)
    htim4                                    0x200006b4   Data          60  tim.o(.bss)
    htim5                                    0x200006f0   Data          60  tim.o(.bss)
    htim9                                    0x2000072c   Data          60  tim.o(.bss)
    USART_RX_BUF                             0x20000768   Data         200  usart.o(.bss)
    USART1_RX_BUF                            0x20000830   Data         200  usart.o(.bss)
    USART2_RX_BUF                            0x200008f8   Data         200  usart.o(.bss)
    USART3_RX_BUF                            0x200009c0   Data         200  usart.o(.bss)
    aRxBuffer2                               0x20000a88   Data          30  usart.o(.bss)
    huart4                                   0x20000aa8   Data          64  usart.o(.bss)
    huart1                                   0x20000ae8   Data          64  usart.o(.bss)
    huart2                                   0x20000b28   Data          64  usart.o(.bss)
    huart3                                   0x20000b68   Data          64  usart.o(.bss)
    __initial_sp                             0x20000fa8   Data           0  startup_stm32f407xx.o(STACK)



==============================================================================

Memory Map of the image

  Image Entry point : 0x08000189

  Load Region LR_IROM1 (Base: 0x08000000, Size: 0x00010328, Max: 0x00100000, ABSOLUTE)

    Execution Region ER_IROM1 (Exec base: 0x08000000, Load base: 0x08000000, Size: 0x00010270, Max: 0x00100000, ABSOLUTE)

    Exec Addr    Load Addr    Size         Type   Attr      Idx    E Section Name        Object

    0x08000000   0x08000000   0x00000188   Data   RO            3    RESET               startup_stm32f407xx.o
    0x08000188   0x08000188   0x00000000   Code   RO         4367  * .ARM.Collect$$$$00000000  mc_w.l(entry.o)
    0x08000188   0x08000188   0x00000004   Code   RO         4441    .ARM.Collect$$$$00000001  mc_w.l(entry2.o)
    0x0800018c   0x0800018c   0x00000004   Code   RO         4444    .ARM.Collect$$$$00000004  mc_w.l(entry5.o)
    0x08000190   0x08000190   0x00000000   Code   RO         4446    .ARM.Collect$$$$00000008  mc_w.l(entry7b.o)
    0x08000190   0x08000190   0x00000000   Code   RO         4448    .ARM.Collect$$$$0000000A  mc_w.l(entry8b.o)
    0x08000190   0x08000190   0x00000008   Code   RO         4449    .ARM.Collect$$$$0000000B  mc_w.l(entry9a.o)
    0x08000198   0x08000198   0x00000000   Code   RO         4451    .ARM.Collect$$$$0000000D  mc_w.l(entry10a.o)
    0x08000198   0x08000198   0x00000000   Code   RO         4453    .ARM.Collect$$$$0000000F  mc_w.l(entry11a.o)
    0x08000198   0x08000198   0x00000004   Code   RO         4442    .ARM.Collect$$$$00002712  mc_w.l(entry2.o)
    0x0800019c   0x0800019c   0x00000024   Code   RO            4    .text               startup_stm32f407xx.o
    0x080001c0   0x080001c0   0x00000062   Code   RO         4370    .text               mc_w.l(uldiv.o)
    0x08000222   0x08000222   0x00000024   Code   RO         4372    .text               mc_w.l(memseta.o)
    0x08000246   0x08000246   0x0000014e   Code   RO         4374    .text               mf_w.l(dadd.o)
    0x08000394   0x08000394   0x000000e4   Code   RO         4376    .text               mf_w.l(dmul.o)
    0x08000478   0x08000478   0x000000de   Code   RO         4378    .text               mf_w.l(ddiv.o)
    0x08000556   0x08000556   0x00000022   Code   RO         4382    .text               mf_w.l(dflti.o)
    0x08000578   0x08000578   0x0000001a   Code   RO         4384    .text               mf_w.l(dfltui.o)
    0x08000592   0x08000592   0x0000003e   Code   RO         4386    .text               mf_w.l(dfixi.o)
    0x080005d0   0x080005d0   0x00000026   Code   RO         4390    .text               mf_w.l(f2d.o)
    0x080005f6   0x080005f6   0x00000002   PAD
    0x080005f8   0x080005f8   0x00000030   Code   RO         4392    .text               mf_w.l(cdcmple.o)
    0x08000628   0x08000628   0x00000030   Code   RO         4394    .text               mf_w.l(cdrcmple.o)
    0x08000658   0x08000658   0x00000038   Code   RO         4396    .text               mf_w.l(d2f.o)
    0x08000690   0x08000690   0x0000001e   Code   RO         4455    .text               mc_w.l(llshl.o)
    0x080006ae   0x080006ae   0x00000020   Code   RO         4457    .text               mc_w.l(llushr.o)
    0x080006ce   0x080006ce   0x00000024   Code   RO         4459    .text               mc_w.l(llsshr.o)
    0x080006f2   0x080006f2   0x00000000   Code   RO         4468    .text               mc_w.l(iusefp.o)
    0x080006f2   0x080006f2   0x0000006e   Code   RO         4469    .text               mf_w.l(fepilogue.o)
    0x08000760   0x08000760   0x000000ba   Code   RO         4471    .text               mf_w.l(depilogue.o)
    0x0800081a   0x0800081a   0x00000002   PAD
    0x0800081c   0x0800081c   0x00000024   Code   RO         4477    .text               mc_w.l(init.o)
    0x08000840   0x08000840   0x0000004c   Code   RO           13    i.AllPID_Init       control.o
    0x0800088c   0x0800088c   0x00000004   Code   RO         1210    i.BusFault_Handler  stm32f4xx_it.o
    0x08000890   0x08000890   0x00000044   Code   RO          920    i.CAN1_Init         can.o
    0x080008d4   0x080008d4   0x00000010   Code   RO         1211    i.CAN1_RX0_IRQHandler  stm32f4xx_it.o
    0x080008e4   0x080008e4   0x000000f0   Code   RO          921    i.CAN_GetMotorData  can.o
    0x080009d4   0x080009d4   0x00000058   Code   RO          922    i.CAN_SetMotorCurrent  can.o
    0x08000a2c   0x08000a2c   0x00000080   Code   RO           15    i.Calc_MotorSpeed_pid  control.o
    0x08000aac   0x08000aac   0x000000ea   Code   RO         1358    i.Choose_ball       find_ball.o
    0x08000b96   0x08000b96   0x00000002   PAD
    0x08000b98   0x08000b98   0x00000114   Code   RO           16    i.Control_Init      control.o
    0x08000cac   0x08000cac   0x00000002   Code   RO         1212    i.DebugMon_Handler  stm32f4xx_it.o
    0x08000cae   0x08000cae   0x00000002   Code   RO          851    i.Error_Handler     main.o
    0x08000cb0   0x08000cb0   0x00000048   Code   RO         1747    i.FSMC_NORSRAM_Extended_Timing_Init  stm32f4xx_ll_fsmc.o
    0x08000cf8   0x08000cf8   0x0000005c   Code   RO         1748    i.FSMC_NORSRAM_Init  stm32f4xx_ll_fsmc.o
    0x08000d54   0x08000d54   0x00000044   Code   RO         1749    i.FSMC_NORSRAM_Timing_Init  stm32f4xx_ll_fsmc.o
    0x08000d98   0x08000d98   0x00000118   Code   RO         1359    i.FindBall_VandR    find_ball.o
    0x08000eb0   0x08000eb0   0x00000110   Code   RO         1361    i.FindBall_VandR_sanfenxian  find_ball.o
    0x08000fc0   0x08000fc0   0x00000104   Code   RO         1362    i.FindBall_VandR_sanfenxian_VisionFirst  find_ball.o
    0x080010c4   0x080010c4   0x00000020   Code   RO         1365    i.FindBasketball_Blue  find_ball.o
    0x080010e4   0x080010e4   0x00000020   Code   RO         1366    i.FindBasketball_Double  find_ball.o
    0x08001104   0x08001104   0x00000020   Code   RO         1367    i.FindBasketball_Orange  find_ball.o
    0x08001124   0x08001124   0x00000020   Code   RO         1368    i.FindBasketball_jindian  find_ball.o
    0x08001144   0x08001144   0x00000aa8   Code   RO         1369    i.FindBasketry      find_ball.o
    0x08001bec   0x08001bec   0x00000020   Code   RO         1371    i.FindVolleyball_Double  find_ball.o
    0x08001c0c   0x08001c0c   0x00000020   Code   RO         1372    i.FindVolleyball_Red  find_ball.o
    0x08001c2c   0x08001c2c   0x00000020   Code   RO         1373    i.FindVolleyball_Yellow  find_ball.o
    0x08001c4c   0x08001c4c   0x00000020   Code   RO         1374    i.FindVolleyball_jindian  find_ball.o
    0x08001c6c   0x08001c6c   0x00000038   Code   RO           17    i.GetInfraredState  control.o
    0x08001ca4   0x08001ca4   0x000001dc   Code   RO           18    i.GetMotorVelocity  control.o
    0x08001e80   0x08001e80   0x00000098   Code   RO           19    i.GetMotorVelocity_Self  control.o
    0x08001f18   0x08001f18   0x0000010c   Code   RO          418    i.GetRadarData      get_info.o
    0x08002024   0x08002024   0x000000e8   Code   RO          419    i.GetVisionData     get_info.o
    0x0800210c   0x0800210c   0x0000019c   Code   RO          420    i.GetYaw            get_info.o
    0x080022a8   0x080022a8   0x000001a8   Code   RO          421    i.Get_Position      get_info.o
    0x08002450   0x08002450   0x0000002c   Code   RO         1506    i.HAL_CAN_ActivateNotification  stm32f4xx_hal_can.o
    0x0800247c   0x0800247c   0x0000012a   Code   RO         1507    i.HAL_CAN_AddTxMessage  stm32f4xx_hal_can.o
    0x080025a6   0x080025a6   0x00000002   PAD
    0x080025a8   0x080025a8   0x00000124   Code   RO         1508    i.HAL_CAN_ConfigFilter  stm32f4xx_hal_can.o
    0x080026cc   0x080026cc   0x00000002   Code   RO         1511    i.HAL_CAN_ErrorCallback  stm32f4xx_hal_can.o
    0x080026ce   0x080026ce   0x00000188   Code   RO         1514    i.HAL_CAN_GetRxMessage  stm32f4xx_hal_can.o
    0x08002856   0x08002856   0x0000024e   Code   RO         1518    i.HAL_CAN_IRQHandler  stm32f4xx_hal_can.o
    0x08002aa4   0x08002aa4   0x00000176   Code   RO         1519    i.HAL_CAN_Init      stm32f4xx_hal_can.o
    0x08002c1a   0x08002c1a   0x00000002   PAD
    0x08002c1c   0x08002c1c   0x00000098   Code   RO          924    i.HAL_CAN_MspInit   can.o
    0x08002cb4   0x08002cb4   0x00000002   Code   RO         1526    i.HAL_CAN_RxFifo0FullCallback  stm32f4xx_hal_can.o
    0x08002cb6   0x08002cb6   0x00000002   PAD
    0x08002cb8   0x08002cb8   0x00000030   Code   RO          296    i.HAL_CAN_RxFifo0MsgPendingCallback  interrupt_callback.o
    0x08002ce8   0x08002ce8   0x00000002   Code   RO         1528    i.HAL_CAN_RxFifo1FullCallback  stm32f4xx_hal_can.o
    0x08002cea   0x08002cea   0x00000002   Code   RO         1529    i.HAL_CAN_RxFifo1MsgPendingCallback  stm32f4xx_hal_can.o
    0x08002cec   0x08002cec   0x00000002   Code   RO         1530    i.HAL_CAN_SleepCallback  stm32f4xx_hal_can.o
    0x08002cee   0x08002cee   0x00000060   Code   RO         1531    i.HAL_CAN_Start     stm32f4xx_hal_can.o
    0x08002d4e   0x08002d4e   0x00000002   Code   RO         1533    i.HAL_CAN_TxMailbox0AbortCallback  stm32f4xx_hal_can.o
    0x08002d50   0x08002d50   0x00000002   Code   RO         1534    i.HAL_CAN_TxMailbox0CompleteCallback  stm32f4xx_hal_can.o
    0x08002d52   0x08002d52   0x00000002   Code   RO         1535    i.HAL_CAN_TxMailbox1AbortCallback  stm32f4xx_hal_can.o
    0x08002d54   0x08002d54   0x00000002   Code   RO         1536    i.HAL_CAN_TxMailbox1CompleteCallback  stm32f4xx_hal_can.o
    0x08002d56   0x08002d56   0x00000002   Code   RO         1537    i.HAL_CAN_TxMailbox2AbortCallback  stm32f4xx_hal_can.o
    0x08002d58   0x08002d58   0x00000002   Code   RO         1538    i.HAL_CAN_TxMailbox2CompleteCallback  stm32f4xx_hal_can.o
    0x08002d5a   0x08002d5a   0x00000002   Code   RO         1540    i.HAL_CAN_WakeUpFromRxMsgCallback  stm32f4xx_hal_can.o
    0x08002d5c   0x08002d5c   0x00000028   Code   RO         3704    i.HAL_DMA_Abort_IT  stm32f4xx_hal_dma.o
    0x08002d84   0x08002d84   0x000000c8   Code   RO          982    i.HAL_FSMC_MspInit  fsmc.o
    0x08002e4c   0x08002e4c   0x00000200   Code   RO         3596    i.HAL_GPIO_Init     stm32f4xx_hal_gpio.o
    0x0800304c   0x0800304c   0x0000000c   Code   RO         3600    i.HAL_GPIO_WritePin  stm32f4xx_hal_gpio.o
    0x08003058   0x08003058   0x0000000c   Code   RO         4133    i.HAL_GetTick       stm32f4xx_hal.o
    0x08003064   0x08003064   0x00000018   Code   RO         4137    i.HAL_IncTick       stm32f4xx_hal.o
    0x0800307c   0x0800307c   0x0000003c   Code   RO         4138    i.HAL_Init          stm32f4xx_hal.o
    0x080030b8   0x080030b8   0x0000004c   Code   RO         4139    i.HAL_InitTick      stm32f4xx_hal.o
    0x08003104   0x08003104   0x00000050   Code   RO         1334    i.HAL_MspInit       stm32f4xx_hal_msp.o
    0x08003154   0x08003154   0x0000001a   Code   RO         3985    i.HAL_NVIC_EnableIRQ  stm32f4xx_hal_cortex.o
    0x0800316e   0x0800316e   0x0000007c   Code   RO         3991    i.HAL_NVIC_SetPriority  stm32f4xx_hal_cortex.o
    0x080031ea   0x080031ea   0x00000002   PAD
    0x080031ec   0x080031ec   0x00000028   Code   RO         3992    i.HAL_NVIC_SetPriorityGrouping  stm32f4xx_hal_cortex.o
    0x08003214   0x08003214   0x00000180   Code   RO         3197    i.HAL_RCC_ClockConfig  stm32f4xx_hal_rcc.o
    0x08003394   0x08003394   0x0000000c   Code   RO         3202    i.HAL_RCC_GetHCLKFreq  stm32f4xx_hal_rcc.o
    0x080033a0   0x080033a0   0x00000020   Code   RO         3204    i.HAL_RCC_GetPCLK1Freq  stm32f4xx_hal_rcc.o
    0x080033c0   0x080033c0   0x00000020   Code   RO         3205    i.HAL_RCC_GetPCLK2Freq  stm32f4xx_hal_rcc.o
    0x080033e0   0x080033e0   0x000000b0   Code   RO         3206    i.HAL_RCC_GetSysClockFreq  stm32f4xx_hal_rcc.o
    0x08003490   0x08003490   0x00000448   Code   RO         3209    i.HAL_RCC_OscConfig  stm32f4xx_hal_rcc.o
    0x080038d8   0x080038d8   0x00000058   Code   RO         1869    i.HAL_SRAM_Init     stm32f4xx_hal_sram.o
    0x08003930   0x08003930   0x0000000a   Code   RO          984    i.HAL_SRAM_MspInit  fsmc.o
    0x0800393a   0x0800393a   0x00000028   Code   RO         3994    i.HAL_SYSTICK_CLKSourceConfig  stm32f4xx_hal_cortex.o
    0x08003962   0x08003962   0x00000034   Code   RO         3996    i.HAL_SYSTICK_Config  stm32f4xx_hal_cortex.o
    0x08003996   0x08003996   0x00000002   Code   RO         2626    i.HAL_TIMEx_BreakCallback  stm32f4xx_hal_tim_ex.o
    0x08003998   0x08003998   0x00000002   Code   RO         2627    i.HAL_TIMEx_CommutationCallback  stm32f4xx_hal_tim_ex.o
    0x0800399a   0x0800399a   0x00000062   Code   RO         2643    i.HAL_TIMEx_MasterConfigSynchronization  stm32f4xx_hal_tim_ex.o
    0x080039fc   0x080039fc   0x00000034   Code   RO         1987    i.HAL_TIM_Base_Init  stm32f4xx_hal_tim.o
    0x08003a30   0x08003a30   0x00000114   Code   RO         1035    i.HAL_TIM_Base_MspInit  tim.o
    0x08003b44   0x08003b44   0x0000001e   Code   RO         1992    i.HAL_TIM_Base_Start_IT  stm32f4xx_hal_tim.o
    0x08003b62   0x08003b62   0x00000132   Code   RO         1996    i.HAL_TIM_ConfigClockSource  stm32f4xx_hal_tim.o
    0x08003c94   0x08003c94   0x000000b4   Code   RO         2005    i.HAL_TIM_Encoder_Init  stm32f4xx_hal_tim.o
    0x08003d48   0x08003d48   0x000000f4   Code   RO         1037    i.HAL_TIM_Encoder_MspInit  tim.o
    0x08003e3c   0x08003e3c   0x0000004e   Code   RO         2008    i.HAL_TIM_Encoder_Start  stm32f4xx_hal_tim.o
    0x08003e8a   0x08003e8a   0x00000002   PAD
    0x08003e8c   0x08003e8c   0x00000164   Code   RO          297    i.HAL_TIM_IC_CaptureCallback  interrupt_callback.o
    0x08003ff0   0x08003ff0   0x000000e0   Code   RO         2017    i.HAL_TIM_IC_ConfigChannel  stm32f4xx_hal_tim.o
    0x080040d0   0x080040d0   0x00000034   Code   RO         2020    i.HAL_TIM_IC_Init   stm32f4xx_hal_tim.o
    0x08004104   0x08004104   0x00000002   Code   RO         2022    i.HAL_TIM_IC_MspInit  stm32f4xx_hal_tim.o
    0x08004106   0x08004106   0x0000006c   Code   RO         2025    i.HAL_TIM_IC_Start_IT  stm32f4xx_hal_tim.o
    0x08004172   0x08004172   0x00000196   Code   RO         2029    i.HAL_TIM_IRQHandler  stm32f4xx_hal_tim.o
    0x08004308   0x08004308   0x00000064   Code   RO         1038    i.HAL_TIM_MspPostInit  tim.o
    0x0800436c   0x0800436c   0x00000002   Code   RO         2032    i.HAL_TIM_OC_DelayElapsedCallback  stm32f4xx_hal_tim.o
    0x0800436e   0x0800436e   0x00000108   Code   RO         2053    i.HAL_TIM_PWM_ConfigChannel  stm32f4xx_hal_tim.o
    0x08004476   0x08004476   0x00000034   Code   RO         2056    i.HAL_TIM_PWM_Init  stm32f4xx_hal_tim.o
    0x080044aa   0x080044aa   0x00000002   Code   RO         2058    i.HAL_TIM_PWM_MspInit  stm32f4xx_hal_tim.o
    0x080044ac   0x080044ac   0x00000002   Code   RO         2059    i.HAL_TIM_PWM_PulseFinishedCallback  stm32f4xx_hal_tim.o
    0x080044ae   0x080044ae   0x00000002   PAD
    0x080044b0   0x080044b0   0x0000004c   Code   RO         2060    i.HAL_TIM_PWM_Start  stm32f4xx_hal_tim.o
    0x080044fc   0x080044fc   0x00000114   Code   RO          298    i.HAL_TIM_PeriodElapsedCallback  interrupt_callback.o
    0x08004610   0x08004610   0x00000054   Code   RO         2067    i.HAL_TIM_ReadCapturedValue  stm32f4xx_hal_tim.o
    0x08004664   0x08004664   0x00000002   Code   RO         2070    i.HAL_TIM_TriggerCallback  stm32f4xx_hal_tim.o
    0x08004666   0x08004666   0x00000002   PAD
    0x08004668   0x08004668   0x000000e8   Code   RO          299    i.HAL_UART_ErrorCallback  interrupt_callback.o
    0x08004750   0x08004750   0x0000014c   Code   RO         2889    i.HAL_UART_IRQHandler  stm32f4xx_hal_uart.o
    0x0800489c   0x0800489c   0x00000072   Code   RO         2890    i.HAL_UART_Init     stm32f4xx_hal_uart.o
    0x0800490e   0x0800490e   0x00000002   PAD
    0x08004910   0x08004910   0x00000224   Code   RO         1120    i.HAL_UART_MspInit  usart.o
    0x08004b34   0x08004b34   0x0000004e   Code   RO         2895    i.HAL_UART_Receive_IT  stm32f4xx_hal_uart.o
    0x08004b82   0x08004b82   0x00000002   PAD
    0x08004b84   0x08004b84   0x000003b4   Code   RO          300    i.HAL_UART_RxCpltCallback  interrupt_callback.o
    0x08004f38   0x08004f38   0x000000c0   Code   RO         2898    i.HAL_UART_Transmit  stm32f4xx_hal_uart.o
    0x08004ff8   0x08004ff8   0x00000002   Code   RO         2901    i.HAL_UART_TxCpltCallback  stm32f4xx_hal_uart.o
    0x08004ffa   0x08004ffa   0x00000004   Code   RO         1213    i.HardFault_Handler  stm32f4xx_it.o
    0x08004ffe   0x08004ffe   0x00000002   PAD
    0x08005000   0x08005000   0x0000004c   Code   RO          487    i.IMU_Init          mpu6050.o
    0x0800504c   0x0800504c   0x00000034   Code   RO          556    i.LCD_Clear         lcd.o
    0x08005080   0x08005080   0x00000160   Code   RO          560    i.LCD_Display_Dir   lcd.o
    0x080051e0   0x080051e0   0x0000010c   Code   RO          565    i.LCD_Fast_DrawPoint  lcd.o
    0x080052ec   0x080052ec   0x00000f9c   Code   RO          567    i.LCD_Init          lcd.o
    0x08006288   0x08006288   0x00000016   Code   RO          568    i.LCD_Pow           lcd.o
    0x0800629e   0x0800629e   0x00000002   PAD
    0x080062a0   0x080062a0   0x00000018   Code   RO          569    i.LCD_RD_DATA       lcd.o
    0x080062b8   0x080062b8   0x00000274   Code   RO          573    i.LCD_Scan_Dir      lcd.o
    0x0800652c   0x0800652c   0x00000138   Code   RO          574    i.LCD_SetCursor     lcd.o
    0x08006664   0x08006664   0x0000013c   Code   RO          576    i.LCD_ShowChar      lcd.o
    0x080067a0   0x080067a0   0x00000094   Code   RO          577    i.LCD_ShowNum       lcd.o
    0x08006834   0x08006834   0x00000066   Code   RO          578    i.LCD_ShowString    lcd.o
    0x0800689a   0x0800689a   0x00000002   PAD
    0x0800689c   0x0800689c   0x000000d0   Code   RO          579    i.LCD_Show_Obo      lcd.o
    0x0800696c   0x0800696c   0x00000244   Code   RO          580    i.LCD_Show_Title    lcd.o
    0x08006bb0   0x08006bb0   0x00000208   Code   RO          581    i.LCD_Show_V        lcd.o
    0x08006db8   0x08006db8   0x0000017c   Code   RO          582    i.LCD_Show_getspeed  lcd.o
    0x08006f34   0x08006f34   0x00000208   Code   RO          583    i.LCD_Show_position  lcd.o
    0x0800713c   0x0800713c   0x00000154   Code   RO          584    i.LCD_Show_setspeed  lcd.o
    0x08007290   0x08007290   0x000000be   Code   RO          585    i.LCD_ShowxNum      lcd.o
    0x0800734e   0x0800734e   0x00000002   PAD
    0x08007350   0x08007350   0x00000018   Code   RO          586    i.LCD_WR_DATA       lcd.o
    0x08007368   0x08007368   0x00000018   Code   RO          587    i.LCD_WR_REG        lcd.o
    0x08007380   0x08007380   0x00000014   Code   RO          589    i.LCD_WriteRAM_Prepare  lcd.o
    0x08007394   0x08007394   0x00000014   Code   RO          590    i.LCD_WriteReg      lcd.o
    0x080073a8   0x080073a8   0x00000048   Code   RO          925    i.MX_CAN1_Init      can.o
    0x080073f0   0x080073f0   0x00000094   Code   RO          985    i.MX_FSMC_Init      fsmc.o
    0x08007484   0x08007484   0x000001c0   Code   RO          896    i.MX_GPIO_Init      gpio.o
    0x08007644   0x08007644   0x000000a0   Code   RO         1039    i.MX_TIM1_Init      tim.o
    0x080076e4   0x080076e4   0x0000007c   Code   RO         1040    i.MX_TIM2_Init      tim.o
    0x08007760   0x08007760   0x00000080   Code   RO         1041    i.MX_TIM4_Init      tim.o
    0x080077e0   0x080077e0   0x0000006c   Code   RO         1042    i.MX_TIM5_Init      tim.o
    0x0800784c   0x0800784c   0x00000098   Code   RO         1043    i.MX_TIM9_Init      tim.o
    0x080078e4   0x080078e4   0x00000038   Code   RO         1121    i.MX_UART4_Init     usart.o
    0x0800791c   0x0800791c   0x00000038   Code   RO         1122    i.MX_USART1_UART_Init  usart.o
    0x08007954   0x08007954   0x00000038   Code   RO         1123    i.MX_USART2_UART_Init  usart.o
    0x0800798c   0x0800798c   0x00000038   Code   RO         1124    i.MX_USART3_UART_Init  usart.o
    0x080079c4   0x080079c4   0x00000004   Code   RO         1214    i.MemManage_Handler  stm32f4xx_it.o
    0x080079c8   0x080079c8   0x00000354   Code   RO         1376    i.MoveOfFindingBallByRadar  find_ball.o
    0x08007d1c   0x08007d1c   0x00000128   Code   RO         1377    i.MoveOfFindingBallByVision  find_ball.o
    0x08007e44   0x08007e44   0x00000002   Code   RO         1215    i.NMI_Handler       stm32f4xx_it.o
    0x08007e46   0x08007e46   0x00000002   PAD
    0x08007e48   0x08007e48   0x00000010   Code   RO         3998    i.NVIC_GetPriorityGrouping  stm32f4xx_hal_cortex.o
    0x08007e58   0x08007e58   0x00000028   Code   RO         3999    i.NVIC_SetPriority  stm32f4xx_hal_cortex.o
    0x08007e80   0x08007e80   0x00000214   Code   RO          365    i.PID_Calc          pid.o
    0x08008094   0x08008094   0x00000048   Code   RO          366    i.PID_Init          pid.o
    0x080080dc   0x080080dc   0x00000002   Code   RO         1216    i.PendSV_Handler    stm32f4xx_it.o
    0x080080de   0x080080de   0x00000002   PAD
    0x080080e0   0x080080e0   0x00000030   Code   RO          422    i.ReadEncoder       get_info.o
    0x08008110   0x08008110   0x000004a6   Code   RO          810    i.Remote_Control    remote.o
    0x080085b6   0x080085b6   0x00000002   PAD
    0x080085b8   0x080085b8   0x0000007c   Code   RO          811    i.Remote_Scan       remote.o
    0x08008634   0x08008634   0x0000050c   Code   RO           20    i.RobotGoAvoidance  control.o
    0x08008b40   0x08008b40   0x0000019c   Code   RO           21    i.RobotGoTo         control.o
    0x08008cdc   0x08008cdc   0x000000d4   Code   RO           23    i.RobotRotate       control.o
    0x08008db0   0x08008db0   0x00000044   Code   RO           24    i.Robot_ArmDown     control.o
    0x08008df4   0x08008df4   0x00000044   Code   RO           25    i.Robot_ArmUp       control.o
    0x08008e38   0x08008e38   0x000001fc   Code   RO         1378    i.RotateOnItsOwnAxis  find_ball.o
    0x08009034   0x08009034   0x00000002   Code   RO         1217    i.SVC_Handler       stm32f4xx_it.o
    0x08009036   0x08009036   0x00000002   PAD
    0x08009038   0x08009038   0x00000044   Code   RO           26    i.Set_MotorSpeed    control.o
    0x0800907c   0x0800907c   0x00000048   Code   RO           28    i.ShoveMotor        control.o
    0x080090c4   0x080090c4   0x00000008   Code   RO         1218    i.SysTick_Handler   stm32f4xx_it.o
    0x080090cc   0x080090cc   0x000000b4   Code   RO          852    i.SystemClock_Config  main.o
    0x08009180   0x08009180   0x00000064   Code   RO         4292    i.SystemInit        system_stm32f4xx.o
    0x080091e4   0x080091e4   0x00000010   Code   RO         1219    i.TIM1_CC_IRQHandler  stm32f4xx_it.o
    0x080091f4   0x080091f4   0x00000010   Code   RO         1220    i.TIM1_UP_TIM10_IRQHandler  stm32f4xx_it.o
    0x08009204   0x08009204   0x00000010   Code   RO         1221    i.TIM5_IRQHandler   stm32f4xx_it.o
    0x08009214   0x08009214   0x000000e4   Code   RO         2071    i.TIM_Base_SetConfig  stm32f4xx_hal_tim.o
    0x080092f8   0x080092f8   0x0000001c   Code   RO         2072    i.TIM_CCxChannelCmd  stm32f4xx_hal_tim.o
    0x08009314   0x08009314   0x00000018   Code   RO         2078    i.TIM_ETR_SetConfig  stm32f4xx_hal_tim.o
    0x0800932c   0x0800932c   0x00000014   Code   RO         2079    i.TIM_ITRx_SetConfig  stm32f4xx_hal_tim.o
    0x08009340   0x08009340   0x00000070   Code   RO         2080    i.TIM_OC1_SetConfig  stm32f4xx_hal_tim.o
    0x080093b0   0x080093b0   0x00000078   Code   RO         2081    i.TIM_OC2_SetConfig  stm32f4xx_hal_tim.o
    0x08009428   0x08009428   0x00000078   Code   RO         2082    i.TIM_OC3_SetConfig  stm32f4xx_hal_tim.o
    0x080094a0   0x080094a0   0x00000060   Code   RO         2083    i.TIM_OC4_SetConfig  stm32f4xx_hal_tim.o
    0x08009500   0x08009500   0x0000002a   Code   RO         2085    i.TIM_TI1_ConfigInputStage  stm32f4xx_hal_tim.o
    0x0800952a   0x0800952a   0x00000002   PAD
    0x0800952c   0x0800952c   0x00000098   Code   RO         2086    i.TIM_TI1_SetConfig  stm32f4xx_hal_tim.o
    0x080095c4   0x080095c4   0x0000002c   Code   RO         2087    i.TIM_TI2_ConfigInputStage  stm32f4xx_hal_tim.o
    0x080095f0   0x080095f0   0x0000003e   Code   RO         2088    i.TIM_TI2_SetConfig  stm32f4xx_hal_tim.o
    0x0800962e   0x0800962e   0x0000003c   Code   RO         2089    i.TIM_TI3_SetConfig  stm32f4xx_hal_tim.o
    0x0800966a   0x0800966a   0x00000040   Code   RO         2090    i.TIM_TI4_SetConfig  stm32f4xx_hal_tim.o
    0x080096aa   0x080096aa   0x00000002   PAD
    0x080096ac   0x080096ac   0x0000002c   Code   RO         1222    i.UART4_IRQHandler  stm32f4xx_it.o
    0x080096d8   0x080096d8   0x00000014   Code   RO         2903    i.UART_DMAAbortOnError  stm32f4xx_hal_uart.o
    0x080096ec   0x080096ec   0x00000020   Code   RO         2913    i.UART_EndRxTransfer  stm32f4xx_hal_uart.o
    0x0800970c   0x0800970c   0x00000020   Code   RO         2914    i.UART_EndTransmit_IT  stm32f4xx_hal_uart.o
    0x0800972c   0x0800972c   0x0000009a   Code   RO         2916    i.UART_Receive_IT   stm32f4xx_hal_uart.o
    0x080097c6   0x080097c6   0x00000002   PAD
    0x080097c8   0x080097c8   0x00000368   Code   RO         2917    i.UART_SetConfig    stm32f4xx_hal_uart.o
    0x08009b30   0x08009b30   0x00000068   Code   RO         2918    i.UART_Transmit_IT  stm32f4xx_hal_uart.o
    0x08009b98   0x08009b98   0x0000006c   Code   RO         2919    i.UART_WaitOnFlagUntilTimeout  stm32f4xx_hal_uart.o
    0x08009c04   0x08009c04   0x0000001c   Code   RO         1223    i.USART1_IRQHandler  stm32f4xx_it.o
    0x08009c20   0x08009c20   0x0000001c   Code   RO         1224    i.USART2_IRQHandler  stm32f4xx_it.o
    0x08009c3c   0x08009c3c   0x0000001c   Code   RO         1225    i.USART3_IRQHandler  stm32f4xx_it.o
    0x08009c58   0x08009c58   0x0000004c   Code   RO           29    i.Up_ShotBall       control.o
    0x08009ca4   0x08009ca4   0x00000004   Code   RO         1226    i.UsageFault_Handler  stm32f4xx_it.o
    0x08009ca8   0x08009ca8   0x00000030   Code   RO         4473    i.__ARM_fpclassify  m_wm.l(fpclassify.o)
    0x08009cd8   0x08009cd8   0x000000c8   Code   RO         4337    i.__hardfp_cos      m_wm.l(cos.o)
    0x08009da0   0x08009da0   0x00000014   Code   RO         4349    i.__hardfp_fabs     m_wm.l(fabs.o)
    0x08009db4   0x08009db4   0x00000004   PAD
    0x08009db8   0x08009db8   0x000000c8   Code   RO         4355    i.__hardfp_sin      m_wm.l(sin.o)
    0x08009e80   0x08009e80   0x00000438   Code   RO         4430    i.__ieee754_rem_pio2  m_wm.l(rred.o)
    0x0800a2b8   0x0800a2b8   0x00000170   Code   RO         4412    i.__kernel_cos      m_wm.l(cos_i.o)
    0x0800a428   0x0800a428   0x000000f8   Code   RO         4475    i.__kernel_poly     m_wm.l(poly.o)
    0x0800a520   0x0800a520   0x00000130   Code   RO         4435    i.__kernel_sin      m_wm.l(sin_i.o)
    0x0800a650   0x0800a650   0x00000014   Code   RO         4416    i.__mathlib_dbl_infnan  m_wm.l(dunder.o)
    0x0800a664   0x0800a664   0x00000004   PAD
    0x0800a668   0x0800a668   0x00000020   Code   RO         4418    i.__mathlib_dbl_invalid  m_wm.l(dunder.o)
    0x0800a688   0x0800a688   0x00000020   Code   RO         4421    i.__mathlib_dbl_underflow  m_wm.l(dunder.o)
    0x0800a6a8   0x0800a6a8   0x0000000e   Code   RO         4481    i.__scatterload_copy  mc_w.l(handlers.o)
    0x0800a6b6   0x0800a6b6   0x00000002   Code   RO         4482    i.__scatterload_null  mc_w.l(handlers.o)
    0x0800a6b8   0x0800a6b8   0x0000000e   Code   RO         4483    i.__scatterload_zeroinit  mc_w.l(handlers.o)
    0x0800a6c6   0x0800a6c6   0x00000002   PAD
    0x0800a6c8   0x0800a6c8   0x0000000c   Code   RO         4463    i.__set_errno       mc_w.l(errno.o)
    0x0800a6d4   0x0800a6d4   0x0000002e   Code   RO          367    i.abs_limit         pid.o
    0x0800a702   0x0800a702   0x00000002   PAD
    0x0800a704   0x0800a704   0x00000138   Code   RO           30    i.adjustAngleVw_PD  control.o
    0x0800a83c   0x0800a83c   0x00000244   Code   RO           31    i.adjustVx_PD       control.o
    0x0800aa80   0x0800aa80   0x00000244   Code   RO           32    i.adjustVy_PD       control.o
    0x0800acc4   0x0800acc4   0x0000003c   Code   RO          511    i.delay_init        delay.o
    0x0800ad00   0x0800ad00   0x00000038   Code   RO          512    i.delay_ms          delay.o
    0x0800ad38   0x0800ad38   0x0000004c   Code   RO          513    i.delay_us          delay.o
    0x0800ad84   0x0800ad84   0x0000004c   Code   RO          514    i.delay_xms         delay.o
    0x0800add0   0x0800add0   0x00000018   Code   RO         4351    i.fabs              m_wm.l(fabs.o)
    0x0800ade8   0x0800ade8   0x00000bdc   Code   RO          853    i.main              main.o
    0x0800b9c4   0x0800b9c4   0x00000014   Code   RO          369    i.pid_param_init    pid.o
    0x0800b9d8   0x0800b9d8   0x00004740   Data   RO          593    .constdata          lcd.o
    0x08010118   0x08010118   0x00000018   Data   RO         4293    .constdata          system_stm32f4xx.o
    0x08010130   0x08010130   0x00000030   Data   RO         4413    .constdata          m_wm.l(cos_i.o)
    0x08010160   0x08010160   0x000000c8   Data   RO         4432    .constdata          m_wm.l(rred.o)
    0x08010228   0x08010228   0x00000028   Data   RO         4436    .constdata          m_wm.l(sin_i.o)
    0x08010250   0x08010250   0x00000020   Data   RO         4479    Region$$Table       anon$$obj.o


    Execution Region RW_IRAM1 (Exec base: 0x20000000, Load base: 0x08010270, Size: 0x00000fa8, Max: 0x00020000, ABSOLUTE)

    Exec Addr    Load Addr    Size         Type   Attr      Idx    E Section Name        Object

    0x20000000   0x08010270   0x00000010   Data   RW           34    .data               control.o
    0x20000010   0x08010280   0x00000024   Data   RW          301    .data               interrupt_callback.o
    0x20000034   0x080102a4   0x00000020   Data   RW          426    .data               get_info.o
    0x20000054   0x080102c4   0x00000004   Data   RW          515    .data               delay.o
    0x20000058   0x080102c8   0x00000008   Data   RW          594    .data               lcd.o
    0x20000060   0x080102d0   0x00000009   Data   RW          812    .data               remote.o
    0x20000069   0x080102d9   0x00000006   Data   RW          854    .data               main.o
    0x2000006f   0x080102df   0x00000001   PAD
    0x20000070   0x080102e0   0x00000014   Data   RW          927    .data               can.o
    0x20000084   0x080102f4   0x00000008   Data   RW          987    .data               fsmc.o
    0x2000008c   0x080102fc   0x0000000b   Data   RW         1130    .data               usart.o
    0x20000097   0x08010307   0x00000001   PAD
    0x20000098   0x08010308   0x0000000c   Data   RW         1379    .data               find_ball.o
    0x200000a4   0x08010314   0x00000009   Data   RW         4145    .data               stm32f4xx_hal.o
    0x200000ad   0x0801031d   0x00000003   PAD
    0x200000b0   0x08010320   0x00000004   Data   RW         4294    .data               system_stm32f4xx.o
    0x200000b4   0x08010324   0x00000004   Data   RW         4464    .data               mc_w.l(errno.o)
    0x200000b8        -       0x00000478   Zero   RW           33    .bss                control.o
    0x20000530        -       0x0000005e   Zero   RW          592    .bss                lcd.o
    0x2000058e   0x08010328   0x00000002   PAD
    0x20000590        -       0x0000005c   Zero   RW          926    .bss                can.o
    0x200005ec        -       0x00000050   Zero   RW          986    .bss                fsmc.o
    0x2000063c        -       0x0000012c   Zero   RW         1044    .bss                tim.o
    0x20000768        -       0x00000440   Zero   RW         1129    .bss                usart.o
    0x20000ba8        -       0x00000400   Zero   RW            1    STACK               startup_stm32f407xx.o


==============================================================================

Image component sizes


      Code (inc. data)   RO Data    RW Data    ZI Data      Debug   Object Name

       620         48          0         20         92       4035   can.o
      4904        402          0         16       1144     716284   control.o
       268         18          0          4          0       2627   delay.o
      5686        426          0         12          0      11619   find_ball.o
       358         34          0          8         80       2567   fsmc.o
      1384        182          0         32          0       3847   get_info.o
       448         30          0          0          0       1291   gpio.o
      1860        174          0         36          0       5343   interrupt_callback.o
      9046        298      18240          8         94      20144   lcd.o
      3218        328          0          6          0       4081   main.o
        76         22          0          0          0        571   mpu6050.o
       670         10          0          0          0       8366   pid.o
      1314        168          0          9          0       2019   remote.o
        36          8        392          0       1024        884   startup_stm32f407xx.o
       172         32          0          9          0       4217   stm32f4xx_hal.o
      2110          4          0          0          0      15075   stm32f4xx_hal_can.o
       338         22          0          0          0      31905   stm32f4xx_hal_cortex.o
        40          0          0          0          0       1227   stm32f4xx_hal_dma.o
       524         46          0          0          0       2464   stm32f4xx_hal_gpio.o
        80          6          0          0          0        934   stm32f4xx_hal_msp.o
      1732         84          0          0          0       5876   stm32f4xx_hal_rcc.o
        88          0          0          0          0       1300   stm32f4xx_hal_sram.o
      3094        118          0          0          0      25514   stm32f4xx_hal_tim.o
       102          0          0          0          0       2534   stm32f4xx_hal_tim_ex.o
      2040         14          0          0          0       9950   stm32f4xx_hal_uart.o
       224         56          0          0          0       8937   stm32f4xx_it.o
       232         10          0          0          0       2923   stm32f4xx_ll_fsmc.o
       100         18         24          4          0       1299   system_stm32f4xx.o
      1292         92          0          0        300       6546   tim.o
       772         74          0         11       1088       4655   usart.o

    ----------------------------------------------------------------------
     42872       2724      18688        180       3824     909034   Object Totals
         0          0         32          0          0          0   (incl. Generated)
        44          0          0          5          2          0   (incl. Padding)

    ----------------------------------------------------------------------

      Code (inc. data)   RO Data    RW Data    ZI Data      Debug   Library Member Name

       200         20          0          0          0        164   cos.o
       368         46         48          0          0        200   cos_i.o
        84         16          0          0          0        372   dunder.o
        44          0          0          0          0        248   fabs.o
        48          0          0          0          0        124   fpclassify.o
       248          0          0          0          0        152   poly.o
      1080        142        200          0          0        188   rred.o
       200         20          0          0          0        164   sin.o
       304         24         40          0          0        208   sin_i.o
         0          0          0          0          0          0   entry.o
         0          0          0          0          0          0   entry10a.o
         0          0          0          0          0          0   entry11a.o
         8          4          0          0          0          0   entry2.o
         4          0          0          0          0          0   entry5.o
         0          0          0          0          0          0   entry7b.o
         0          0          0          0          0          0   entry8b.o
         8          4          0          0          0          0   entry9a.o
        12          6          0          4          0         68   errno.o
        30          0          0          0          0          0   handlers.o
        36          8          0          0          0         68   init.o
         0          0          0          0          0          0   iusefp.o
        30          0          0          0          0         68   llshl.o
        36          0          0          0          0         68   llsshr.o
        32          0          0          0          0         68   llushr.o
        36          0          0          0          0        108   memseta.o
        98          0          0          0          0         92   uldiv.o
        48          0          0          0          0         68   cdcmple.o
        48          0          0          0          0         68   cdrcmple.o
        56          0          0          0          0         88   d2f.o
       334          0          0          0          0        148   dadd.o
       222          0          0          0          0        100   ddiv.o
       186          0          0          0          0        176   depilogue.o
        62          0          0          0          0         80   dfixi.o
        34          0          0          0          0         76   dflti.o
        26          0          0          0          0         76   dfltui.o
       228          0          0          0          0         96   dmul.o
        38          0          0          0          0         68   f2d.o
       110          0          0          0          0        168   fepilogue.o

    ----------------------------------------------------------------------
      4312        290        288          4          0       3572   Library Totals
        14          0          0          0          0          0   (incl. Padding)

    ----------------------------------------------------------------------

      Code (inc. data)   RO Data    RW Data    ZI Data      Debug   Library Name

      2576        268        288          0          0       1820   m_wm.l
       330         22          0          4          0        540   mc_w.l
      1392          0          0          0          0       1212   mf_w.l

    ----------------------------------------------------------------------
      4312        290        288          4          0       3572   Library Totals

    ----------------------------------------------------------------------

==============================================================================


      Code (inc. data)   RO Data    RW Data    ZI Data      Debug   

     47184       3014      18976        184       3824     890978   Grand Totals
     47184       3014      18976        184       3824     890978   ELF Image Totals
     47184       3014      18976        184          0          0   ROM Totals

==============================================================================

    Total RO  Size (Code + RO Data)                66160 (  64.61kB)
    Total RW  Size (RW Data + ZI Data)              4008 (   3.91kB)
    Total ROM Size (Code + RO Data + RW Data)      66344 (  64.79kB)

==============================================================================

